Component: ARM Compiler 5.05 update 1 (build 106) Tool: armlink [4d0efa]

==============================================================================

Section Cross References

    main.o(.text) refers to delay.o(.text) for delay_init
    main.o(.text) refers to misc.o(.text) for NVIC_PriorityGroupConfig
    main.o(.text) refers to run.o(.text) for Run
    system_stm32f4xx.o(.text) refers to system_stm32f4xx.o(.data) for SystemCoreClock
    run.o(.text) refers to chassis.o(.text) for chassis_Init
    run.o(.text) refers to delay.o(.text) for delay_ms
    run.o(.text) refers to arm.o(.text) for arm_Init
    run.o(.text) refers to tim.o(.text) for TIMM7_Open
    run.o(.text) refers to exti.o(.text) for PE_EXTI_Open
    run.o(.text) refers to gray.o(.text) for get_cross_flag
    run.o(.text) refers to motor.o(.text) for Car_stop
    run.o(.text) refers to dflti.o(.text) for __aeabi_i2d
    run.o(.text) refers to dmul.o(.text) for __aeabi_dmul
    run.o(.text) refers to dfixi.o(.text) for __aeabi_d2iz
    run.o(.text) refers to dadd.o(.text) for __aeabi_drsub
    run.o(.text) refers to bluetooth.o(.data) for bluetooth_receive_flag
    run.o(.text) refers to run.o(.data) for region
    run.o(.text) refers to gray.o(.data) for cross_cnt
    run.o(.text) refers to gyro.o(.data) for target_Yaw
    run.o(.text) refers to chassis.o(.data) for rotate_arrive
    run.o(.text) refers to lidar.o(.data) for lidar_right
    run.o(.data) refers to run.o(.text) for data_check
    startup_stm32f40_41xxx.o(RESET) refers to startup_stm32f40_41xxx.o(STACK) for __initial_sp
    startup_stm32f40_41xxx.o(RESET) refers to startup_stm32f40_41xxx.o(.text) for Reset_Handler
    startup_stm32f40_41xxx.o(RESET) refers to stm32f4xx_it.o(.text) for NMI_Handler
    startup_stm32f40_41xxx.o(RESET) refers to dma.o(.text) for DMA1_Stream0_IRQHandler
    startup_stm32f40_41xxx.o(RESET) refers to tim.o(.text) for TIM2_IRQHandler
    startup_stm32f40_41xxx.o(RESET) refers to bluetooth.o(.text) for USART1_IRQHandler
    startup_stm32f40_41xxx.o(RESET) refers to lidar.o(.text) for USART2_IRQHandler
    startup_stm32f40_41xxx.o(RESET) refers to openmv.o(.text) for USART3_IRQHandler
    startup_stm32f40_41xxx.o(RESET) refers to exti.o(.text) for EXTI15_10_IRQHandler
    startup_stm32f40_41xxx.o(RESET) refers to chassis.o(.text) for TIM7_IRQHandler
    startup_stm32f40_41xxx.o(.text) refers to system_stm32f4xx.o(.text) for SystemInit
    startup_stm32f40_41xxx.o(.text) refers to entry.o(.ARM.Collect$$$$00000000) for __main
    stm32f4xx_adc.o(.text) refers to stm32f4xx_rcc.o(.text) for RCC_APB2PeriphResetCmd
    stm32f4xx_can.o(.text) refers to stm32f4xx_rcc.o(.text) for RCC_APB1PeriphResetCmd
    stm32f4xx_cryp.o(.text) refers to stm32f4xx_rcc.o(.text) for RCC_AHB2PeriphResetCmd
    stm32f4xx_cryp_aes.o(.text) refers to stm32f4xx_cryp.o(.text) for CRYP_KeyStructInit
    stm32f4xx_cryp_des.o(.text) refers to stm32f4xx_cryp.o(.text) for CRYP_KeyStructInit
    stm32f4xx_cryp_tdes.o(.text) refers to stm32f4xx_cryp.o(.text) for CRYP_KeyStructInit
    stm32f4xx_dac.o(.text) refers to stm32f4xx_rcc.o(.text) for RCC_APB1PeriphResetCmd
    stm32f4xx_dma2d.o(.text) refers to stm32f4xx_rcc.o(.text) for RCC_AHB1PeriphResetCmd
    stm32f4xx_fsmc.o(.text) refers to stm32f4xx_fsmc.o(.constdata) for FSMC_DefaultTimingStruct
    stm32f4xx_gpio.o(.text) refers to stm32f4xx_rcc.o(.text) for RCC_AHB1PeriphResetCmd
    stm32f4xx_hash.o(.text) refers to stm32f4xx_rcc.o(.text) for RCC_AHB2PeriphResetCmd
    stm32f4xx_hash_md5.o(.text) refers to stm32f4xx_hash.o(.text) for HASH_DeInit
    stm32f4xx_hash_sha1.o(.text) refers to stm32f4xx_hash.o(.text) for HASH_DeInit
    stm32f4xx_i2c.o(.text) refers to stm32f4xx_rcc.o(.text) for RCC_APB1PeriphResetCmd
    stm32f4xx_ltdc.o(.text) refers to stm32f4xx_rcc.o(.text) for RCC_APB2PeriphResetCmd
    stm32f4xx_pwr.o(.text) refers to stm32f4xx_rcc.o(.text) for RCC_APB1PeriphResetCmd
    stm32f4xx_rcc.o(.text) refers to stm32f4xx_rcc.o(.data) for APBAHBPrescTable
    stm32f4xx_rng.o(.text) refers to stm32f4xx_rcc.o(.text) for RCC_AHB2PeriphResetCmd
    stm32f4xx_sai.o(.text) refers to stm32f4xx_rcc.o(.text) for RCC_APB2PeriphResetCmd
    stm32f4xx_sdio.o(.text) refers to stm32f4xx_rcc.o(.text) for RCC_APB2PeriphResetCmd
    stm32f4xx_spi.o(.text) refers to stm32f4xx_rcc.o(.text) for RCC_APB2PeriphResetCmd
    stm32f4xx_syscfg.o(.text) refers to stm32f4xx_rcc.o(.text) for RCC_APB2PeriphResetCmd
    stm32f4xx_tim.o(.text) refers to stm32f4xx_rcc.o(.text) for RCC_APB2PeriphResetCmd
    stm32f4xx_usart.o(.text) refers to stm32f4xx_rcc.o(.text) for RCC_APB2PeriphResetCmd
    stm32f4xx_wwdg.o(.text) refers to stm32f4xx_rcc.o(.text) for RCC_APB1PeriphResetCmd
    delay.o(.text) refers to misc.o(.text) for SysTick_CLKSourceConfig
    delay.o(.text) refers to delay.o(.data) for fac_us
    tim.o(.text) refers to stm32f4xx_rcc.o(.text) for RCC_APB1PeriphClockCmd
    tim.o(.text) refers to stm32f4xx_tim.o(.text) for TIM_TimeBaseInit
[...]
    stm32f4xx_it.c                           0x00000000   Number         0  stm32f4xx_it.o ABSOLUTE
    system_stm32f4xx.c                       0x00000000   Number         0  system_stm32f4xx.o ABSOLUTE
    system_stm32f4xx.c                       0x00000000   Number         0  system_stm32f4xx.o ABSOLUTE
    RESET                                    0x08000000   Section      392  startup_stm32f40_41xxx.o(RESET)
    .ARM.Collect$$$$00000000                 0x08000188   Section        0  entry.o(.ARM.Collect$$$$00000000)
    .ARM.Collect$$$$00000001                 0x08000188   Section        4  entry2.o(.ARM.Collect$$$$00000001)
    .ARM.Collect$$$$00000004                 0x0800018c   Section        4  entry5.o(.ARM.Collect$$$$00000004)
    .ARM.Collect$$$$00000008                 0x08000190   Section        0  entry7b.o(.ARM.Collect$$$$00000008)
    .ARM.Collect$$$$0000000A                 0x08000190   Section        0  entry8b.o(.ARM.Collect$$$$0000000A)
    .ARM.Collect$$$$0000000B                 0x08000190   Section        8  entry9a.o(.ARM.Collect$$$$0000000B)
    .ARM.Collect$$$$0000000D                 0x08000198   Section        0  entry10a.o(.ARM.Collect$$$$0000000D)
    .ARM.Collect$$$$0000000F                 0x08000198   Section        0  entry11a.o(.ARM.Collect$$$$0000000F)
    .ARM.Collect$$$$00002712                 0x08000198   Section        4  entry2.o(.ARM.Collect$$$$00002712)
    __lit__00000000                          0x08000198   Data           4  entry2.o(.ARM.Collect$$$$00002712)
    .text                                    0x0800019c   Section        0  main.o(.text)
    .text                                    0x080001b8   Section        0  stm32f4xx_it.o(.text)
    .text                                    0x080001d4   Section        0  system_stm32f4xx.o(.text)
    SetSysClock                              0x080001d5   Thumb Code   220  system_stm32f4xx.o(.text)
    .text                                    0x080003e4   Section        0  run.o(.text)
    .text                                    0x08000800   Section       36  startup_stm32f40_41xxx.o(.text)
    $v0                                      0x08000800   Number         0  startup_stm32f40_41xxx.o(.text)
    .text                                    0x08000824   Section        0  misc.o(.text)
    .text                                    0x08000904   Section        0  stm32f4xx_dma.o(.text)
    .text                                    0x08000cac   Section        0  stm32f4xx_exti.o(.text)
    .text                                    0x08000dbc   Section        0  stm32f4xx_fsmc.o(.text)
    .text                                    0x08001384   Section        0  stm32f4xx_gpio.o(.text)
    .text                                    0x08001618   Section        0  stm32f4xx_rcc.o(.text)
    .text                                    0x08001c74   Section        0  stm32f4xx_syscfg.o(.text)
    .text                                    0x08001d08   Section        0  stm32f4xx_tim.o(.text)
    TI4_Config                               0x080024a7   Thumb Code    80  stm32f4xx_tim.o(.text)
    TI3_Config                               0x08002509   Thumb Code    72  stm32f4xx_tim.o(.text)
    TI2_Config                               0x0800256b   Thumb Code    90  stm32f4xx_tim.o(.text)
    TI1_Config                               0x080025d7   Thumb Code    58  stm32f4xx_tim.o(.text)
    .text                                    0x080029ac   Section        0  stm32f4xx_usart.o(.text)
    .text                                    0x08002e00   Section        0  delay.o(.text)
    .text                                    0x08002f04   Section        0  tim.o(.text)
    .text                                    0x0800336c   Section        0  gpio.o(.text)
    .text                                    0x08003608   Section        0  usart.o(.text)
    .text                                    0x08003a58   Section        0  exti.o(.text)
    .text                                    0x08003be8   Section        0  dma.o(.text)
    .text                                    0x08003ec0   Section        0  motor.o(.text)
    .text                                    0x08004030   Section        0  encoder.o(.text)
    .text                                    0x0800407c   Section        0  gray.o(.text)
    .text                                    0x0800425c   Section        0  gyro.o(.text)
    .text                                    0x080049cc   Section        0  servo.o(.text)
    .text                                    0x08004b2c   Section        0  bluetooth.o(.text)
    .text                                    0x08004c84   Section        0  lidar.o(.text)
    .text                                    0x08004ed0   Section        0  lcd.o(.text)
    .text                                    0x08008940   Section        0  mp3.o(.text)
    .text                                    0x08008a48   Section        0  openmv.o(.text)
    .text                                    0x08008c08   Section        0  pid.o(.text)
    .text                                    0x08008f60   Section        0  chassis.o(.text)
    .text                                    0x08009428   Section        0  arm.o(.text)
    .text                                    0x08009a04   Section        0  memcpya.o(.text)
    .text                                    0x08009a28   Section        0  dadd.o(.text)
    .text                                    0x08009b76   Section        0  dmul.o(.text)
    .text                                    0x08009c5a   Section        0  ddiv.o(.text)
    .text                                    0x08009d38   Section        0  ffltl.o(.text)
    .text                                    0x08009d64   Section        0  dflti.o(.text)
    .text                                    0x08009d86   Section        0  dfltui.o(.text)
    .text                                    0x08009da0   Section        0  dfixi.o(.text)
    .text                                    0x08009dde   Section        0  dfixui.o(.text)
    .text                                    0x08009e10   Section        0  f2d.o(.text)
    .text                                    0x08009e38   Section       48  cdcmple.o(.text)
    .text                                    0x08009e68   Section       48  cdrcmple.o(.text)
    .text                                    0x08009e98   Section        0  d2f.o(.text)
    .text                                    0x08009ed0   Section        0  llshl.o(.text)
    .text                                    0x08009eee   Section        0  llushr.o(.text)
    .text                                    0x08009f0e   Section        0  llsshr.o(.text)
    .text                                    0x08009f32   Section        0  fepilogue.o(.text)
    .text                                    0x08009f32   Section        0  iusefp.o(.text)
    .text                                    0x08009fa0   Section        0  depilogue.o(.text)
    .text                                    0x0800a05a   Section        0  dscalb.o(.text)
    .text                                    0x0800a088   Section       36  init.o(.text)
    .text                                    0x0800a0ac   Section        0  dsqrt.o(.text)
    .text                                    0x0800a14e   Section        0  __dczerorl2.o(.text)
    i.__ARM_fpclassify                       0x0800a1a4   Section        0  fpclassify.o(i.__ARM_fpclassify)
    i.__hardfp_fabs                          0x0800a1d4   Section        0  fabs.o(i.__hardfp_fabs)
    i.__hardfp_pow                           0x0800a1e8   Section        0  pow.o(i.__hardfp_pow)
    i.__kernel_poly                          0x0800ae20   Section        0  poly.o(i.__kernel_poly)
    i.__mathlib_dbl_divzero                  0x0800af18   Section        0  dunder.o(i.__mathlib_dbl_divzero)
    i.__mathlib_dbl_infnan2                  0x0800af48   Section        0  dunder.o(i.__mathlib_dbl_infnan2)
    i.__mathlib_dbl_invalid                  0x0800af60   Section        0  dunder.o(i.__mathlib_dbl_invalid)
    i.__mathlib_dbl_overflow                 0x0800af80   Section        0  dunder.o(i.__mathlib_dbl_overflow)
    i.__mathlib_dbl_underflow                0x0800afa0   Section        0  dunder.o(i.__mathlib_dbl_underflow)
    i.__scatterload_copy                     0x0800afc0   Section       14  handlers.o(i.__scatterload_copy)
    i.__scatterload_null                     0x0800afce   Section        2  handlers.o(i.__scatterload_null)
    i.__scatterload_zeroinit                 0x0800afd0   Section       14  handlers.o(i.__scatterload_zeroinit)
    i.__set_errno                            0x0800afe0   Section        0  errno.o(i.__set_errno)
    i.fabs                                   0x0800afec   Section        0  fabs.o(i.fabs)
    i.sqrt                                   0x0800b004   Section        0  sqrt.o(i.sqrt)
    .constdata                               0x0800b074   Section       28  stm32f4xx_fsmc.o(.constdata)
    .constdata                               0x0800b090   Section     6528  lcd.o(.constdata)
    .constdata                               0x0800ca10   Section      136  pow.o(.constdata)
    bp                                       0x0800ca10   Data          16  pow.o(.constdata)
    dp_h                                     0x0800ca20   Data          16  pow.o(.constdata)
    dp_l                                     0x0800ca30   Data          16  pow.o(.constdata)
    L                                        0x0800ca40   Data          48  pow.o(.constdata)
    P                                        0x0800ca70   Data          40  pow.o(.constdata)
    .constdata                               0x0800ca98   Section        8  qnan.o(.constdata)
    .data                                    0x20000000   Section       20  system_stm32f4xx.o(.data)
    .data                                    0x20000014   Section       78  run.o(.data)
    .data                                    0x20000062   Section       16  stm32f4xx_rcc.o(.data)
    APBAHBPrescTable                         0x20000062   Data          16  stm32f4xx_rcc.o(.data)
    .data                                    0x20000072   Section        4  delay.o(.data)
    fac_us                                   0x20000072   Data           1  delay.o(.data)
    fac_ms                                   0x20000074   Data           2  delay.o(.data)
    .data                                    0x20000078   Section        8  exti.o(.data)
    .data                                    0x20000080   Section       12  dma.o(.data)
    Count                                    0x20000088   Data           1  dma.o(.data)
    last_rsnum                               0x20000089   Data           1  dma.o(.data)
    rsimu_flag                               0x2000008a   Data           1  dma.o(.data)
    rsacc_flag                               0x2000008b   Data           1  dma.o(.data)
    .data                                    0x2000008c   Section        8  gray.o(.data)
    .data                                    0x20000094   Section       68  gyro.o(.data)
    .data                                    0x200000d8   Section       57  bluetooth.o(.data)
    USART_RX_STA                             0x2000010a   Data           2  bluetooth.o(.data)
    times                                    0x2000010c   Data           2  bluetooth.o(.data)
    lRxCounter1                              0x2000010e   Data           1  bluetooth.o(.data)
    lRxState                                 0x2000010f   Data           1  bluetooth.o(.data)
    lRxFlag1                                 0x20000110   Data           1  bluetooth.o(.data)
    .data                                    0x20000112   Section       16  lidar.o(.data)
    count                                    0x2000011e   Data           1  lidar.o(.data)
    i                                        0x2000011f   Data           1  lidar.o(.data)
    count                                    0x20000120   Data           1  lidar.o(.data)
    i                                        0x20000121   Data           1  lidar.o(.data)
    .data                                    0x20000124   Section        8  lcd.o(.data)
    .data                                    0x2000012c   Section       24  mp3.o(.data)
    .data                                    0x20000144   Section        8  openmv.o(.data)
    RxCounter1                               0x20000149   Data           1  openmv.o(.data)
    RxState                                  0x2000014a   Data           1  openmv.o(.data)
    RxFlag1                                  0x2000014b   Data           1  openmv.o(.data)
    .data                                    0x2000014c   Section       44  chassis.o(.data)
    left_ff_speed                            0x20000170   Data           4  chassis.o(.data)
    right_ff_speed                           0x20000174   Data           4  chassis.o(.data)
    .data                                    0x20000178   Section       12  arm.o(.data)
    water_cnt                                0x20000180   Data           4  arm.o(.data)
    .data                                    0x20000184   Section        4  errno.o(.data)
    _errno                                   0x20000184   Data           4  errno.o(.data)
    .bss                                     0x20000188   Section      512  dma.o(.bss)
    .bss                                     0x20000388   Section      680  gyro.o(.bss)
    .bss                                     0x20000630   Section      220  bluetooth.o(.bss)
    lRxBuffer1                               0x200006f8   Data          20  bluetooth.o(.bss)
    .bss                                     0x2000070c   Section       18  lidar.o(.bss)
    .bss                                     0x2000071e   Section       14  lcd.o(.bss)
    .bss                                     0x2000072c   Section       20  openmv.o(.bss)
    RxBuffer1                                0x2000072c   Data          20  openmv.o(.bss)
    .bss                                     0x20000740   Section      212  chassis.o(.bss)
    STACK                                    0x20000818   Section     1024  startup_stm32f40_41xxx.o(STACK)

    Global Symbols

    Symbol Name                              Value     Ov Type        Size  Object(Section)

    BuildAttributes$$THM_ISAv4$E$P$D$K$B$S$7EM$VFPi3$EXTD16$VFPS$VFMA$PE$A:L22UL41UL21$X:L11$S22US41US21$IEEE1$IW$USESV6$~STKCKD$USESV7$~SHL$OTIME$ROPI$IEEEX$EBA8$MICROLIB$REQ8$PRES8$EABIv2 0x00000000   Number         0  anon$$obj.o ABSOLUTE
    __ARM_use_no_argv                        0x00000000   Number         0  main.o ABSOLUTE
    __cpp_initialize__aeabi_                  - Undefined Weak Reference
    __cxa_finalize                            - Undefined Weak Reference
    _clock_init                               - Undefined Weak Reference
    _microlib_exit                            - Undefined Weak Reference
    __Vectors_Size                           0x00000188   Number         0  startup_stm32f40_41xxx.o ABSOLUTE
    __Vectors                                0x08000000   Data           4  startup_stm32f40_41xxx.o(RESET)
    __Vectors_End                            0x08000188   Data           0  startup_stm32f40_41xxx.o(RESET)
    __main                                   0x08000189   Thumb Code     0  entry.o(.ARM.Collect$$$$00000000)
    _main_stk                                0x08000189   Thumb Code     0  entry2.o(.ARM.Collect$$$$00000001)
    _main_scatterload                        0x0800018d   Thumb Code     0  entry5.o(.ARM.Collect$$$$00000004)
    __main_after_scatterload                 0x08000191   Thumb Code     0  entry5.o(.ARM.Collect$$$$00000004)
    _main_clock                              0x08000191   Thumb Code     0  entry7b.o(.ARM.Collect$$$$00000008)
    _main_cpp_init                           0x08000191   Thumb Code     0  entry8b.o(.ARM.Collect$$$$0000000A)
    _main_init                               0x08000191   Thumb Code     0  entry9a.o(.ARM.Collect$$$$0000000B)
    __rt_final_cpp                           0x08000199   Thumb Code     0  entry10a.o(.ARM.Collect$$$$0000000D)
    __rt_final_exit                          0x08000199   Thumb Code     0  entry11a.o(.ARM.Collect$$$$0000000F)
    main                                     0x0800019d   Thumb Code    28  main.o(.text)
    NMI_Handler                              0x080001b9   Thumb Code     2  stm32f4xx_it.o(.text)
    HardFault_Handler                        0x080001bb   Thumb Code     4  stm32f4xx_it.o(.text)
    MemManage_Handler                        0x080001bf   Thumb Code     4  stm32f4xx_it.o(.text)
    BusFault_Handler                         0x080001c3   Thumb Code     4  stm32f4xx_it.o(.text)
    UsageFault_Handler                       0x080001c7   Thumb Code     4  stm32f4xx_it.o(.text)
    SVC_Handler                              0x080001cb   Thumb Code     2  stm32f4xx_it.o(.text)
    DebugMon_Handler                         0x080001cd   Thumb Code     2  stm32f4xx_it.o(.text)
    PendSV_Handler                           0x080001cf   Thumb Code     2  stm32f4xx_it.o(.text)
    SysTick_Handler                          0x080001d1   Thumb Code     2  stm32f4xx_it.o(.text)
    SystemInit                               0x080002b1   Thumb Code    88  system_stm32f4xx.o(.text)
    SystemCoreClockUpdate                    0x08000309   Thumb Code   174  system_stm32f4xx.o(.text)
    data_check                               0x080003e5   Thumb Code    40  run.o(.text)
    get_region                               0x0800040d   Thumb Code     6  run.o(.text)
    region_finish                            0x08000413   Thumb Code   170  run.o(.text)
    cross_action                             0x080004bd   Thumb Code   124  run.o(.text)
    _run_                                    0x08000539   Thumb Code   502  run.o(.text)
    cross_to_cross                           0x0800072f   Thumb Code    24  run.o(.text)
    end_return_home                          0x08000747   Thumb Code    40  run.o(.text)
    Run                                      0x0800076f   Thumb Code    50  run.o(.text)
    stop_running                             0x080007a1   Thumb Code     8  run.o(.text)
    get_Itr                                  0x080007a9   Thumb Code     6  run.o(.text)
    Reset_Handler                            0x08000801   Thumb Code     8  startup_stm32f40_41xxx.o(.text)
    ADC_IRQHandler                           0x0800081b   Thumb Code     0  startup_stm32f40_41xxx.o(.text)
    CAN1_RX0_IRQHandler                      0x0800081b   Thumb Code     0  startup_stm32f40_41xxx.o(.text)
    CAN1_RX1_IRQHandler                      0x0800081b   Thumb Code     0  startup_stm32f40_41xxx.o(.text)
    CAN1_SCE_IRQHandler                      0x0800081b   Thumb Code     0  startup_stm32f40_41xxx.o(.text)
    CAN1_TX_IRQHandler                       0x0800081b   Thumb Code     0  startup_stm32f40_41xxx.o(.text)
    CAN2_RX0_IRQHandler                      0x0800081b   Thumb Code     0  startup_stm32f40_41xxx.o(.text)
    CAN2_RX1_IRQHandler                      0x0800081b   Thumb Code     0  startup_stm32f40_41xxx.o(.text)
    CAN2_SCE_IRQHandler                      0x0800081b   Thumb Code     0  startup_stm32f40_41xxx.o(.text)
    CAN2_TX_IRQHandler                       0x0800081b   Thumb Code     0  startup_stm32f40_41xxx.o(.text)
    CRYP_IRQHandler                          0x0800081b   Thumb Code     0  startup_stm32f40_41xxx.o(.text)
    DCMI_IRQHandler                          0x0800081b   Thumb Code     0  startup_stm32f40_41xxx.o(.text)
    DMA1_Stream1_IRQHandler                  0x0800081b   Thumb Code     0  startup_stm32f40_41xxx.o(.text)
    DMA1_Stream2_IRQHandler                  0x0800081b   Thumb Code     0  startup_stm32f40_41xxx.o(.text)
    DMA1_Stream3_IRQHandler                  0x0800081b   Thumb Code     0  startup_stm32f40_41xxx.o(.text)
    DMA1_Stream4_IRQHandler                  0x0800081b   Thumb Code     0  startup_stm32f40_41xxx.o(.text)
    DMA1_Stream5_IRQHandler                  0x0800081b   Thumb Code     0  startup_stm32f40_41xxx.o(.text)
    DMA1_Stream6_IRQHandler                  0x0800081b   Thumb Code     0  startup_stm32f40_41xxx.o(.text)
    DMA1_Stream7_IRQHandler                  0x0800081b   Thumb Code     0  startup_stm32f40_41xxx.o(.text)
    DMA2_Stream0_IRQHandler                  0x0800081b   Thumb Code     0  startup_stm32f40_41xxx.o(.text)
    DMA2_Stream1_IRQHandler                  0x0800081b   Thumb Code     0  startup_stm32f40_41xxx.o(.text)
    DMA2_Stream2_IRQHandler                  0x0800081b   Thumb Code     0  startup_stm32f40_41xxx.o(.text)
    DMA2_Stream3_IRQHandler                  0x0800081b   Thumb Code     0  startup_stm32f40_41xxx.o(.text)
    DMA2_Stream4_IRQHandler                  0x0800081b   Thumb Code     0  startup_stm32f40_41xxx.o(.text)
    DMA2_Stream5_IRQHandler                  0x0800081b   Thumb Code     0  startup_stm32f40_41xxx.o(.text)
    DMA2_Stream6_IRQHandler                  0x0800081b   Thumb Code     0  startup_stm32f40_41xxx.o(.text)
    DMA2_Stream7_IRQHandler                  0x0800081b   Thumb Code     0  startup_stm32f40_41xxx.o(.text)
    ETH_IRQHandler                           0x0800081b   Thumb Code     0  startup_stm32f40_41xxx.o(.text)
    ETH_WKUP_IRQHandler                      0x0800081b   Thumb Code     0  startup_stm32f40_41xxx.o(.text)
    EXTI0_IRQHandler                         0x0800081b   Thumb Code     0  startup_stm32f40_41xxx.o(.text)
    EXTI1_IRQHandler                         0x0800081b   Thumb Code     0  startup_stm32f40_41xxx.o(.text)
    EXTI2_IRQHandler                         0x0800081b   Thumb Code     0  startup_stm32f40_41xxx.o(.text)
    EXTI3_IRQHandler                         0x0800081b   Thumb Code     0  startup_stm32f40_41xxx.o(.text)
    EXTI4_IRQHandler                         0x0800081b   Thumb Code     0  startup_stm32f40_41xxx.o(.text)
    EXTI9_5_IRQHandler                       0x0800081b   Thumb Code     0  startup_stm32f40_41xxx.o(.text)
    FLASH_IRQHandler                         0x0800081b   Thumb Code     0  startup_stm32f40_41xxx.o(.text)
    FPU_IRQHandler                           0x0800081b   Thumb Code     0  startup_stm32f40_41xxx.o(.text)
    FSMC_IRQHandler                          0x0800081b   Thumb Code     0  startup_stm32f40_41xxx.o(.text)
    HASH_RNG_IRQHandler                      0x0800081b   Thumb Code     0  startup_stm32f40_41xxx.o(.text)
    I2C1_ER_IRQHandler                       0x0800081b   Thumb Code     0  startup_stm32f40_41xxx.o(.text)
    I2C1_EV_IRQHandler                       0x0800081b   Thumb Code     0  startup_stm32f40_41xxx.o(.text)
    I2C2_ER_IRQHandler                       0x0800081b   Thumb Code     0  startup_stm32f40_41xxx.o(.text)
    I2C2_EV_IRQHandler                       0x0800081b   Thumb Code     0  startup_stm32f40_41xxx.o(.text)
    I2C3_ER_IRQHandler                       0x0800081b   Thumb Code     0  startup_stm32f40_41xxx.o(.text)
    I2C3_EV_IRQHandler                       0x0800081b   Thumb Code     0  startup_stm32f40_41xxx.o(.text)
    OTG_FS_IRQHandler                        0x0800081b   Thumb Code     0  startup_stm32f40_41xxx.o(.text)
    OTG_FS_WKUP_IRQHandler                   0x0800081b   Thumb Code     0  startup_stm32f40_41xxx.o(.text)
    OTG_HS_EP1_IN_IRQHandler                 0x0800081b   Thumb Code     0  startup_stm32f40_41xxx.o(.text)
    OTG_HS_EP1_OUT_IRQHandler                0x0800081b   Thumb Code     0  startup_stm32f40_41xxx.o(.text)
    OTG_HS_IRQHandler                        0x0800081b   Thumb Code     0  startup_stm32f40_41xxx.o(.text)
    OTG_HS_WKUP_IRQHandler                   0x0800081b   Thumb Code     0  startup_stm32f40_41xxx.o(.text)
    PVD_IRQHandler                           0x0800081b   Thumb Code     0  startup_stm32f40_41xxx.o(.text)
    RCC_IRQHandler                           0x0800081b   Thumb Code     0  startup_stm32f40_41xxx.o(.text)
    RTC_Alarm_IRQHandler                     0x0800081b   Thumb Code     0  startup_stm32f40_41xxx.o(.text)
    RTC_WKUP_IRQHandler                      0x0800081b   Thumb Code     0  startup_stm32f40_41xxx.o(.text)
    SDIO_IRQHandler                          0x0800081b   Thumb Code     0  startup_stm32f40_41xxx.o(.text)
    SPI1_IRQHandler                          0x0800081b   Thumb Code     0  startup_stm32f40_41xxx.o(.text)
    SPI2_IRQHandler                          0x0800081b   Thumb Code     0  startup_stm32f40_41xxx.o(.text)
    SPI3_IRQHandler                          0x0800081b   Thumb Code     0  startup_stm32f40_41xxx.o(.text)
    TAMP_STAMP_IRQHandler                    0x0800081b   Thumb Code     0  startup_stm32f40_41xxx.o(.text)
    TIM1_BRK_TIM9_IRQHandler                 0x0800081b   Thumb Code     0  startup_stm32f40_41xxx.o(.text)
    TIM1_CC_IRQHandler                       0x0800081b   Thumb Code     0  startup_stm32f40_41xxx.o(.text)
    TIM1_TRG_COM_TIM11_IRQHandler            0x0800081b   Thumb Code     0  startup_stm32f40_41xxx.o(.text)
    TIM1_UP_TIM10_IRQHandler                 0x0800081b   Thumb Code     0  startup_stm32f40_41xxx.o(.text)
    TIM4_IRQHandler                          0x0800081b   Thumb Code     0  startup_stm32f40_41xxx.o(.text)
    TIM5_IRQHandler                          0x0800081b   Thumb Code     0  startup_stm32f40_41xxx.o(.text)
    TIM6_DAC_IRQHandler                      0x0800081b   Thumb Code     0  startup_stm32f40_41xxx.o(.text)
    TIM8_BRK_TIM12_IRQHandler                0x0800081b   Thumb Code     0  startup_stm32f40_41xxx.o(.text)
    TIM8_CC_IRQHandler                       0x0800081b   Thumb Code     0  startup_stm32f40_41xxx.o(.text)
    TIM8_TRG_COM_TIM14_IRQHandler            0x0800081b   Thumb Code     0  startup_stm32f40_41xxx.o(.text)
    TIM8_UP_TIM13_IRQHandler                 0x0800081b   Thumb Code     0  startup_stm32f40_41xxx.o(.text)
    USART6_IRQHandler                        0x0800081b   Thumb Code     0  startup_stm32f40_41xxx.o(.text)
    WWDG_IRQHandler                          0x0800081b   Thumb Code     0  startup_stm32f40_41xxx.o(.text)
    NVIC_PriorityGroupConfig                 0x08000825   Thumb Code    10  misc.o(.text)
    NVIC_Init                                0x0800082f   Thumb Code   106  misc.o(.text)
    NVIC_SetVectorTable                      0x08000899   Thumb Code    14  misc.o(.text)
    NVIC_SystemLPConfig                      0x080008a7   Thumb Code    34  misc.o(.text)
    SysTick_CLKSourceConfig                  0x080008c9   Thumb Code    40  misc.o(.text)
    DMA_DeInit                               0x08000905   Thumb Code   324  stm32f4xx_dma.o(.text)
    DMA_Init                                 0x08000a49   Thumb Code    82  stm32f4xx_dma.o(.text)
    DMA_StructInit                           0x08000a9b   Thumb Code    34  stm32f4xx_dma.o(.text)
    DMA_Cmd                                  0x08000abd   Thumb Code    22  stm32f4xx_dma.o(.text)
    DMA_PeriphIncOffsetSizeConfig            0x08000ad3   Thumb Code    22  stm32f4xx_dma.o(.text)
    DMA_FlowControllerConfig                 0x08000ae9   Thumb Code    22  stm32f4xx_dma.o(.text)
    DMA_SetCurrDataCounter                   0x08000aff   Thumb Code     4  stm32f4xx_dma.o(.text)
    DMA_GetCurrDataCounter                   0x08000b03   Thumb Code     8  stm32f4xx_dma.o(.text)
    DMA_DoubleBufferModeConfig               0x08000b0b   Thumb Code    24  stm32f4xx_dma.o(.text)
    DMA_DoubleBufferModeCmd                  0x08000b23   Thumb Code    22  stm32f4xx_dma.o(.text)
    DMA_MemoryTargetConfig                   0x08000b39   Thumb Code    10  stm32f4xx_dma.o(.text)
    DMA_GetCurrentMemoryTarget               0x08000b43   Thumb Code    20  stm32f4xx_dma.o(.text)
    DMA_GetCmdStatus                         0x08000b57   Thumb Code    20  stm32f4xx_dma.o(.text)
    DMA_GetFIFOStatus                        0x08000b6b   Thumb Code    12  stm32f4xx_dma.o(.text)
    DMA_GetFlagStatus                        0x08000b77   Thumb Code    56  stm32f4xx_dma.o(.text)
    DMA_ClearFlag                            0x08000baf   Thumb Code    40  stm32f4xx_dma.o(.text)
    DMA_ITConfig                             0x08000bd7   Thumb Code    58  stm32f4xx_dma.o(.text)
    DMA_GetITStatus                          0x08000c11   Thumb Code    84  stm32f4xx_dma.o(.text)
    DMA_ClearITPendingBit                    0x08000c65   Thumb Code    40  stm32f4xx_dma.o(.text)
    EXTI_DeInit                              0x08000cad   Thumb Code    28  stm32f4xx_exti.o(.text)
    EXTI_Init                                0x08000cc9   Thumb Code   142  stm32f4xx_exti.o(.text)
    EXTI_StructInit                          0x08000d57   Thumb Code    16  stm32f4xx_exti.o(.text)
    EXTI_GenerateSWInterrupt                 0x08000d67   Thumb Code    16  stm32f4xx_exti.o(.text)
    EXTI_GetFlagStatus                       0x08000d77   Thumb Code    22  stm32f4xx_exti.o(.text)
    EXTI_ClearFlag                           0x08000d8d   Thumb Code     8  stm32f4xx_exti.o(.text)
    EXTI_GetITStatus                         0x08000d95   Thumb Code    22  stm32f4xx_exti.o(.text)
    EXTI_ClearITPendingBit                   0x08000dab   Thumb Code     8  stm32f4xx_exti.o(.text)
    FSMC_NORSRAMDeInit                       0x08000dbd   Thumb Code    54  stm32f4xx_fsmc.o(.text)
    FSMC_NORSRAMInit                         0x08000df3   Thumb Code   230  stm32f4xx_fsmc.o(.text)
    FSMC_NORSRAMStructInit                   0x08000ed9   Thumb Code    48  stm32f4xx_fsmc.o(.text)
    FSMC_NORSRAMCmd                          0x08000f09   Thumb Code    46  stm32f4xx_fsmc.o(.text)
    FSMC_NANDDeInit                          0x08000f37   Thumb Code    62  stm32f4xx_fsmc.o(.text)
    FSMC_NANDInit                            0x08000f75   Thumb Code   132  stm32f4xx_fsmc.o(.text)
    FSMC_NANDStructInit                      0x08000ff9   Thumb Code    54  stm32f4xx_fsmc.o(.text)
    FSMC_NANDCmd                             0x0800102f   Thumb Code    86  stm32f4xx_fsmc.o(.text)
    FSMC_NANDECCCmd                          0x08001085   Thumb Code    86  stm32f4xx_fsmc.o(.text)
    FSMC_GetECC                              0x080010db   Thumb Code    24  stm32f4xx_fsmc.o(.text)
    FSMC_PCCARDDeInit                        0x080010f3   Thumb Code    36  stm32f4xx_fsmc.o(.text)
    FSMC_PCCARDInit                          0x08001117   Thumb Code   130  stm32f4xx_fsmc.o(.text)
    FSMC_PCCARDStructInit                    0x08001199   Thumb Code    60  stm32f4xx_fsmc.o(.text)
    FSMC_PCCARDCmd                           0x080011d5   Thumb Code    44  stm32f4xx_fsmc.o(.text)
    FSMC_ITConfig                            0x08001201   Thumb Code   128  stm32f4xx_fsmc.o(.text)
    FSMC_GetFlagStatus                       0x08001281   Thumb Code    54  stm32f4xx_fsmc.o(.text)
    FSMC_ClearFlag                           0x080012b7   Thumb Code    74  stm32f4xx_fsmc.o(.text)
    FSMC_GetITStatus                         0x08001301   Thumb Code    62  stm32f4xx_fsmc.o(.text)
    FSMC_ClearITPendingBit                   0x0800133f   Thumb Code    66  stm32f4xx_fsmc.o(.text)
    GPIO_DeInit                              0x08001385   Thumb Code   268  stm32f4xx_gpio.o(.text)
    GPIO_Init                                0x08001491   Thumb Code   144  stm32f4xx_gpio.o(.text)
    GPIO_StructInit                          0x08001521   Thumb Code    18  stm32f4xx_gpio.o(.text)
    GPIO_PinLockConfig                       0x08001533   Thumb Code    34  stm32f4xx_gpio.o(.text)
    GPIO_ReadInputDataBit                    0x08001555   Thumb Code    18  stm32f4xx_gpio.o(.text)
    GPIO_ReadInputData                       0x08001567   Thumb Code     8  stm32f4xx_gpio.o(.text)
    GPIO_ReadOutputDataBit                   0x0800156f   Thumb Code    18  stm32f4xx_gpio.o(.text)
    GPIO_ReadOutputData                      0x08001581   Thumb Code     8  stm32f4xx_gpio.o(.text)
    GPIO_SetBits                             0x08001589   Thumb Code     4  stm32f4xx_gpio.o(.text)
    GPIO_ResetBits                           0x0800158d   Thumb Code     4  stm32f4xx_gpio.o(.text)
    GPIO_WriteBit                            0x08001591   Thumb Code    10  stm32f4xx_gpio.o(.text)
    GPIO_Write                               0x0800159b   Thumb Code     4  stm32f4xx_gpio.o(.text)
    GPIO_ToggleBits                          0x0800159f   Thumb Code     8  stm32f4xx_gpio.o(.text)
    GPIO_PinAFConfig                         0x080015a7   Thumb Code    70  stm32f4xx_gpio.o(.text)
    RCC_DeInit                               0x08001619   Thumb Code    82  stm32f4xx_rcc.o(.text)
    RCC_HSEConfig                            0x0800166b   Thumb Code    14  stm32f4xx_rcc.o(.text)
    RCC_GetFlagStatus                        0x08001679   Thumb Code    60  stm32f4xx_rcc.o(.text)
    RCC_WaitForHSEStartUp                    0x080016b5   Thumb Code    56  stm32f4xx_rcc.o(.text)
    RCC_AdjustHSICalibrationValue            0x080016ed   Thumb Code    20  stm32f4xx_rcc.o(.text)
    RCC_HSICmd                               0x08001701   Thumb Code     6  stm32f4xx_rcc.o(.text)
    RCC_LSEConfig                            0x08001707   Thumb Code    46  stm32f4xx_rcc.o(.text)
    RCC_LSICmd                               0x08001735   Thumb Code     6  stm32f4xx_rcc.o(.text)
    RCC_PLLConfig                            0x0800173b   Thumb Code    32  stm32f4xx_rcc.o(.text)
    RCC_PLLCmd                               0x0800175b   Thumb Code     6  stm32f4xx_rcc.o(.text)
    RCC_PLLI2SConfig                         0x08001761   Thumb Code    14  stm32f4xx_rcc.o(.text)
    RCC_PLLI2SCmd                            0x0800176f   Thumb Code     6  stm32f4xx_rcc.o(.text)
    RCC_PLLSAIConfig                         0x08001775   Thumb Code    20  stm32f4xx_rcc.o(.text)
    RCC_PLLSAICmd                            0x08001789   Thumb Code     6  stm32f4xx_rcc.o(.text)
    RCC_ClockSecuritySystemCmd               0x0800178f   Thumb Code     6  stm32f4xx_rcc.o(.text)
    RCC_MCO1Config                           0x08001795   Thumb Code    28  stm32f4xx_rcc.o(.text)
    RCC_MCO2Config                           0x080017b1   Thumb Code    28  stm32f4xx_rcc.o(.text)
    RCC_SYSCLKConfig                         0x080017cd   Thumb Code    20  stm32f4xx_rcc.o(.text)
    RCC_GetSYSCLKSource                      0x080017e1   Thumb Code    12  stm32f4xx_rcc.o(.text)
    RCC_HCLKConfig                           0x080017ed   Thumb Code    20  stm32f4xx_rcc.o(.text)
    RCC_PCLK1Config                          0x08001801   Thumb Code    20  stm32f4xx_rcc.o(.text)
    RCC_PCLK2Config                          0x08001815   Thumb Code    22  stm32f4xx_rcc.o(.text)
    RCC_GetClocksFreq                        0x0800182b   Thumb Code   222  stm32f4xx_rcc.o(.text)
    RCC_RTCCLKConfig                         0x08001909   Thumb Code    54  stm32f4xx_rcc.o(.text)
    RCC_RTCCLKCmd                            0x0800193f   Thumb Code     8  stm32f4xx_rcc.o(.text)
    RCC_BackupResetCmd                       0x08001947   Thumb Code     8  stm32f4xx_rcc.o(.text)
    RCC_I2SCLKConfig                         0x0800194f   Thumb Code     6  stm32f4xx_rcc.o(.text)
    RCC_SAIPLLI2SClkDivConfig                0x08001955   Thumb Code    26  stm32f4xx_rcc.o(.text)
    RCC_SAIPLLSAIClkDivConfig                0x0800196f   Thumb Code    28  stm32f4xx_rcc.o(.text)
    RCC_SAIBlockACLKConfig                   0x0800198b   Thumb Code    20  stm32f4xx_rcc.o(.text)
    RCC_SAIBlockBCLKConfig                   0x0800199f   Thumb Code    20  stm32f4xx_rcc.o(.text)
    RCC_LTDCCLKDivConfig                     0x080019b3   Thumb Code    20  stm32f4xx_rcc.o(.text)
    RCC_TIMCLKPresConfig                     0x080019c7   Thumb Code     6  stm32f4xx_rcc.o(.text)
    RCC_AHB1PeriphClockCmd                   0x080019cd   Thumb Code    34  stm32f4xx_rcc.o(.text)
    RCC_AHB2PeriphClockCmd                   0x080019ef   Thumb Code    78  stm32f4xx_rcc.o(.text)
    RCC_AHB3PeriphClockCmd                   0x08001a3d   Thumb Code    34  stm32f4xx_rcc.o(.text)
    RCC_APB1PeriphClockCmd                   0x08001a5f   Thumb Code    34  stm32f4xx_rcc.o(.text)
    RCC_APB2PeriphClockCmd                   0x08001a81   Thumb Code    34  stm32f4xx_rcc.o(.text)
    RCC_AHB1PeriphResetCmd                   0x08001aa3   Thumb Code    34  stm32f4xx_rcc.o(.text)
    RCC_AHB2PeriphResetCmd                   0x08001ac5   Thumb Code    34  stm32f4xx_rcc.o(.text)
    RCC_AHB3PeriphResetCmd                   0x08001ae7   Thumb Code    34  stm32f4xx_rcc.o(.text)
    RCC_APB1PeriphResetCmd                   0x08001b09   Thumb Code    34  stm32f4xx_rcc.o(.text)
    RCC_APB2PeriphResetCmd                   0x08001b2b   Thumb Code    34  stm32f4xx_rcc.o(.text)
    RCC_AHB1PeriphClockLPModeCmd             0x08001b4d   Thumb Code    34  stm32f4xx_rcc.o(.text)
    RCC_AHB2PeriphClockLPModeCmd             0x08001b6f   Thumb Code    34  stm32f4xx_rcc.o(.text)
    RCC_AHB3PeriphClockLPModeCmd             0x08001b91   Thumb Code    34  stm32f4xx_rcc.o(.text)
    RCC_APB1PeriphClockLPModeCmd             0x08001bb3   Thumb Code    34  stm32f4xx_rcc.o(.text)
    RCC_APB2PeriphClockLPModeCmd             0x08001bd5   Thumb Code    34  stm32f4xx_rcc.o(.text)
    RCC_LSEModeConfig                        0x08001bf7   Thumb Code    40  stm32f4xx_rcc.o(.text)
    RCC_ITConfig                             0x08001c1f   Thumb Code    34  stm32f4xx_rcc.o(.text)
    RCC_ClearFlag                            0x08001c41   Thumb Code    18  stm32f4xx_rcc.o(.text)
    RCC_GetITStatus                          0x08001c53   Thumb Code    22  stm32f4xx_rcc.o(.text)
    RCC_ClearITPendingBit                    0x08001c69   Thumb Code     8  stm32f4xx_rcc.o(.text)
    SYSCFG_DeInit                            0x08001c75   Thumb Code    22  stm32f4xx_syscfg.o(.text)
    SYSCFG_MemoryRemapConfig                 0x08001c8b   Thumb Code     6  stm32f4xx_syscfg.o(.text)
    SYSCFG_MemorySwappingBank                0x08001c91   Thumb Code     6  stm32f4xx_syscfg.o(.text)
    SYSCFG_EXTILineConfig                    0x08001c97   Thumb Code    66  stm32f4xx_syscfg.o(.text)
    SYSCFG_ETH_MediaInterfaceConfig          0x08001cd9   Thumb Code     8  stm32f4xx_syscfg.o(.text)
    SYSCFG_CompensationCellCmd               0x08001ce1   Thumb Code     6  stm32f4xx_syscfg.o(.text)
    SYSCFG_GetCompensationCellStatus         0x08001ce7   Thumb Code    22  stm32f4xx_syscfg.o(.text)
    TIM_DeInit                               0x08001d09   Thumb Code   346  stm32f4xx_tim.o(.text)
    TIM_TimeBaseInit                         0x08001e63   Thumb Code   104  stm32f4xx_tim.o(.text)
    TIM_TimeBaseStructInit                   0x08001ecb   Thumb Code    18  stm32f4xx_tim.o(.text)
    TIM_PrescalerConfig                      0x08001edd   Thumb Code     6  stm32f4xx_tim.o(.text)
    TIM_CounterModeConfig                    0x08001ee3   Thumb Code    18  stm32f4xx_tim.o(.text)
    TIM_SetCounter                           0x08001ef5   Thumb Code     4  stm32f4xx_tim.o(.text)
    TIM_SetAutoreload                        0x08001ef9   Thumb Code     4  stm32f4xx_tim.o(.text)
    TIM_GetCounter                           0x08001efd   Thumb Code     6  stm32f4xx_tim.o(.text)
    TIM_GetPrescaler                         0x08001f03   Thumb Code     6  stm32f4xx_tim.o(.text)
    TIM_UpdateDisableConfig                  0x08001f09   Thumb Code    24  stm32f4xx_tim.o(.text)
    TIM_UpdateRequestConfig                  0x08001f21   Thumb Code    24  stm32f4xx_tim.o(.text)
    TIM_ARRPreloadConfig                     0x08001f39   Thumb Code    24  stm32f4xx_tim.o(.text)
    TIM_SelectOnePulseMode                   0x08001f51   Thumb Code    18  stm32f4xx_tim.o(.text)
    TIM_SetClockDivision                     0x08001f63   Thumb Code    18  stm32f4xx_tim.o(.text)
    TIM_Cmd                                  0x08001f75   Thumb Code    24  stm32f4xx_tim.o(.text)
    TIM_OC1Init                              0x08001f8d   Thumb Code   114  stm32f4xx_tim.o(.text)
    TIM_OC2Init                              0x08001fff   Thumb Code   154  stm32f4xx_tim.o(.text)
    TIM_OC3Init                              0x08002099   Thumb Code   204  stm32f4xx_tim.o(.text)
    TIM_OC4Init                              0x08002165   Thumb Code   112  stm32f4xx_tim.o(.text)
    TIM_OCStructInit                         0x080021d5   Thumb Code    20  stm32f4xx_tim.o(.text)
    TIM_SelectOCxM                           0x080021e9   Thumb Code    86  stm32f4xx_tim.o(.text)
    TIM_SetCompare1                          0x0800223f   Thumb Code     4  stm32f4xx_tim.o(.text)
    TIM_SetCompare2                          0x08002243   Thumb Code     4  stm32f4xx_tim.o(.text)
    TIM_SetCompare3                          0x08002247   Thumb Code     4  stm32f4xx_tim.o(.text)
    TIM_SetCompare4                          0x0800224b   Thumb Code     4  stm32f4xx_tim.o(.text)
    TIM_ForcedOC1Config                      0x0800224f   Thumb Code    18  stm32f4xx_tim.o(.text)
    TIM_ForcedOC2Config                      0x08002261   Thumb Code    26  stm32f4xx_tim.o(.text)
    TIM_ForcedOC3Config                      0x0800227b   Thumb Code    18  stm32f4xx_tim.o(.text)
    TIM_ForcedOC4Config                      0x0800228d   Thumb Code    26  stm32f4xx_tim.o(.text)
    TIM_OC1PreloadConfig                     0x080022a7   Thumb Code    18  stm32f4xx_tim.o(.text)
    TIM_OC2PreloadConfig                     0x080022b9   Thumb Code    26  stm32f4xx_tim.o(.text)
    TIM_OC3PreloadConfig                     0x080022d3   Thumb Code    18  stm32f4xx_tim.o(.text)
    TIM_OC4PreloadConfig                     0x080022e5   Thumb Code    26  stm32f4xx_tim.o(.text)
    TIM_OC1FastConfig                        0x080022ff   Thumb Code    18  stm32f4xx_tim.o(.text)
    TIM_OC2FastConfig                        0x08002311   Thumb Code    26  stm32f4xx_tim.o(.text)
    TIM_OC3FastConfig                        0x0800232b   Thumb Code    18  stm32f4xx_tim.o(.text)
    TIM_OC4FastConfig                        0x0800233d   Thumb Code    26  stm32f4xx_tim.o(.text)
    TIM_ClearOC1Ref                          0x08002357   Thumb Code    18  stm32f4xx_tim.o(.text)
    TIM_ClearOC2Ref                          0x08002369   Thumb Code    24  stm32f4xx_tim.o(.text)
    TIM_ClearOC3Ref                          0x08002381   Thumb Code    18  stm32f4xx_tim.o(.text)
    TIM_ClearOC4Ref                          0x08002393   Thumb Code    24  stm32f4xx_tim.o(.text)
    TIM_OC1PolarityConfig                    0x080023ab   Thumb Code    18  stm32f4xx_tim.o(.text)
    TIM_OC1NPolarityConfig                   0x080023bd   Thumb Code    18  stm32f4xx_tim.o(.text)
    TIM_OC2PolarityConfig                    0x080023cf   Thumb Code    26  stm32f4xx_tim.o(.text)
    TIM_OC2NPolarityConfig                   0x080023e9   Thumb Code    26  stm32f4xx_tim.o(.text)
    TIM_OC3PolarityConfig                    0x08002403   Thumb Code    26  stm32f4xx_tim.o(.text)
    TIM_OC3NPolarityConfig                   0x0800241d   Thumb Code    26  stm32f4xx_tim.o(.text)
    TIM_OC4PolarityConfig                    0x08002437   Thumb Code    26  stm32f4xx_tim.o(.text)
    TIM_CCxCmd                               0x08002451   Thumb Code    30  stm32f4xx_tim.o(.text)
    TIM_CCxNCmd                              0x0800246f   Thumb Code    30  stm32f4xx_tim.o(.text)
    TIM_SetIC4Prescaler                      0x0800248d   Thumb Code    26  stm32f4xx_tim.o(.text)
    TIM_SetIC3Prescaler                      0x080024f7   Thumb Code    18  stm32f4xx_tim.o(.text)
    TIM_SetIC2Prescaler                      0x08002551   Thumb Code    26  stm32f4xx_tim.o(.text)
    TIM_SetIC1Prescaler                      0x080025c5   Thumb Code    18  stm32f4xx_tim.o(.text)
    TIM_ICInit                               0x08002611   Thumb Code   110  stm32f4xx_tim.o(.text)
    TIM_ICStructInit                         0x0800267f   Thumb Code    18  stm32f4xx_tim.o(.text)
    TIM_PWMIConfig                           0x08002691   Thumb Code   124  stm32f4xx_tim.o(.text)
    TIM_GetCapture1                          0x0800270d   Thumb Code     6  stm32f4xx_tim.o(.text)
    TIM_GetCapture2                          0x08002713   Thumb Code     6  stm32f4xx_tim.o(.text)
    TIM_GetCapture3                          0x08002719   Thumb Code     6  stm32f4xx_tim.o(.text)
    TIM_GetCapture4                          0x0800271f   Thumb Code     6  stm32f4xx_tim.o(.text)
    TIM_BDTRConfig                           0x08002725   Thumb Code    32  stm32f4xx_tim.o(.text)
    TIM_BDTRStructInit                       0x08002745   Thumb Code    18  stm32f4xx_tim.o(.text)
    TIM_CtrlPWMOutputs                       0x08002757   Thumb Code    30  stm32f4xx_tim.o(.text)
    TIM_SelectCOM                            0x08002775   Thumb Code    24  stm32f4xx_tim.o(.text)
    TIM_CCPreloadControl                     0x0800278d   Thumb Code    24  stm32f4xx_tim.o(.text)
    TIM_ITConfig                             0x080027a5   Thumb Code    18  stm32f4xx_tim.o(.text)
    TIM_GenerateEvent                        0x080027b7   Thumb Code     4  stm32f4xx_tim.o(.text)
    TIM_GetFlagStatus                        0x080027bb   Thumb Code    18  stm32f4xx_tim.o(.text)
    TIM_ClearFlag                            0x080027cd   Thumb Code     6  stm32f4xx_tim.o(.text)
    TIM_GetITStatus                          0x080027d3   Thumb Code    34  stm32f4xx_tim.o(.text)
    TIM_ClearITPendingBit                    0x080027f5   Thumb Code     6  stm32f4xx_tim.o(.text)
    TIM_DMAConfig                            0x080027fb   Thumb Code    10  stm32f4xx_tim.o(.text)
    TIM_DMACmd                               0x08002805   Thumb Code    18  stm32f4xx_tim.o(.text)
    TIM_SelectCCDMA                          0x08002817   Thumb Code    24  stm32f4xx_tim.o(.text)
    TIM_InternalClockConfig                  0x0800282f   Thumb Code    12  stm32f4xx_tim.o(.text)
    TIM_SelectInputTrigger                   0x0800283b   Thumb Code    18  stm32f4xx_tim.o(.text)
    TIM_ITRxExternalClockConfig              0x0800284d   Thumb Code    24  stm32f4xx_tim.o(.text)
    TIM_TIxExternalClockConfig               0x08002865   Thumb Code    62  stm32f4xx_tim.o(.text)
    TIM_ETRConfig                            0x080028a3   Thumb Code    28  stm32f4xx_tim.o(.text)
    TIM_ETRClockMode1Config                  0x080028bf   Thumb Code    54  stm32f4xx_tim.o(.text)
    TIM_ETRClockMode2Config                  0x080028f5   Thumb Code    32  stm32f4xx_tim.o(.text)
    TIM_SelectOutputTrigger                  0x08002915   Thumb Code    18  stm32f4xx_tim.o(.text)
    TIM_SelectSlaveMode                      0x08002927   Thumb Code    18  stm32f4xx_tim.o(.text)
    TIM_SelectMasterSlaveMode                0x08002939   Thumb Code    18  stm32f4xx_tim.o(.text)
    TIM_EncoderInterfaceConfig               0x0800294b   Thumb Code    66  stm32f4xx_tim.o(.text)
    TIM_SelectHallSensor                     0x0800298d   Thumb Code    24  stm32f4xx_tim.o(.text)
    TIM_RemapConfig                          0x080029a5   Thumb Code     6  stm32f4xx_tim.o(.text)
    USART_DeInit                             0x080029ad   Thumb Code   206  stm32f4xx_usart.o(.text)
    USART_Init                               0x08002a7b   Thumb Code   204  stm32f4xx_usart.o(.text)
    USART_StructInit                         0x08002b47   Thumb Code    24  stm32f4xx_usart.o(.text)
    USART_ClockInit                          0x08002b5f   Thumb Code    32  stm32f4xx_usart.o(.text)
    USART_ClockStructInit                    0x08002b7f   Thumb Code    12  stm32f4xx_usart.o(.text)
    USART_Cmd                                0x08002b8b   Thumb Code    24  stm32f4xx_usart.o(.text)
    USART_SetPrescaler                       0x08002ba3   Thumb Code    16  stm32f4xx_usart.o(.text)
    USART_OverSampling8Cmd                   0x08002bb3   Thumb Code    22  stm32f4xx_usart.o(.text)
    USART_OneBitMethodCmd                    0x08002bc9   Thumb Code    24  stm32f4xx_usart.o(.text)
    USART_SendData                           0x08002be1   Thumb Code     8  stm32f4xx_usart.o(.text)
    USART_ReceiveData                        0x08002be9   Thumb Code    10  stm32f4xx_usart.o(.text)
    USART_SetAddress                         0x08002bf3   Thumb Code    18  stm32f4xx_usart.o(.text)
    USART_ReceiverWakeUpCmd                  0x08002c05   Thumb Code    24  stm32f4xx_usart.o(.text)
    USART_WakeUpConfig                       0x08002c1d   Thumb Code    18  stm32f4xx_usart.o(.text)
    USART_LINBreakDetectLengthConfig         0x08002c2f   Thumb Code    18  stm32f4xx_usart.o(.text)
    USART_LINCmd                             0x08002c41   Thumb Code    24  stm32f4xx_usart.o(.text)
    USART_SendBreak                          0x08002c59   Thumb Code    10  stm32f4xx_usart.o(.text)
    USART_HalfDuplexCmd                      0x08002c63   Thumb Code    24  stm32f4xx_usart.o(.text)
    USART_SetGuardTime                       0x08002c7b   Thumb Code    16  stm32f4xx_usart.o(.text)
    USART_SmartCardCmd                       0x08002c8b   Thumb Code    24  stm32f4xx_usart.o(.text)
    USART_SmartCardNACKCmd                   0x08002ca3   Thumb Code    24  stm32f4xx_usart.o(.text)
    USART_IrDAConfig                         0x08002cbb   Thumb Code    18  stm32f4xx_usart.o(.text)
    USART_IrDACmd                            0x08002ccd   Thumb Code    24  stm32f4xx_usart.o(.text)
    USART_DMACmd                             0x08002ce5   Thumb Code    18  stm32f4xx_usart.o(.text)
    USART_ITConfig                           0x08002cf7   Thumb Code    74  stm32f4xx_usart.o(.text)
    USART_GetFlagStatus                      0x08002d41   Thumb Code    26  stm32f4xx_usart.o(.text)
    USART_ClearFlag                          0x08002d5b   Thumb Code    18  stm32f4xx_usart.o(.text)
    USART_GetITStatus                        0x08002d6d   Thumb Code   118  stm32f4xx_usart.o(.text)
    USART_ClearITPendingBit                  0x08002de3   Thumb Code    30  stm32f4xx_usart.o(.text)
    delay_init                               0x08002e01   Thumb Code    52  delay.o(.text)
    delay_us                                 0x08002e35   Thumb Code    72  delay.o(.text)
    delay_xms                                0x08002e7d   Thumb Code    72  delay.o(.text)
    delay_ms                                 0x08002ec5   Thumb Code    56  delay.o(.text)
    TIM7_Init                                0x08002f05   Thumb Code    86  tim.o(.text)
    TIMM7_Open                               0x08002f5b   Thumb Code    22  tim.o(.text)
    TIM7_Close                               0x08002f71   Thumb Code    22  tim.o(.text)
    TIM4_PWM_Init                            0x08002f87   Thumb Code   218  tim.o(.text)
    Encoder1_TIM_Init                        0x08003061   Thumb Code   192  tim.o(.text)
    Encoder2_TIM_Init                        0x08003121   Thumb Code   188  tim.o(.text)
    TIM2_IRQHandler                          0x080031dd   Thumb Code    22  tim.o(.text)
    TIM3_IRQHandler                          0x080031f3   Thumb Code    22  tim.o(.text)
    Servo_Pitch_PWM_Init                     0x08003209   Thumb Code   158  tim.o(.text)
    Servo_Yaw_PWM_Init                       0x080032a7   Thumb Code   194  tim.o(.text)
    MOTOR_GPIO_Init                          0x0800336d   Thumb Code    48  gpio.o(.text)
    photoelectricity_GPIO_Init               0x0800339d   Thumb Code    48  gpio.o(.text)
    gray_GPIO_Init                           0x080033cd   Thumb Code   222  gpio.o(.text)
    Key_GPIO_Init                            0x080034ab   Thumb Code    86  gpio.o(.text)
    voice_Config                             0x08003501   Thumb Code    94  gpio.o(.text)
    photoelectric_GPIO_Init                  0x0800355f   Thumb Code    82  gpio.o(.text)
    pump_GPIO_Init                           0x080035b1   Thumb Code    60  gpio.o(.text)
    Bluetooth_USART_Init                     0x08003609   Thumb Code   164  usart.o(.text)
    Bluetooth_USART_Close                    0x080036ad   Thumb Code    32  usart.o(.text)
    TFmini_right_USART_Init                  0x080036cd   Thumb Code   172  usart.o(.text)
    TFmini_right_USART_Close                 0x08003779   Thumb Code    34  usart.o(.text)
    OpenMV_USART_Init                        0x0800379b   Thumb Code   174  usart.o(.text)
    OpenMV_USART_Close                       0x08003849   Thumb Code    26  usart.o(.text)
    TFmini_left_USART_Init                   0x08003863   Thumb Code   174  usart.o(.text)
    TFmini_left_USART_Close                  0x08003911   Thumb Code    36  usart.o(.text)
    gyro_USART_Init                          0x08003935   Thumb Code   248  usart.o(.text)
    gyro_USART_Close                         0x08003a2d   Thumb Code    34  usart.o(.text)
    PE_EXTI_Open                             0x08003a59   Thumb Code    32  exti.o(.text)
    PE_EXTI_Init                             0x08003a79   Thumb Code    90  exti.o(.text)
    PE_EXTI_Close                            0x08003ad3   Thumb Code    32  exti.o(.text)
    EXTI15_10_IRQHandler                     0x08003af3   Thumb Code   230  exti.o(.text)
    GYRO_DMA_Config                          0x08003be9   Thumb Code   184  dma.o(.text)
    ProcessDMAData                           0x08003ca1   Thumb Code   242  dma.o(.text)
    DMA1_Stream0_IRQHandler                  0x08003d93   Thumb Code   104  dma.o(.text)
    UART5_IRQHandler                         0x08003dfb   Thumb Code   114  dma.o(.text)
    Motor_Init                               0x08003ec1   Thumb Code    16  motor.o(.text)
    Abs                                      0x08003ed1   Thumb Code    38  motor.o(.text)
    Max                                      0x08003ef7   Thumb Code    40  motor.o(.text)
    Min                                      0x08003f1f   Thumb Code    40  motor.o(.text)
    Limit                                    0x08003f47   Thumb Code    40  motor.o(.text)
    Car_Load                                 0x08003f6f   Thumb Code   130  motor.o(.text)
    Car_stop                                 0x08003ff1   Thumb Code    50  motor.o(.text)
    Encoder_TIM_Init_All                     0x08004031   Thumb Code    12  encoder.o(.text)
    Read_Speed                               0x0800403d   Thumb Code    58  encoder.o(.text)
    get_gray_cnt                             0x0800407d   Thumb Code   190  gray.o(.text)
    get_cross_flag                           0x0800413b   Thumb Code   252  gray.o(.text)
    GYRO_Init                                0x0800425d   Thumb Code    22  gyro.o(.text)
    heading_Trans                            0x08004273   Thumb Code   242  gyro.o(.text)
    IMUData2PC                               0x08004365   Thumb Code     2  gyro.o(.text)
    timestamp                                0x08004367   Thumb Code    30  gyro.o(.text)
    DATA_Trans                               0x08004385   Thumb Code   220  gyro.o(.text)
    AHRSData2PC                              0x08004461   Thumb Code     2  gyro.o(.text)
    TTL_Hex2Dec                              0x08004463   Thumb Code   612  gyro.o(.text)
    Read_Yaw                                 0x080046c7   Thumb Code    72  gyro.o(.text)
    Read_YawSpeed                            0x0800470f   Thumb Code    24  gyro.o(.text)
    Read_Roll                                0x08004727   Thumb Code    16  gyro.o(.text)
    Change_Err                               0x08004737   Thumb Code   568  gyro.o(.text)
    servo_Init_All                           0x080049cd   Thumb Code    28  servo.o(.text)
    Servo_Pitch_Control                      0x080049e9   Thumb Code    14  servo.o(.text)
    Servo_Yaw_Control                        0x080049f7   Thumb Code    14  servo.o(.text)
    ServoControl                             0x08004a05   Thumb Code   224  servo.o(.text)
    ServoMove                                0x08004ae5   Thumb Code    64  servo.o(.text)
    USART1_IRQHandler                        0x08004b2d   Thumb Code   316  bluetooth.o(.text)
    lidar_Init                               0x08004c85   Thumb Code    26  lidar.o(.text)
    left_lidar_state                         0x08004c9f   Thumb Code    18  lidar.o(.text)
    right_lidar_state                        0x08004cb1   Thumb Code    18  lidar.o(.text)
    UART4_IRQHandler                         0x08004cc3   Thumb Code   242  lidar.o(.text)
    USART2_IRQHandler                        0x08004db5   Thumb Code   242  lidar.o(.text)
    LCD_WR_REG                               0x08004ed1   Thumb Code    18  lcd.o(.text)
    LCD_WR_DATA                              0x08004ee3   Thumb Code    20  lcd.o(.text)
    LCD_RD_DATA                              0x08004ef7   Thumb Code    16  lcd.o(.text)
    LCD_WriteReg                             0x08004f07   Thumb Code    14  lcd.o(.text)
    LCD_ReadReg                              0x08004f15   Thumb Code    22  lcd.o(.text)
    LCD_WriteRAM_Prepare                     0x08004f2b   Thumb Code    10  lcd.o(.text)
    LCD_WriteRAM                             0x08004f35   Thumb Code     8  lcd.o(.text)
    LCD_BGR2RGB                              0x08004f3d   Thumb Code    26  lcd.o(.text)
    opt_delay                                0x08004f57   Thumb Code    14  lcd.o(.text)
    LCD_SetCursor                            0x08004f65   Thumb Code   282  lcd.o(.text)
    LCD_ReadPoint                            0x0800507f   Thumb Code   132  lcd.o(.text)
    LCD_DisplayOn                            0x08005103   Thumb Code    32  lcd.o(.text)
    LCD_DisplayOff                           0x08005123   Thumb Code    32  lcd.o(.text)
    LCD_Scan_Dir                             0x08005143   Thumb Code   570  lcd.o(.text)
    LCD_DrawPoint                            0x0800537d   Thumb Code    28  lcd.o(.text)
    LCD_Fast_DrawPoint                       0x08005399   Thumb Code   238  lcd.o(.text)
    LCD_SSD_BackLightSet                     0x08005487   Thumb Code    88  lcd.o(.text)
    LCD_Display_Dir                          0x080054df   Thumb Code   298  lcd.o(.text)
    LCD_Set_Window                           0x08005609   Thumb Code   384  lcd.o(.text)
    LCD_Clear                                0x08005789   Thumb Code    42  lcd.o(.text)
    LCD_Init                                 0x080057b3   Thumb Code 10292  lcd.o(.text)
    LCD_Fill                                 0x08007fe7   Thumb Code    82  lcd.o(.text)
    LCD_Color_Fill                           0x08008039   Thumb Code    92  lcd.o(.text)
    LCD_DrawLine                             0x08008095   Thumb Code   176  lcd.o(.text)
    LCD_DrawRectangle                        0x08008145   Thumb Code    60  lcd.o(.text)
    LCD_Draw_Circle                          0x08008181   Thumb Code   152  lcd.o(.text)
    LCD_ShowChar                             0x08008219   Thumb Code   288  lcd.o(.text)
    LCD_Pow                                  0x08008339   Thumb Code    22  lcd.o(.text)
    LCD_ShowNum                              0x0800834f   Thumb Code   148  lcd.o(.text)
    LCD_ShowxNum                             0x080083e3   Thumb Code   190  lcd.o(.text)
    LCD_ShowString                           0x080084a1   Thumb Code   102  lcd.o(.text)
    Chinese_Show_one                         0x08008507   Thumb Code   172  lcd.o(.text)
    Qinwei                                   0x080085b3   Thumb Code   310  lcd.o(.text)
    Yiban                                    0x080086e9   Thumb Code   276  lcd.o(.text)
    Yanzhong                                 0x080087fd   Thumb Code   276  lcd.o(.text)
    LCD_hanqing                              0x08008911   Thumb Code    42  lcd.o(.text)
    VirtualTx_Config                         0x08008941   Thumb Code    94  mp3.o(.text)
    VirtualCOM_ByteSend                      0x0800899f   Thumb Code    78  mp3.o(.text)
    VirtualCOM_StringSend                    0x080089ed   Thumb Code    24  mp3.o(.text)
    MP3_broadcast                            0x08008a05   Thumb Code    48  mp3.o(.text)
    USART3_IRQHandler                        0x08008a49   Thumb Code   362  openmv.o(.text)
    get_OpenMV                               0x08008bb3   Thumb Code    50  openmv.o(.text)
    set_pid                                  0x08008c09   Thumb Code    22  pid.o(.text)
    reset_pid                                0x08008c1f   Thumb Code    26  pid.o(.text)
    pid_calculate                            0x08008c39   Thumb Code   390  pid.o(.text)
    set_increment_pid                        0x08008dbf   Thumb Code    58  pid.o(.text)
    reset_increment_pid                      0x08008df9   Thumb Code    34  pid.o(.text)
    increment_pid_calculate                  0x08008e1b   Thumb Code   316  pid.o(.text)
    movement_stop                            0x08008f61   Thumb Code    26  chassis.o(.text)
    chassis_pid_Init                         0x08008f7b   Thumb Code    76  chassis.o(.text)
    chassis_Init                             0x08008fc7   Thumb Code    78  chassis.o(.text)
    check_arrive                             0x08009015   Thumb Code   156  chassis.o(.text)
    set_speed                                0x080090b1   Thumb Code    36  chassis.o(.text)
    chassis_rotate                           0x080090d5   Thumb Code   218  chassis.o(.text)
    chassis_run                              0x080091af   Thumb Code   538  chassis.o(.text)
    TIM7_IRQHandler                          0x080093c9   Thumb Code    74  chassis.o(.text)
    arm_Init                                 0x08009429   Thumb Code    46  arm.o(.text)
    lidar_water_confirm                      0x08009457   Thumb Code    50  arm.o(.text)
    water_finish                             0x08009489   Thumb Code   116  arm.o(.text)
    water                                    0x080094fd   Thumb Code   308  arm.o(.text)
    get_water_direction                      0x08009631   Thumb Code   296  arm.o(.text)
    water_task                               0x08009759   Thumb Code   460  arm.o(.text)
    arm_water_task                           0x08009925   Thumb Code   190  arm.o(.text)
    __aeabi_memcpy                           0x08009a05   Thumb Code    36  memcpya.o(.text)
    __aeabi_memcpy4                          0x08009a05   Thumb Code     0  memcpya.o(.text)
    __aeabi_memcpy8                          0x08009a05   Thumb Code     0  memcpya.o(.text)
    __aeabi_dadd                             0x08009a29   Thumb Code   322  dadd.o(.text)
    __aeabi_dsub                             0x08009b6b   Thumb Code     6  dadd.o(.text)
    __aeabi_drsub                            0x08009b71   Thumb Code     6  dadd.o(.text)
    __aeabi_dmul                             0x08009b77   Thumb Code   228  dmul.o(.text)
    __aeabi_ddiv                             0x08009c5b   Thumb Code   222  ddiv.o(.text)
    __aeabi_l2f                              0x08009d39   Thumb Code    44  ffltl.o(.text)
    __aeabi_i2d                              0x08009d65   Thumb Code    34  dflti.o(.text)
    __aeabi_ui2d                             0x08009d87   Thumb Code    26  dfltui.o(.text)
    __aeabi_d2iz                             0x08009da1   Thumb Code    62  dfixi.o(.text)
    __aeabi_d2uiz                            0x08009ddf   Thumb Code    50  dfixui.o(.text)
    __aeabi_f2d                              0x08009e11   Thumb Code    38  f2d.o(.text)
    __aeabi_cdcmpeq                          0x08009e39   Thumb Code     0  cdcmple.o(.text)
    __aeabi_cdcmple                          0x08009e39   Thumb Code    48  cdcmple.o(.text)
    __aeabi_cdrcmple                         0x08009e69   Thumb Code    48  cdrcmple.o(.text)
    __aeabi_d2f                              0x08009e99   Thumb Code    56  d2f.o(.text)
    __aeabi_llsl                             0x08009ed1   Thumb Code    30  llshl.o(.text)
    _ll_shift_l                              0x08009ed1   Thumb Code     0  llshl.o(.text)
    __aeabi_llsr                             0x08009eef   Thumb Code    32  llushr.o(.text)
    _ll_ushift_r                             0x08009eef   Thumb Code     0  llushr.o(.text)
    __aeabi_lasr                             0x08009f0f   Thumb Code    36  llsshr.o(.text)
    _ll_sshift_r                             0x08009f0f   Thumb Code     0  llsshr.o(.text)
    __I$use$fp                               0x08009f33   Thumb Code     0  iusefp.o(.text)
    _float_round                             0x08009f33   Thumb Code    18  fepilogue.o(.text)
    _float_epilogue                          0x08009f45   Thumb Code    92  fepilogue.o(.text)
    _double_round                            0x08009fa1   Thumb Code    30  depilogue.o(.text)
    _double_epilogue                         0x08009fbf   Thumb Code   156  depilogue.o(.text)
    __ARM_scalbn                             0x0800a05b   Thumb Code    46  dscalb.o(.text)
    scalbn                                   0x0800a05b   Thumb Code     0  dscalb.o(.text)
    __scatterload                            0x0800a089   Thumb Code    28  init.o(.text)
    __scatterload_rt2                        0x0800a089   Thumb Code     0  init.o(.text)
    _dsqrt                                   0x0800a0ad   Thumb Code   162  dsqrt.o(.text)
    __decompress                             0x0800a14f   Thumb Code     0  __dczerorl2.o(.text)
    __decompress1                            0x0800a14f   Thumb Code    86  __dczerorl2.o(.text)
    __ARM_fpclassify                         0x0800a1a5   Thumb Code    48  fpclassify.o(i.__ARM_fpclassify)
    __hardfp_fabs                            0x0800a1d5   Thumb Code    20  fabs.o(i.__hardfp_fabs)
    __hardfp_pow                             0x0800a1e9   Thumb Code  3044  pow.o(i.__hardfp_pow)
    __kernel_poly                            0x0800ae21   Thumb Code   248  poly.o(i.__kernel_poly)
    __mathlib_dbl_divzero                    0x0800af19   Thumb Code    28  dunder.o(i.__mathlib_dbl_divzero)
    __mathlib_dbl_infnan2                    0x0800af49   Thumb Code    20  dunder.o(i.__mathlib_dbl_infnan2)
    __mathlib_dbl_invalid                    0x0800af61   Thumb Code    24  dunder.o(i.__mathlib_dbl_invalid)
    __mathlib_dbl_overflow                   0x0800af81   Thumb Code    24  dunder.o(i.__mathlib_dbl_overflow)
    __mathlib_dbl_underflow                  0x0800afa1   Thumb Code    24  dunder.o(i.__mathlib_dbl_underflow)
    __scatterload_copy                       0x0800afc1   Thumb Code    14  handlers.o(i.__scatterload_copy)
    __scatterload_null                       0x0800afcf   Thumb Code     2  handlers.o(i.__scatterload_null)
    __scatterload_zeroinit                   0x0800afd1   Thumb Code    14  handlers.o(i.__scatterload_zeroinit)
    __set_errno                              0x0800afe1   Thumb Code     6  errno.o(i.__set_errno)
    fabs                                     0x0800afed   Thumb Code    24  fabs.o(i.fabs)
    sqrt                                     0x0800b005   Thumb Code   110  sqrt.o(i.sqrt)
    FSMC_DefaultTimingStruct                 0x0800b074   Data          28  stm32f4xx_fsmc.o(.constdata)
    asc2_1206                                0x0800b090   Data        1140  lcd.o(.constdata)
    asc2_1608                                0x0800b504   Data        1520  lcd.o(.constdata)
    asc2_2412                                0x0800baf4   Data        3420  lcd.o(.constdata)
    chinese                                  0x0800c850   Data         448  lcd.o(.constdata)
    __mathlib_zero                           0x0800ca98   Data           8  qnan.o(.constdata)
    Region$$Table$$Base                      0x0800caa0   Number         0  anon$$obj.o(Region$$Table)
    Region$$Table$$Limit                     0x0800cac0   Number         0  anon$$obj.o(Region$$Table)
    SystemCoreClock                          0x20000000   Data           4  system_stm32f4xx.o(.data)
    AHBPrescTable                            0x20000004   Data          16  system_stm32f4xx.o(.data)
    plant_cnt                                0x20000014   Data           4  run.o(.data)
    region                                   0x20000018   Data           1  run.o(.data)
    lidar_err                                0x2000001c   Data           4  run.o(.data)
    C_lidar_error                            0x20000020   Data           4  run.o(.data)
    operation_sequence                       0x20000024   Data          60  run.o(.data)
    max_run_itr                              0x20000060   Data           1  run.o(.data)
    itr                                      0x20000061   Data           1  run.o(.data)
    left_water_flag                          0x20000078   Data           4  exti.o(.data)
    right_water_flag                         0x2000007c   Data           4  exti.o(.data)
    current_buffer                           0x20000080   Data           4  dma.o(.data)
    processing_buffer                        0x20000084   Data           4  dma.o(.data)
    cross_cnt                                0x2000008c   Data           4  gray.o(.data)
    cnt                                      0x20000090   Data           4  gray.o(.data)
    gyro_init_flag                           0x20000094   Data           4  gyro.o(.data)
    ori_target_Yaw                           0x20000098   Data           4  gyro.o(.data)
    target_Yaw                               0x2000009c   Data           4  gyro.o(.data)
    current_yaw                              0x200000a0   Data           4  gyro.o(.data)
    target_roll                              0x200000a4   Data           4  gyro.o(.data)
    current_roll                             0x200000a8   Data           4  gyro.o(.data)
    clockwise_rotate_flag                    0x200000ac   Data           4  gyro.o(.data)
    ttl_receive                              0x200000b0   Data           1  gyro.o(.data)
    rs_imutype                               0x200000b4   Data           4  gyro.o(.data)
    rs_ahrstype                              0x200000b8   Data           4  gyro.o(.data)
    j                                        0x200000bc   Data           4  gyro.o(.data)
    j1                                       0x200000c0   Data           4  gyro.o(.data)
    F                                        0x200000c4   Data           4  gyro.o(.data)
    F_L                                      0x200000c8   Data           4  gyro.o(.data)
    F_R                                      0x200000cc   Data           4  gyro.o(.data)
    C                                        0x200000d0   Data           4  gyro.o(.data)
    ROLL                                     0x200000d4   Data           4  gyro.o(.data)
    drought_buff                             0x200000d8   Data          40  bluetooth.o(.data)
    receive_flag                             0x20000100   Data           1  bluetooth.o(.data)
    lcx                                      0x20000101   Data           1  bluetooth.o(.data)
    lcy                                      0x20000102   Data           1  bluetooth.o(.data)
    lcolor                                   0x20000103   Data           1  bluetooth.o(.data)
    lz                                       0x20000104   Data           1  bluetooth.o(.data)
    ganhan                                   0x20000105   Data           1  bluetooth.o(.data)
    bluetooth_receive_flag                   0x20000106   Data           1  bluetooth.o(.data)
    USART_RX_STA                             0x20000108   Data           2  bluetooth.o(.data)
    Distance_left_max                        0x20000112   Data           2  lidar.o(.data)
    Distance_left_min                        0x20000114   Data           2  lidar.o(.data)
    Distance_right_max                       0x20000116   Data           2  lidar.o(.data)
    Distance_right_min                       0x20000118   Data           2  lidar.o(.data)
    lidar_right                              0x2000011a   Data           2  lidar.o(.data)
    lidar_left                               0x2000011c   Data           2  lidar.o(.data)
    POINT_COLOR                              0x20000124   Data           2  lcd.o(.data)
    BACK_COLOR                               0x20000126   Data           2  lcd.o(.data)
    N_Flag                                   0x20000128   Data           4  lcd.o(.data)
    slight                                   0x2000012c   Data           8  mp3.o(.data)
    general                                  0x20000134   Data           8  mp3.o(.data)
    serious                                  0x2000013c   Data           8  mp3.o(.data)
    cx                                       0x20000144   Data           1  openmv.o(.data)
    cy                                       0x20000145   Data           1  openmv.o(.data)
    color                                    0x20000146   Data           1  openmv.o(.data)
    z                                        0x20000147   Data           1  openmv.o(.data)
    water_times                              0x20000148   Data           1  openmv.o(.data)
    vec                                      0x2000014c   Data           8  chassis.o(.data)
    chassis_mode                             0x20000154   Data           1  chassis.o(.data)
    speed_limit                              0x20000158   Data           4  chassis.o(.data)
    heading_speed_limit                      0x2000015c   Data           4  chassis.o(.data)
    left_target_speed                        0x20000160   Data           4  chassis.o(.data)
    right_target_speed                       0x20000164   Data           4  chassis.o(.data)
    rotate_arrive                            0x20000168   Data           4  chassis.o(.data)
    rotate_vague_arrive                      0x2000016c   Data           4  chassis.o(.data)
    water_finish_structure                   0x20000178   Data           4  arm.o(.data)
    B_add                                    0x2000017c   Data           4  arm.o(.data)
    UART5_RX_Buffer_A                        0x20000188   Data         256  dma.o(.bss)
    UART5_RX_Buffer_B                        0x20000288   Data         256  dma.o(.bss)
    IMUData_Packet                           0x20000388   Data          52  gyro.o(.bss)
    AHRSData_Packet                          0x200003bc   Data          44  gyro.o(.bss)
    Fd_data                                  0x200003e8   Data          64  gyro.o(.bss)
    Fd_rsimu                                 0x20000428   Data          64  gyro.o(.bss)
    Fd_rsahrs                                0x20000468   Data          56  gyro.o(.bss)
    b                                        0x200004a0   Data         200  gyro.o(.bss)
    a                                        0x20000568   Data         200  gyro.o(.bss)
    USART_RX_BUF                             0x20000630   Data         200  bluetooth.o(.bss)
    rx_data_right                            0x2000070c   Data           9  lidar.o(.bss)
    rx_data_left                             0x20000715   Data           9  lidar.o(.bss)
    lcddev                                   0x2000071e   Data          14  lcd.o(.bss)
    info                                     0x20000740   Data          80  chassis.o(.bss)
    left_inc_PID                             0x20000790   Data          44  chassis.o(.bss)
    right_inc_PID                            0x200007bc   Data          44  chassis.o(.bss)
    heading_inc_PID                          0x200007e8   Data          44  chassis.o(.bss)
    __initial_sp                             0x20000c18   Data           0  startup_stm32f40_41xxx.o(STACK)



==============================================================================

Memory Map of the image

  Image Entry point : 0x08000189

  Load Region LR_IROM1 (Base: 0x08000000, Size: 0x0000cc48, Max: 0x00100000, ABSOLUTE, COMPRESSED[0x0000cb2c])

    Execution Region ER_IROM1 (Base: 0x08000000, Size: 0x0000cac0, Max: 0x00100000, ABSOLUTE)

    Base Addr    Size         Type   Attr      Idx    E Section Name        Object

    0x08000000   0x00000188   Data   RO          331    RESET               startup_stm32f40_41xxx.o
    0x08000188   0x00000000   Code   RO         1659  * .ARM.Collect$$$$00000000  mc_w.l(entry.o)
    0x08000188   0x00000004   Code   RO         1721    .ARM.Collect$$$$00000001  mc_w.l(entry2.o)
    0x0800018c   0x00000004   Code   RO         1724    .ARM.Collect$$$$00000004  mc_w.l(entry5.o)
    0x08000190   0x00000000   Code   RO         1726    .ARM.Collect$$$$00000008  mc_w.l(entry7b.o)
    0x08000190   0x00000000   Code   RO         1728    .ARM.Collect$$$$0000000A  mc_w.l(entry8b.o)
    0x08000190   0x00000008   Code   RO         1729    .ARM.Collect$$$$0000000B  mc_w.l(entry9a.o)
    0x08000198   0x00000000   Code   RO         1731    .ARM.Collect$$$$0000000D  mc_w.l(entry10a.o)
    0x08000198   0x00000000   Code   RO         1733    .ARM.Collect$$$$0000000F  mc_w.l(entry11a.o)
    0x08000198   0x00000004   Code   RO         1722    .ARM.Collect$$$$00002712  mc_w.l(entry2.o)
    0x0800019c   0x0000001c   Code   RO            3    .text               main.o
    0x080001b8   0x0000001a   Code   RO          221    .text               stm32f4xx_it.o
    0x080001d2   0x00000002   PAD
    0x080001d4   0x00000210   Code   RO          270    .text               system_stm32f4xx.o
    0x080003e4   0x0000041c   Code   RO          296    .text               run.o
    0x08000800   0x00000024   Code   RO          332    .text               startup_stm32f40_41xxx.o
    0x08000824   0x000000e0   Code   RO          338    .text               misc.o
    0x08000904   0x000003a8   Code   RO          581    .text               stm32f4xx_dma.o
    0x08000cac   0x00000110   Code   RO          601    .text               stm32f4xx_exti.o
    0x08000dbc   0x000005c8   Code   RO          664    .text               stm32f4xx_fsmc.o
    0x08001384   0x00000294   Code   RO          687    .text               stm32f4xx_gpio.o
    0x08001618   0x0000065c   Code   RO          850    .text               stm32f4xx_rcc.o
    0x08001c74   0x00000094   Code   RO          975    .text               stm32f4xx_syscfg.o
    0x08001d08   0x00000ca2   Code   RO          995    .text               stm32f4xx_tim.o
    0x080029aa   0x00000002   PAD
    0x080029ac   0x00000454   Code   RO         1015    .text               stm32f4xx_usart.o
    0x08002e00   0x00000104   Code   RO         1055    .text               delay.o
    0x08002f04   0x00000468   Code   RO         1095    .text               tim.o
    0x0800336c   0x0000029c   Code   RO         1115    .text               gpio.o
    0x08003608   0x00000450   Code   RO         1155    .text               usart.o
    0x08003a58   0x00000190   Code   RO         1175    .text               exti.o
    0x08003be8   0x000002d8   Code   RO         1201    .text               dma.o
    0x08003ec0   0x00000170   Code   RO         1225    .text               motor.o
    0x08004030   0x0000004c   Code   RO         1245    .text               encoder.o
    0x0800407c   0x000001e0   Code   RO         1268    .text               gray.o
    0x0800425c   0x00000770   Code   RO         1295    .text               gyro.o
    0x080049cc   0x00000160   Code   RO         1324    .text               servo.o
    0x08004b2c   0x00000158   Code   RO         1347    .text               bluetooth.o
    0x08004c84   0x0000024c   Code   RO         1374    .text               lidar.o
    0x08004ed0   0x00003a70   Code   RO         1401    .text               lcd.o
    0x08008940   0x00000108   Code   RO         1432    .text               mp3.o
    0x08008a48   0x000001c0   Code   RO         1455    .text               openmv.o
    0x08008c08   0x00000358   Code   RO         1482    .text               pid.o
    0x08008f60   0x000004c8   Code   RO         1565    .text               chassis.o
    0x08009428   0x000005dc   Code   RO         1614    .text               arm.o
    0x08009a04   0x00000024   Code   RO         1662    .text               mc_w.l(memcpya.o)
    0x08009a28   0x0000014e   Code   RO         1666    .text               mf_w.l(dadd.o)
    0x08009b76   0x000000e4   Code   RO         1668    .text               mf_w.l(dmul.o)
    0x08009c5a   0x000000de   Code   RO         1670    .text               mf_w.l(ddiv.o)
    0x08009d38   0x0000002c   Code   RO         1672    .text               mf_w.l(ffltl.o)
    0x08009d64   0x00000022   Code   RO         1674    .text               mf_w.l(dflti.o)
    0x08009d86   0x0000001a   Code   RO         1676    .text               mf_w.l(dfltui.o)
    0x08009da0   0x0000003e   Code   RO         1678    .text               mf_w.l(dfixi.o)
    0x08009dde   0x00000032   Code   RO         1680    .text               mf_w.l(dfixui.o)
    0x08009e10   0x00000026   Code   RO         1682    .text               mf_w.l(f2d.o)
    0x08009e36   0x00000002   PAD
    0x08009e38   0x00000030   Code   RO         1684    .text               mf_w.l(cdcmple.o)
    0x08009e68   0x00000030   Code   RO         1686    .text               mf_w.l(cdrcmple.o)
    0x08009e98   0x00000038   Code   RO         1688    .text               mf_w.l(d2f.o)
    0x08009ed0   0x0000001e   Code   RO         1735    .text               mc_w.l(llshl.o)
    0x08009eee   0x00000020   Code   RO         1737    .text               mc_w.l(llushr.o)
    0x08009f0e   0x00000024   Code   RO         1739    .text               mc_w.l(llsshr.o)
    0x08009f32   0x00000000   Code   RO         1748    .text               mc_w.l(iusefp.o)
    0x08009f32   0x0000006e   Code   RO         1749    .text               mf_w.l(fepilogue.o)
    0x08009fa0   0x000000ba   Code   RO         1751    .text               mf_w.l(depilogue.o)
    0x0800a05a   0x0000002e   Code   RO         1755    .text               mf_w.l(dscalb.o)
    0x0800a088   0x00000024   Code   RO         1757    .text               mc_w.l(init.o)
    0x0800a0ac   0x000000a2   Code   RO         1759    .text               mf_w.l(dsqrt.o)
    0x0800a14e   0x00000056   Code   RO         1769    .text               mc_w.l(__dczerorl2.o)
    0x0800a1a4   0x00000030   Code   RO         1704    i.__ARM_fpclassify  m_wm.l(fpclassify.o)
    0x0800a1d4   0x00000014   Code   RO         1639    i.__hardfp_fabs     m_wm.l(fabs.o)
    0x0800a1e8   0x00000c38   Code   RO         1645    i.__hardfp_pow      m_wm.l(pow.o)
    0x0800ae20   0x000000f8   Code   RO         1706    i.__kernel_poly     m_wm.l(poly.o)
    0x0800af18   0x00000030   Code   RO         1690    i.__mathlib_dbl_divzero  m_wm.l(dunder.o)
    0x0800af48   0x00000014   Code   RO         1692    i.__mathlib_dbl_infnan2  m_wm.l(dunder.o)
    0x0800af5c   0x00000004   PAD
    0x0800af60   0x00000020   Code   RO         1693    i.__mathlib_dbl_invalid  m_wm.l(dunder.o)
    0x0800af80   0x00000020   Code   RO         1694    i.__mathlib_dbl_overflow  m_wm.l(dunder.o)
    0x0800afa0   0x00000020   Code   RO         1696    i.__mathlib_dbl_underflow  m_wm.l(dunder.o)
    0x0800afc0   0x0000000e   Code   RO         1763    i.__scatterload_copy  mc_w.l(handlers.o)
    0x0800afce   0x00000002   Code   RO         1764    i.__scatterload_null  mc_w.l(handlers.o)
    0x0800afd0   0x0000000e   Code   RO         1765    i.__scatterload_zeroinit  mc_w.l(handlers.o)
    0x0800afde   0x00000002   PAD
    0x0800afe0   0x0000000c   Code   RO         1743    i.__set_errno       mc_w.l(errno.o)
    0x0800afec   0x00000018   Code   RO         1641    i.fabs              m_wm.l(fabs.o)
    0x0800b004   0x0000006e   Code   RO         1711    i.sqrt              m_wm.l(sqrt.o)
    0x0800b072   0x00000002   PAD
    0x0800b074   0x0000001c   Data   RO          665    .constdata          stm32f4xx_fsmc.o
    0x0800b090   0x00001980   Data   RO         1403    .constdata          lcd.o
    0x0800ca10   0x00000088   Data   RO         1648    .constdata          m_wm.l(pow.o)
    0x0800ca98   0x00000008   Data   RO         1708    .constdata          m_wm.l(qnan.o)
    0x0800caa0   0x00000020   Data   RO         1761    Region$$Table       anon$$obj.o


    Execution Region RW_IRAM1 (Base: 0x20000000, Size: 0x00000c18, Max: 0x00020000, ABSOLUTE, COMPRESSED[0x0000006c])

    Base Addr    Size         Type   Attr      Idx    E Section Name        Object

    0x20000000   0x00000014   Data   RW          271    .data               system_stm32f4xx.o
    0x20000014   0x0000004e   Data   RW          298    .data               run.o
    0x20000062   0x00000010   Data   RW          851    .data               stm32f4xx_rcc.o
    0x20000072   0x00000004   Data   RW         1056    .data               delay.o
    0x20000076   0x00000002   PAD
    0x20000078   0x00000008   Data   RW         1176    .data               exti.o
    0x20000080   0x0000000c   Data   RW         1203    .data               dma.o
    0x2000008c   0x00000008   Data   RW         1270    .data               gray.o
    0x20000094   0x00000044   Data   RW         1297    .data               gyro.o
    0x200000d8   0x00000039   Data   RW         1349    .data               bluetooth.o
    0x20000111   0x00000001   PAD
    0x20000112   0x00000010   Data   RW         1376    .data               lidar.o
    0x20000122   0x00000002   PAD
    0x20000124   0x00000008   Data   RW         1404    .data               lcd.o
    0x2000012c   0x00000018   Data   RW         1433    .data               mp3.o
    0x20000144   0x00000008   Data   RW         1457    .data               openmv.o
    0x2000014c   0x0000002c   Data   RW         1568    .data               chassis.o
    0x20000178   0x0000000c   Data   RW         1616    .data               arm.o
    0x20000184   0x00000004   Data   RW         1744    .data               mc_w.l(errno.o)
    0x20000188   0x00000200   Zero   RW         1202    .bss                dma.o
    0x20000388   0x000002a8   Zero   RW         1296    .bss                gyro.o
    0x20000630   0x000000dc   Zero   RW         1348    .bss                bluetooth.o
    0x2000070c   0x00000012   Zero   RW         1375    .bss                lidar.o
    0x2000071e   0x0000000e   Zero   RW         1402    .bss                lcd.o
    0x2000072c   0x00000014   Zero   RW         1456    .bss                openmv.o
    0x20000740   0x000000d4   Zero   RW         1566    .bss                chassis.o
    0x20000814   0x00000004   PAD
    0x20000818   0x00000400   Zero   RW          329    STACK               startup_stm32f40_41xxx.o


==============================================================================

Image component sizes


      Code (inc. data)   RO Data    RW Data    ZI Data      Debug   Object Name

      1500        116          0         12          0       4368   arm.o
       344         28          0         57        220       1762   bluetooth.o
      1224        146          0         44        212       4813   chassis.o
       260          8          0          4          0       1417   delay.o
       728         84          0         12        512       2289   dma.o
        76          6          0          0          0       1178   encoder.o
       400         16          0          8          0       1378   exti.o
       668         28          0          0          0       1794   gpio.o
       480         38          0          8          0       1221   gray.o
      1904        174          0         68        680       5910   gyro.o
     14960        140       6528          8         14      20216   lcd.o
       588         42          0         16         18       2673   lidar.o
        28          0          0          0          0     306409   main.o
       224         20          0          0          0       1797   misc.o
       368         14          0          0          0       2145   motor.o
       264         20          0         24          0       1784   mp3.o
       448         36          0          8         20       1727   openmv.o
       856         10          0          0          0       2708   pid.o
      1052         82          0         78          0       4254   run.o
       352          8          0          0          0       1410   servo.o
        36          8        392          0       1024        820   startup_stm32f40_41xxx.o
       936         32          0          0          0       6273   stm32f4xx_dma.o
       272         10          0          0          0       2243   stm32f4xx_exti.o
      1480         18         28          0          0       5586   stm32f4xx_fsmc.o
       660         44          0          0          0       4073   stm32f4xx_gpio.o
        26          0          0          0          0       1214   stm32f4xx_it.o
      1628         52          0         16          0      12852   stm32f4xx_rcc.o
       148         12          0          0          0       1833   stm32f4xx_syscfg.o
      3234         60          0          0          0      22280   stm32f4xx_tim.o
      1108         34          0          0          0       7776   stm32f4xx_usart.o
       528         46          0         20          0       1747   system_stm32f4xx.o
      1128         40          0          0          0       3052   tim.o
      1104         50          0          0          0       3095   usart.o

    ----------------------------------------------------------------------
     39016       1422       6980        388       2704     444097   Object Totals
         0          0         32          0          0          0   (incl. Generated)
         4          0          0          5          4          0   (incl. Padding)

    ----------------------------------------------------------------------

      Code (inc. data)   RO Data    RW Data    ZI Data      Debug   Library Member Name

       164         44          0          0          0        620   dunder.o
        44          0          0          0          0        248   fabs.o
        48          0          0          0          0        124   fpclassify.o
       248          0          0          0          0        152   poly.o
      3128        302        136          0          0        356   pow.o
         0          0          8          0          0          0   qnan.o
       110          0          0          0          0        148   sqrt.o
        86          0          0          0          0          0   __dczerorl2.o
         0          0          0          0          0          0   entry.o
         0          0          0          0          0          0   entry10a.o
         0          0          0          0          0          0   entry11a.o
         8          4          0          0          0          0   entry2.o
         4          0          0          0          0          0   entry5.o
         0          0          0          0          0          0   entry7b.o
         0          0          0          0          0          0   entry8b.o
         8          4          0          0          0          0   entry9a.o
        12          6          0          4          0         68   errno.o
        30          0          0          0          0          0   handlers.o
        36          8          0          0          0         68   init.o
         0          0          0          0          0          0   iusefp.o
        30          0          0          0          0         68   llshl.o
        36          0          0          0          0         68   llsshr.o
        32          0          0          0          0         68   llushr.o
        36          0          0          0          0         68   memcpya.o
        48          0          0          0          0         68   cdcmple.o
        48          0          0          0          0         68   cdrcmple.o
        56          0          0          0          0         88   d2f.o
       334          0          0          0          0        148   dadd.o
       222          0          0          0          0        100   ddiv.o
       186          0          0          0          0        176   depilogue.o
        62          0          0          0          0         80   dfixi.o
        50          0          0          0          0         76   dfixui.o
        34          0          0          0          0         76   dflti.o
        26          0          0          0          0         76   dfltui.o
       228          0          0          0          0         96   dmul.o
        46          0          0          0          0         80   dscalb.o
       162          0          0          0          0        100   dsqrt.o
        38          0          0          0          0         68   f2d.o
       110          0          0          0          0        168   fepilogue.o
        44          0          0          0          0         92   ffltl.o

    ----------------------------------------------------------------------
      5764        368        144          4          0       3616   Library Totals
        10          0          0          0          0          0   (incl. Padding)

    ----------------------------------------------------------------------

      Code (inc. data)   RO Data    RW Data    ZI Data      Debug   Library Name

      3742        346        144          0          0       1648   m_wm.l
       318         22          0          4          0        408   mc_w.l
      1694          0          0          0          0       1560   mf_w.l

    ----------------------------------------------------------------------
      5764        368        144          4          0       3616   Library Totals

    ----------------------------------------------------------------------

==============================================================================


      Code (inc. data)   RO Data    RW Data    ZI Data      Debug   

     44780       1790       7124        392       2704     439909   Grand Totals
     44780       1790       7124        108       2704     439909   ELF Image Totals (compressed)
     44780       1790       7124        108          0          0   ROM Totals

==============================================================================

    Total RO  Size (Code + RO Data)                51904 (  50.69kB)
    Total RW  Size (RW Data + ZI Data)              3096 (   3.02kB)
    Total ROM Size (Code + RO Data + RW Data)      52012 (  50.79kB)

==============================================================================

