<html>
<body>
<pre>
<h1>µVision Build Log</h1>
<h2>Tool Versions:</h2>
IDE-Version: ¦ÌVision V5.14.0.0
Copyright (C) 2015 ARM Ltd and ARM Germany GmbH. All rights reserved.
License Information: 1 blue, 1, LIC=KRMW3-A0UJ4-KP6ZY-IPUDE-7XGR8-4HUFH
 
Tool Versions:
Toolchain:       MDK-ARM Standard  Version: 5.14.0.0
Toolchain Path:  D:\Downloads\keil5\ARM\ARMCC\Bin
C Compiler:      Armcc.exe V5.05 update 1 (build 106)
Assembler:       Armasm.exe V5.05 update 1 (build 106)
Linker/Locator:  ArmLink.exe V5.05 update 1 (build 106)
Library Manager: ArmAr.exe V5.05 update 1 (build 106)
Hex Converter:   FromElf.exe V5.05 update 1 (build 106)
CPU DLL:         SARMCM3.DLL V5.14.0.0
Dialog DLL:      DCM.DLL V1.13.1.0
Target DLL:      CMSIS_AGDI.dll V1.21.0.0
Dialog DLL:      TCM.DLL V1.14.4.0
 
<h2>Project:</h2>
D:\Github\Irrigation-robot\SLAVE\Project.uvprojx
Project File Date:  06/07/2024

<h2>Output:</h2>
Build target 'Target 1'
compiling timer.c...
System\timer\timer.c(109): warning:  #223-D: function "mpu_get" declared implicitly
                if (mpu_get())
System\timer\timer.c: 1 warning, 0 errors
compiling main.c...
.\Module\servo\servo.h(5): warning:  #1295-D: Deprecated declaration servoInit - give arg types
  void servoInit();
User\main.c: 1 warning, 0 errors
linking...
Program Size: Code=26732 RO-data=3924 RW-data=120 ZI-data=1952  
".\Objects\Project.axf" - 0 Error(s), 2 Warning(s).

<h2>Collection of Component include folders:</h2>
  D:\Github\Irrigation-robot\SLAVE\RTE
  D:\Downloads\keil5\ARM\PACK\Keil\STM32F1xx_DFP\2.2.0

<h2>Collection of Component Files used:</h2>
</pre>
</body>
</html>
