Component: ARM Compiler 5.05 update 1 (build 106) Tool: armlink [4d0efa]

==============================================================================

Section Cross References

    main.o(.text) refers to delay.o(.text) for delay_init
    main.o(.text) refers to misc.o(.text) for NVIC_PriorityGroupConfig
    main.o(.text) refers to run.o(.text) for Run
    system_stm32f4xx.o(.text) refers to system_stm32f4xx.o(.data) for SystemCoreClock
    run.o(.text) refers to usart.o(.text) for Bluetooth_USART_Init
    run.o(.text) refers to chassis.o(.text) for chassis_Init
    run.o(.text) refers to arm.o(.text) for arm_Init
    run.o(.text) refers to delay.o(.text) for delay_ms
    run.o(.text) refers to exti.o(.text) for PE_EXTI_Init
    run.o(.text) refers to gray.o(.text) for get_cross_flag
    run.o(.text) refers to motor.o(.text) for Car_stop
    run.o(.text) refers to tim.o(.text) for TIM7_Init
    run.o(.text) refers to bluetooth.o(.data) for bluetooth_receive_flag
    run.o(.text) refers to run.o(.data) for region
    run.o(.text) refers to gray.o(.data) for cross_cnt
    run.o(.text) refers to gyro.o(.data) for target_Yaw
    run.o(.text) refers to chassis.o(.data) for rotate_arrive
    run.o(.data) refers to run.o(.text) for data_check
    startup_stm32f40_41xxx.o(RESET) refers to startup_stm32f40_41xxx.o(STACK) for __initial_sp
    startup_stm32f40_41xxx.o(RESET) refers to startup_stm32f40_41xxx.o(.text) for Reset_Handler
    startup_stm32f40_41xxx.o(RESET) refers to stm32f4xx_it.o(.text) for NMI_Handler
    startup_stm32f40_41xxx.o(RESET) refers to tim.o(.text) for TIM2_IRQHandler
    startup_stm32f40_41xxx.o(RESET) refers to bluetooth.o(.text) for USART1_IRQHandler
    startup_stm32f40_41xxx.o(RESET) refers to lidar.o(.text) for USART2_IRQHandler
    startup_stm32f40_41xxx.o(RESET) refers to openmv.o(.text) for USART3_IRQHandler
    startup_stm32f40_41xxx.o(RESET) refers to exti.o(.text) for EXTI15_10_IRQHandler
    startup_stm32f40_41xxx.o(RESET) refers to gyro.o(.text) for UART5_IRQHandler
    startup_stm32f40_41xxx.o(RESET) refers to chassis.o(.text) for TIM7_IRQHandler
    startup_stm32f40_41xxx.o(.text) refers to system_stm32f4xx.o(.text) for SystemInit
    startup_stm32f40_41xxx.o(.text) refers to entry.o(.ARM.Collect$$$$00000000) for __main
    stm32f4xx_adc.o(.text) refers to stm32f4xx_rcc.o(.text) for RCC_APB2PeriphResetCmd
    stm32f4xx_can.o(.text) refers to stm32f4xx_rcc.o(.text) for RCC_APB1PeriphResetCmd
    stm32f4xx_cryp.o(.text) refers to stm32f4xx_rcc.o(.text) for RCC_AHB2PeriphResetCmd
    stm32f4xx_cryp_aes.o(.text) refers to stm32f4xx_cryp.o(.text) for CRYP_KeyStructInit
    stm32f4xx_cryp_des.o(.text) refers to stm32f4xx_cryp.o(.text) for CRYP_KeyStructInit
    stm32f4xx_cryp_tdes.o(.text) refers to stm32f4xx_cryp.o(.text) for CRYP_KeyStructInit
    stm32f4xx_dac.o(.text) refers to stm32f4xx_rcc.o(.text) for RCC_APB1PeriphResetCmd
    stm32f4xx_dma2d.o(.text) refers to stm32f4xx_rcc.o(.text) for RCC_AHB1PeriphResetCmd
    stm32f4xx_fsmc.o(.text) refers to stm32f4xx_fsmc.o(.constdata) for FSMC_DefaultTimingStruct
    stm32f4xx_gpio.o(.text) refers to stm32f4xx_rcc.o(.text) for RCC_AHB1PeriphResetCmd
    stm32f4xx_hash.o(.text) refers to stm32f4xx_rcc.o(.text) for RCC_AHB2PeriphResetCmd
    stm32f4xx_hash_md5.o(.text) refers to stm32f4xx_hash.o(.text) for HASH_DeInit
    stm32f4xx_hash_sha1.o(.text) refers to stm32f4xx_hash.o(.text) for HASH_DeInit
    stm32f4xx_i2c.o(.text) refers to stm32f4xx_rcc.o(.text) for RCC_APB1PeriphResetCmd
    stm32f4xx_ltdc.o(.text) refers to stm32f4xx_rcc.o(.text) for RCC_APB2PeriphResetCmd
    stm32f4xx_pwr.o(.text) refers to stm32f4xx_rcc.o(.text) for RCC_APB1PeriphResetCmd
    stm32f4xx_rcc.o(.text) refers to stm32f4xx_rcc.o(.data) for APBAHBPrescTable
    stm32f4xx_rng.o(.text) refers to stm32f4xx_rcc.o(.text) for RCC_AHB2PeriphResetCmd
    stm32f4xx_sai.o(.text) refers to stm32f4xx_rcc.o(.text) for RCC_APB2PeriphResetCmd
    stm32f4xx_sdio.o(.text) refers to stm32f4xx_rcc.o(.text) for RCC_APB2PeriphResetCmd
    stm32f4xx_spi.o(.text) refers to stm32f4xx_rcc.o(.text) for RCC_APB2PeriphResetCmd
    stm32f4xx_syscfg.o(.text) refers to stm32f4xx_rcc.o(.text) for RCC_APB2PeriphResetCmd
    stm32f4xx_tim.o(.text) refers to stm32f4xx_rcc.o(.text) for RCC_APB2PeriphResetCmd
    stm32f4xx_usart.o(.text) refers to stm32f4xx_rcc.o(.text) for RCC_APB2PeriphResetCmd
    stm32f4xx_wwdg.o(.text) refers to stm32f4xx_rcc.o(.text) for RCC_APB1PeriphResetCmd
    delay.o(.text) refers to misc.o(.text) for SysTick_CLKSourceConfig
    delay.o(.text) refers to delay.o(.data) for fac_us
    tim.o(.text) refers to stm32f4xx_rcc.o(.text) for RCC_APB1PeriphClockCmd
    tim.o(.text) refers to stm32f4xx_tim.o(.text) for TIM_TimeBaseInit
    tim.o(.text) refers to misc.o(.text) for NVIC_Init
    tim.o(.text) refers to stm32f4xx_gpio.o(.text) for GPIO_PinAFConfig
    gpio.o(.text) refers to stm32f4xx_rcc.o(.text) for RCC_AHB1PeriphClockCmd
[...]
    ..\FWLIB\src\stm32f4xx_crc.c             0x00000000   Number         0  stm32f4xx_crc.o ABSOLUTE
    ..\FWLIB\src\stm32f4xx_cryp.c            0x00000000   Number         0  stm32f4xx_cryp.o ABSOLUTE
    ..\FWLIB\src\stm32f4xx_cryp_aes.c        0x00000000   Number         0  stm32f4xx_cryp_aes.o ABSOLUTE
    ..\FWLIB\src\stm32f4xx_cryp_des.c        0x00000000   Number         0  stm32f4xx_cryp_des.o ABSOLUTE
    ..\FWLIB\src\stm32f4xx_cryp_tdes.c       0x00000000   Number         0  stm32f4xx_cryp_tdes.o ABSOLUTE
    ..\FWLIB\src\stm32f4xx_dac.c             0x00000000   Number         0  stm32f4xx_dac.o ABSOLUTE
    ..\FWLIB\src\stm32f4xx_dbgmcu.c          0x00000000   Number         0  stm32f4xx_dbgmcu.o ABSOLUTE
    ..\FWLIB\src\stm32f4xx_dcmi.c            0x00000000   Number         0  stm32f4xx_dcmi.o ABSOLUTE
    ..\FWLIB\src\stm32f4xx_dma.c             0x00000000   Number         0  stm32f4xx_dma.o ABSOLUTE
    ..\FWLIB\src\stm32f4xx_dma2d.c           0x00000000   Number         0  stm32f4xx_dma2d.o ABSOLUTE
    ..\FWLIB\src\stm32f4xx_exti.c            0x00000000   Number         0  stm32f4xx_exti.o ABSOLUTE
    ..\FWLIB\src\stm32f4xx_flash.c           0x00000000   Number         0  stm32f4xx_flash.o ABSOLUTE
    ..\FWLIB\src\stm32f4xx_flash_ramfunc.c   0x00000000   Number         0  stm32f4xx_flash_ramfunc.o ABSOLUTE
    ..\FWLIB\src\stm32f4xx_fsmc.c            0x00000000   Number         0  stm32f4xx_fsmc.o ABSOLUTE
    ..\FWLIB\src\stm32f4xx_gpio.c            0x00000000   Number         0  stm32f4xx_gpio.o ABSOLUTE
    ..\FWLIB\src\stm32f4xx_hash.c            0x00000000   Number         0  stm32f4xx_hash.o ABSOLUTE
    ..\FWLIB\src\stm32f4xx_hash_md5.c        0x00000000   Number         0  stm32f4xx_hash_md5.o ABSOLUTE
    ..\FWLIB\src\stm32f4xx_hash_sha1.c       0x00000000   Number         0  stm32f4xx_hash_sha1.o ABSOLUTE
    ..\FWLIB\src\stm32f4xx_i2c.c             0x00000000   Number         0  stm32f4xx_i2c.o ABSOLUTE
    ..\FWLIB\src\stm32f4xx_iwdg.c            0x00000000   Number         0  stm32f4xx_iwdg.o ABSOLUTE
    ..\FWLIB\src\stm32f4xx_ltdc.c            0x00000000   Number         0  stm32f4xx_ltdc.o ABSOLUTE
    ..\FWLIB\src\stm32f4xx_pwr.c             0x00000000   Number         0  stm32f4xx_pwr.o ABSOLUTE
    ..\FWLIB\src\stm32f4xx_rcc.c             0x00000000   Number         0  stm32f4xx_rcc.o ABSOLUTE
    ..\FWLIB\src\stm32f4xx_rng.c             0x00000000   Number         0  stm32f4xx_rng.o ABSOLUTE
    ..\FWLIB\src\stm32f4xx_rtc.c             0x00000000   Number         0  stm32f4xx_rtc.o ABSOLUTE
    ..\FWLIB\src\stm32f4xx_sai.c             0x00000000   Number         0  stm32f4xx_sai.o ABSOLUTE
    ..\FWLIB\src\stm32f4xx_sdio.c            0x00000000   Number         0  stm32f4xx_sdio.o ABSOLUTE
    ..\FWLIB\src\stm32f4xx_spi.c             0x00000000   Number         0  stm32f4xx_spi.o ABSOLUTE
    ..\FWLIB\src\stm32f4xx_syscfg.c          0x00000000   Number         0  stm32f4xx_syscfg.o ABSOLUTE
    ..\FWLIB\src\stm32f4xx_tim.c             0x00000000   Number         0  stm32f4xx_tim.o ABSOLUTE
    ..\FWLIB\src\stm32f4xx_usart.c           0x00000000   Number         0  stm32f4xx_usart.o ABSOLUTE
    ..\FWLIB\src\stm32f4xx_wwdg.c            0x00000000   Number         0  stm32f4xx_wwdg.o ABSOLUTE
    ..\SYSTEM\delay\delay.c                  0x00000000   Number         0  delay.o ABSOLUTE
    ..\SYSTEM\led\led.c                      0x00000000   Number         0  led.o ABSOLUTE
    ..\SYSTEM\sys\sys.c                      0x00000000   Number         0  sys.o ABSOLUTE
    ..\\FWLIB\\src\\misc.c                   0x00000000   Number         0  misc.o ABSOLUTE
    ..\\FWLIB\\src\\stm32f4xx_adc.c          0x00000000   Number         0  stm32f4xx_adc.o ABSOLUTE
    ..\\FWLIB\\src\\stm32f4xx_can.c          0x00000000   Number         0  stm32f4xx_can.o ABSOLUTE
    ..\\FWLIB\\src\\stm32f4xx_crc.c          0x00000000   Number         0  stm32f4xx_crc.o ABSOLUTE
    ..\\FWLIB\\src\\stm32f4xx_cryp.c         0x00000000   Number         0  stm32f4xx_cryp.o ABSOLUTE
    ..\\FWLIB\\src\\stm32f4xx_cryp_aes.c     0x00000000   Number         0  stm32f4xx_cryp_aes.o ABSOLUTE
    ..\\FWLIB\\src\\stm32f4xx_cryp_des.c     0x00000000   Number         0  stm32f4xx_cryp_des.o ABSOLUTE
    ..\\FWLIB\\src\\stm32f4xx_cryp_tdes.c    0x00000000   Number         0  stm32f4xx_cryp_tdes.o ABSOLUTE
    ..\\FWLIB\\src\\stm32f4xx_dac.c          0x00000000   Number         0  stm32f4xx_dac.o ABSOLUTE
    ..\\FWLIB\\src\\stm32f4xx_dbgmcu.c       0x00000000   Number         0  stm32f4xx_dbgmcu.o ABSOLUTE
    ..\\FWLIB\\src\\stm32f4xx_dcmi.c         0x00000000   Number         0  stm32f4xx_dcmi.o ABSOLUTE
    ..\\FWLIB\\src\\stm32f4xx_dma.c          0x00000000   Number         0  stm32f4xx_dma.o ABSOLUTE
    ..\\FWLIB\\src\\stm32f4xx_dma2d.c        0x00000000   Number         0  stm32f4xx_dma2d.o ABSOLUTE
    ..\\FWLIB\\src\\stm32f4xx_exti.c         0x00000000   Number         0  stm32f4xx_exti.o ABSOLUTE
    ..\\FWLIB\\src\\stm32f4xx_flash.c        0x00000000   Number         0  stm32f4xx_flash.o ABSOLUTE
    ..\\FWLIB\\src\\stm32f4xx_flash_ramfunc.c 0x00000000   Number         0  stm32f4xx_flash_ramfunc.o ABSOLUTE
    ..\\FWLIB\\src\\stm32f4xx_fsmc.c         0x00000000   Number         0  stm32f4xx_fsmc.o ABSOLUTE
    ..\\FWLIB\\src\\stm32f4xx_gpio.c         0x00000000   Number         0  stm32f4xx_gpio.o ABSOLUTE
    ..\\FWLIB\\src\\stm32f4xx_hash.c         0x00000000   Number         0  stm32f4xx_hash.o ABSOLUTE
    ..\\FWLIB\\src\\stm32f4xx_hash_md5.c     0x00000000   Number         0  stm32f4xx_hash_md5.o ABSOLUTE
    ..\\FWLIB\\src\\stm32f4xx_hash_sha1.c    0x00000000   Number         0  stm32f4xx_hash_sha1.o ABSOLUTE
    ..\\FWLIB\\src\\stm32f4xx_i2c.c          0x00000000   Number         0  stm32f4xx_i2c.o ABSOLUTE
    ..\\FWLIB\\src\\stm32f4xx_iwdg.c         0x00000000   Number         0  stm32f4xx_iwdg.o ABSOLUTE
    ..\\FWLIB\\src\\stm32f4xx_ltdc.c         0x00000000   Number         0  stm32f4xx_ltdc.o ABSOLUTE
    ..\\FWLIB\\src\\stm32f4xx_pwr.c          0x00000000   Number         0  stm32f4xx_pwr.o ABSOLUTE
    ..\\FWLIB\\src\\stm32f4xx_rcc.c          0x00000000   Number         0  stm32f4xx_rcc.o ABSOLUTE
    ..\\FWLIB\\src\\stm32f4xx_rng.c          0x00000000   Number         0  stm32f4xx_rng.o ABSOLUTE
    ..\\FWLIB\\src\\stm32f4xx_rtc.c          0x00000000   Number         0  stm32f4xx_rtc.o ABSOLUTE
    ..\\FWLIB\\src\\stm32f4xx_sai.c          0x00000000   Number         0  stm32f4xx_sai.o ABSOLUTE
    ..\\FWLIB\\src\\stm32f4xx_sdio.c         0x00000000   Number         0  stm32f4xx_sdio.o ABSOLUTE
    ..\\FWLIB\\src\\stm32f4xx_spi.c          0x00000000   Number         0  stm32f4xx_spi.o ABSOLUTE
    ..\\FWLIB\\src\\stm32f4xx_syscfg.c       0x00000000   Number         0  stm32f4xx_syscfg.o ABSOLUTE
    ..\\FWLIB\\src\\stm32f4xx_tim.c          0x00000000   Number         0  stm32f4xx_tim.o ABSOLUTE
    ..\\FWLIB\\src\\stm32f4xx_usart.c        0x00000000   Number         0  stm32f4xx_usart.o ABSOLUTE
    ..\\FWLIB\\src\\stm32f4xx_wwdg.c         0x00000000   Number         0  stm32f4xx_wwdg.o ABSOLUTE
    ..\\SYSTEM\\delay\\delay.c               0x00000000   Number         0  delay.o ABSOLUTE
    ..\\SYSTEM\\led\\led.c                   0x00000000   Number         0  led.o ABSOLUTE
    ..\\SYSTEM\\sys\\sys.c                   0x00000000   Number         0  sys.o ABSOLUTE
    ..\\application\\arm\\arm.c              0x00000000   Number         0  arm.o ABSOLUTE
    ..\\application\\chassis\\chassis.c      0x00000000   Number         0  chassis.o ABSOLUTE
    ..\\application\\task\\task.c            0x00000000   Number         0  task.o ABSOLUTE
    ..\\bsp\\dma\\dma.c                      0x00000000   Number         0  dma.o ABSOLUTE
    ..\\bsp\\exti\\exti.c                    0x00000000   Number         0  exti.o ABSOLUTE
    ..\\bsp\\gpio\\gpio.c                    0x00000000   Number         0  gpio.o ABSOLUTE
    ..\\bsp\\iic\\iic.c                      0x00000000   Number         0  iic.o ABSOLUTE
    ..\\bsp\\tim\\tim.c                      0x00000000   Number         0  tim.o ABSOLUTE
    ..\\bsp\\usart\\usart.c                  0x00000000   Number         0  usart.o ABSOLUTE
    ..\\module\\ENCODER\\encoder.c           0x00000000   Number         0  encoder.o ABSOLUTE
    ..\\module\\bluetooth\\bluetooth.c       0x00000000   Number         0  bluetooth.o ABSOLUTE
    ..\\module\\gray\\gray.c                 0x00000000   Number         0  gray.o ABSOLUTE
    ..\\module\\gyro\\gyro.c                 0x00000000   Number         0  gyro.o ABSOLUTE
    ..\\module\\key_3x3\\key.c               0x00000000   Number         0  key.o ABSOLUTE
    ..\\module\\lcd\\lcd.c                   0x00000000   Number         0  lcd.o ABSOLUTE
    ..\\module\\lidar\\lidar.c               0x00000000   Number         0  lidar.o ABSOLUTE
    ..\\module\\motor\\motor.c               0x00000000   Number         0  motor.o ABSOLUTE
    ..\\module\\mp3\\mp3.c                   0x00000000   Number         0  mp3.o ABSOLUTE
    ..\\module\\openmv\\openmv.c             0x00000000   Number         0  openmv.o ABSOLUTE
    ..\\module\\photoelectric\\photoelectric.c 0x00000000   Number         0  photoelectric.o ABSOLUTE
    ..\\module\\pid\\pid.c                   0x00000000   Number         0  pid.o ABSOLUTE
    ..\\module\\servo\\servo.c               0x00000000   Number         0  servo.o ABSOLUTE
    ..\application\arm\arm.c                 0x00000000   Number         0  arm.o ABSOLUTE
    ..\application\chassis\chassis.c         0x00000000   Number         0  chassis.o ABSOLUTE
    ..\application\task\task.c               0x00000000   Number         0  task.o ABSOLUTE
    ..\bsp\dma\dma.c                         0x00000000   Number         0  dma.o ABSOLUTE
    ..\bsp\exti\exti.c                       0x00000000   Number         0  exti.o ABSOLUTE
    ..\bsp\gpio\gpio.c                       0x00000000   Number         0  gpio.o ABSOLUTE
    ..\bsp\iic\iic.c                         0x00000000   Number         0  iic.o ABSOLUTE
    ..\bsp\tim\tim.c                         0x00000000   Number         0  tim.o ABSOLUTE
    ..\bsp\usart\usart.c                     0x00000000   Number         0  usart.o ABSOLUTE
    ..\module\ENCODER\encoder.c              0x00000000   Number         0  encoder.o ABSOLUTE
    ..\module\bluetooth\bluetooth.c          0x00000000   Number         0  bluetooth.o ABSOLUTE
    ..\module\gray\gray.c                    0x00000000   Number         0  gray.o ABSOLUTE
    ..\module\gyro\gyro.c                    0x00000000   Number         0  gyro.o ABSOLUTE
    ..\module\key_3x3\key.c                  0x00000000   Number         0  key.o ABSOLUTE
    ..\module\lcd\lcd.c                      0x00000000   Number         0  lcd.o ABSOLUTE
    ..\module\lidar\lidar.c                  0x00000000   Number         0  lidar.o ABSOLUTE
    ..\module\motor\motor.c                  0x00000000   Number         0  motor.o ABSOLUTE
    ..\module\mp3\mp3.c                      0x00000000   Number         0  mp3.o ABSOLUTE
    ..\module\openmv\openmv.c                0x00000000   Number         0  openmv.o ABSOLUTE
    ..\module\photoelectric\photoelectric.c  0x00000000   Number         0  photoelectric.o ABSOLUTE
    ..\module\pid\pid.c                      0x00000000   Number         0  pid.o ABSOLUTE
    ..\module\servo\servo.c                  0x00000000   Number         0  servo.o ABSOLUTE
    ..\module\voice\voice.c                  0x00000000   Number         0  voice.o ABSOLUTE
    cdcmple.s                                0x00000000   Number         0  cdcmple.o ABSOLUTE
    cdrcmple.s                               0x00000000   Number         0  cdrcmple.o ABSOLUTE
    dc.s                                     0x00000000   Number         0  dc.o ABSOLUTE
    handlers.s                               0x00000000   Number         0  handlers.o ABSOLUTE
    init.s                                   0x00000000   Number         0  init.o ABSOLUTE
    main.c                                   0x00000000   Number         0  main.o ABSOLUTE
    main.c                                   0x00000000   Number         0  main.o ABSOLUTE
    run\\run.c                               0x00000000   Number         0  run.o ABSOLUTE
    run\run.c                                0x00000000   Number         0  run.o ABSOLUTE
    stm32f4xx_it.c                           0x00000000   Number         0  stm32f4xx_it.o ABSOLUTE
    stm32f4xx_it.c                           0x00000000   Number         0  stm32f4xx_it.o ABSOLUTE
    system_stm32f4xx.c                       0x00000000   Number         0  system_stm32f4xx.o ABSOLUTE
    system_stm32f4xx.c                       0x00000000   Number         0  system_stm32f4xx.o ABSOLUTE
    RESET                                    0x08000000   Section      392  startup_stm32f40_41xxx.o(RESET)
    .ARM.Collect$$$$00000000                 0x08000188   Section        0  entry.o(.ARM.Collect$$$$00000000)
    .ARM.Collect$$$$00000001                 0x08000188   Section        4  entry2.o(.ARM.Collect$$$$00000001)
    .ARM.Collect$$$$00000004                 0x0800018c   Section        4  entry5.o(.ARM.Collect$$$$00000004)
    .ARM.Collect$$$$00000008                 0x08000190   Section        0  entry7b.o(.ARM.Collect$$$$00000008)
    .ARM.Collect$$$$0000000A                 0x08000190   Section        0  entry8b.o(.ARM.Collect$$$$0000000A)
    .ARM.Collect$$$$0000000B                 0x08000190   Section        8  entry9a.o(.ARM.Collect$$$$0000000B)
    .ARM.Collect$$$$0000000D                 0x08000198   Section        0  entry10a.o(.ARM.Collect$$$$0000000D)
    .ARM.Collect$$$$0000000F                 0x08000198   Section        0  entry11a.o(.ARM.Collect$$$$0000000F)
    .ARM.Collect$$$$00002712                 0x08000198   Section        4  entry2.o(.ARM.Collect$$$$00002712)
    __lit__00000000                          0x08000198   Data           4  entry2.o(.ARM.Collect$$$$00002712)
    .text                                    0x0800019c   Section        0  main.o(.text)
    .text                                    0x080001b8   Section        0  stm32f4xx_it.o(.text)
    .text                                    0x080001d4   Section        0  system_stm32f4xx.o(.text)
    SetSysClock                              0x080001d5   Thumb Code   220  system_stm32f4xx.o(.text)
    .text                                    0x080003e4   Section        0  run.o(.text)
    .text                                    0x08000618   Section       36  startup_stm32f40_41xxx.o(.text)
    $v0                                      0x08000618   Number         0  startup_stm32f40_41xxx.o(.text)
    .text                                    0x0800063c   Section        0  misc.o(.text)
    .text                                    0x0800071c   Section        0  stm32f4xx_exti.o(.text)
    .text                                    0x0800082c   Section        0  stm32f4xx_gpio.o(.text)
    .text                                    0x08000ac0   Section        0  stm32f4xx_rcc.o(.text)
    .text                                    0x0800111c   Section        0  stm32f4xx_syscfg.o(.text)
    .text                                    0x080011b0   Section        0  stm32f4xx_tim.o(.text)
    TI4_Config                               0x0800194f   Thumb Code    80  stm32f4xx_tim.o(.text)
    TI3_Config                               0x080019b1   Thumb Code    72  stm32f4xx_tim.o(.text)
    TI2_Config                               0x08001a13   Thumb Code    90  stm32f4xx_tim.o(.text)
    TI1_Config                               0x08001a7f   Thumb Code    58  stm32f4xx_tim.o(.text)
    .text                                    0x08001e54   Section        0  stm32f4xx_usart.o(.text)
    .text                                    0x080022a8   Section        0  delay.o(.text)
    .text                                    0x080023ac   Section        0  tim.o(.text)
    .text                                    0x08002824   Section        0  gpio.o(.text)
    .text                                    0x08002abc   Section        0  usart.o(.text)
    .text                                    0x080031bc   Section        0  exti.o(.text)
    .text                                    0x08003388   Section        0  motor.o(.text)
    .text                                    0x080034f8   Section        0  encoder.o(.text)
    .text                                    0x08003544   Section        0  gray.o(.text)
    .text                                    0x08003740   Section        0  gyro.o(.text)
    .text                                    0x08003fc0   Section        0  servo.o(.text)
    .text                                    0x08004120   Section        0  bluetooth.o(.text)
    .text                                    0x08004278   Section        0  lidar.o(.text)
    .text                                    0x080044b8   Section        0  mp3.o(.text)
    .text                                    0x080045c0   Section        0  openmv.o(.text)
    .text                                    0x08004780   Section        0  pid.o(.text)
    .text                                    0x08004a94   Section        0  chassis.o(.text)
    .text                                    0x08004e8c   Section        0  arm.o(.text)
    .text                                    0x08005198   Section        0  memcpya.o(.text)
    .text                                    0x080051bc   Section        0  dmul.o(.text)
    .text                                    0x080052a0   Section        0  ddiv.o(.text)
    .text                                    0x0800537e   Section        0  ffltl.o(.text)
    .text                                    0x080053aa   Section        0  dflti.o(.text)
    .text                                    0x080053cc   Section        0  f2d.o(.text)
    .text                                    0x080053f4   Section       48  cdcmple.o(.text)
    .text                                    0x08005424   Section       48  cdrcmple.o(.text)
    .text                                    0x08005454   Section        0  d2f.o(.text)
    .text                                    0x0800548c   Section        0  llushr.o(.text)
    .text                                    0x080054ac   Section        0  iusefp.o(.text)
    .text                                    0x080054ac   Section        0  fepilogue.o(.text)
    .text                                    0x0800551a   Section        0  depilogue.o(.text)
    .text                                    0x080055d4   Section        0  dadd.o(.text)
    .text                                    0x08005722   Section        0  dscalb.o(.text)
    .text                                    0x08005750   Section       36  init.o(.text)
    .text                                    0x08005774   Section        0  llshl.o(.text)
    .text                                    0x08005792   Section        0  llsshr.o(.text)
    .text                                    0x080057b6   Section        0  dsqrt.o(.text)
    .text                                    0x08005858   Section        0  __dczerorl2.o(.text)
    i.__ARM_fpclassify                       0x080058ae   Section        0  fpclassify.o(i.__ARM_fpclassify)
    i.__hardfp_fabs                          0x080058de   Section        0  fabs.o(i.__hardfp_fabs)
    i.__hardfp_pow                           0x080058f8   Section        0  pow.o(i.__hardfp_pow)
    i.__kernel_poly                          0x08006530   Section        0  poly.o(i.__kernel_poly)
    i.__mathlib_dbl_divzero                  0x08006628   Section        0  dunder.o(i.__mathlib_dbl_divzero)
    i.__mathlib_dbl_infnan2                  0x08006658   Section        0  dunder.o(i.__mathlib_dbl_infnan2)
    i.__mathlib_dbl_invalid                  0x08006670   Section        0  dunder.o(i.__mathlib_dbl_invalid)
    i.__mathlib_dbl_overflow                 0x08006690   Section        0  dunder.o(i.__mathlib_dbl_overflow)
    i.__mathlib_dbl_underflow                0x080066b0   Section        0  dunder.o(i.__mathlib_dbl_underflow)
    i.__scatterload_copy                     0x080066d0   Section       14  handlers.o(i.__scatterload_copy)
    i.__scatterload_null                     0x080066de   Section        2  handlers.o(i.__scatterload_null)
    i.__scatterload_zeroinit                 0x080066e0   Section       14  handlers.o(i.__scatterload_zeroinit)
    i.__set_errno                            0x080066f0   Section        0  errno.o(i.__set_errno)
    i.fabs                                   0x080066fc   Section        0  fabs.o(i.fabs)
    i.sqrt                                   0x08006714   Section        0  sqrt.o(i.sqrt)
    .constdata                               0x08006788   Section      136  pow.o(.constdata)
    bp                                       0x08006788   Data          16  pow.o(.constdata)
    dp_h                                     0x08006798   Data          16  pow.o(.constdata)
    dp_l                                     0x080067a8   Data          16  pow.o(.constdata)
    L                                        0x080067b8   Data          48  pow.o(.constdata)
    P                                        0x080067e8   Data          40  pow.o(.constdata)
    .constdata                               0x08006810   Section        8  qnan.o(.constdata)
    .data                                    0x20000000   Section       20  system_stm32f4xx.o(.data)
    .data                                    0x20000014   Section       70  run.o(.data)
    .data                                    0x2000005a   Section       16  stm32f4xx_rcc.o(.data)
    APBAHBPrescTable                         0x2000005a   Data          16  stm32f4xx_rcc.o(.data)
    .data                                    0x2000006a   Section        4  delay.o(.data)
    fac_us                                   0x2000006a   Data           1  delay.o(.data)
    fac_ms                                   0x2000006c   Data           2  delay.o(.data)
    .data                                    0x20000070   Section       24  exti.o(.data)
    .data                                    0x20000088   Section        8  gray.o(.data)
    .data                                    0x20000090   Section       69  gyro.o(.data)
    Count                                    0x200000d0   Data           1  gyro.o(.data)
    rs_count                                 0x200000d1   Data           1  gyro.o(.data)
    last_rsnum                               0x200000d2   Data           1  gyro.o(.data)
    rsimu_flag                               0x200000d3   Data           1  gyro.o(.data)
    rsacc_flag                               0x200000d4   Data           1  gyro.o(.data)
    .data                                    0x200000d6   Section       57  bluetooth.o(.data)
    USART_RX_STA                             0x20000108   Data           2  bluetooth.o(.data)
    times                                    0x2000010a   Data           2  bluetooth.o(.data)
    lRxCounter1                              0x2000010c   Data           1  bluetooth.o(.data)
    lRxState                                 0x2000010d   Data           1  bluetooth.o(.data)
    lRxFlag1                                 0x2000010e   Data           1  bluetooth.o(.data)
    .data                                    0x20000110   Section       16  lidar.o(.data)
    count                                    0x2000011c   Data           1  lidar.o(.data)
    i                                        0x2000011d   Data           1  lidar.o(.data)
    count                                    0x2000011e   Data           1  lidar.o(.data)
    i                                        0x2000011f   Data           1  lidar.o(.data)
    .data                                    0x20000120   Section       24  mp3.o(.data)
    .data                                    0x20000138   Section        8  openmv.o(.data)
    RxCounter1                               0x2000013d   Data           1  openmv.o(.data)
    RxState                                  0x2000013e   Data           1  openmv.o(.data)
    RxFlag1                                  0x2000013f   Data           1  openmv.o(.data)
    .data                                    0x20000140   Section       24  chassis.o(.data)
    .data                                    0x20000158   Section        8  arm.o(.data)
    water_cnt                                0x2000015c   Data           4  arm.o(.data)
    .data                                    0x20000160   Section        4  errno.o(.data)
    _errno                                   0x20000160   Data           4  errno.o(.data)
    .bss                                     0x20000164   Section      680  gyro.o(.bss)
    .bss                                     0x2000040c   Section      220  bluetooth.o(.bss)
    lRxBuffer1                               0x200004d4   Data          20  bluetooth.o(.bss)
    .bss                                     0x200004e8   Section       18  lidar.o(.bss)
    .bss                                     0x200004fa   Section       20  openmv.o(.bss)
    RxBuffer1                                0x200004fa   Data          20  openmv.o(.bss)
    .bss                                     0x20000510   Section      212  chassis.o(.bss)
    STACK                                    0x200005e8   Section     1024  startup_stm32f40_41xxx.o(STACK)

    Global Symbols

    Symbol Name                              Value     Ov Type        Size  Object(Section)

    BuildAttributes$$THM_ISAv4$E$P$D$K$B$S$7EM$VFPi3$EXTD16$VFPS$VFMA$PE$A:L22UL41UL21$X:L11$S22US41US21$IEEE1$IW$USESV6$~STKCKD$USESV7$~SHL$OTIME$ROPI$IEEEX$EBA8$MICROLIB$REQ8$PRES8$EABIv2 0x00000000   Number         0  anon$$obj.o ABSOLUTE
    __ARM_use_no_argv                        0x00000000   Number         0  main.o ABSOLUTE
    __cpp_initialize__aeabi_                  - Undefined Weak Reference
    __cxa_finalize                            - Undefined Weak Reference
    _clock_init                               - Undefined Weak Reference
    _microlib_exit                            - Undefined Weak Reference
    __Vectors_Size                           0x00000188   Number         0  startup_stm32f40_41xxx.o ABSOLUTE
    __Vectors                                0x08000000   Data           4  startup_stm32f40_41xxx.o(RESET)
    __Vectors_End                            0x08000188   Data           0  startup_stm32f40_41xxx.o(RESET)
    __main                                   0x08000189   Thumb Code     0  entry.o(.ARM.Collect$$$$00000000)
    _main_stk                                0x08000189   Thumb Code     0  entry2.o(.ARM.Collect$$$$00000001)
    _main_scatterload                        0x0800018d   Thumb Code     0  entry5.o(.ARM.Collect$$$$00000004)
    __main_after_scatterload                 0x08000191   Thumb Code     0  entry5.o(.ARM.Collect$$$$00000004)
    _main_clock                              0x08000191   Thumb Code     0  entry7b.o(.ARM.Collect$$$$00000008)
    _main_cpp_init                           0x08000191   Thumb Code     0  entry8b.o(.ARM.Collect$$$$0000000A)
    _main_init                               0x08000191   Thumb Code     0  entry9a.o(.ARM.Collect$$$$0000000B)
    __rt_final_cpp                           0x08000199   Thumb Code     0  entry10a.o(.ARM.Collect$$$$0000000D)
    __rt_final_exit                          0x08000199   Thumb Code     0  entry11a.o(.ARM.Collect$$$$0000000F)
    main                                     0x0800019d   Thumb Code    28  main.o(.text)
    NMI_Handler                              0x080001b9   Thumb Code     2  stm32f4xx_it.o(.text)
    HardFault_Handler                        0x080001bb   Thumb Code     4  stm32f4xx_it.o(.text)
    MemManage_Handler                        0x080001bf   Thumb Code     4  stm32f4xx_it.o(.text)
    BusFault_Handler                         0x080001c3   Thumb Code     4  stm32f4xx_it.o(.text)
    UsageFault_Handler                       0x080001c7   Thumb Code     4  stm32f4xx_it.o(.text)
    SVC_Handler                              0x080001cb   Thumb Code     2  stm32f4xx_it.o(.text)
    DebugMon_Handler                         0x080001cd   Thumb Code     2  stm32f4xx_it.o(.text)
    PendSV_Handler                           0x080001cf   Thumb Code     2  stm32f4xx_it.o(.text)
    SysTick_Handler                          0x080001d1   Thumb Code     2  stm32f4xx_it.o(.text)
    SystemInit                               0x080002b1   Thumb Code    88  system_stm32f4xx.o(.text)
    SystemCoreClockUpdate                    0x08000309   Thumb Code   174  system_stm32f4xx.o(.text)
    data_check                               0x080003e5   Thumb Code    44  run.o(.text)
    get_region                               0x08000411   Thumb Code     6  run.o(.text)
    region_finish                            0x08000417   Thumb Code   164  run.o(.text)
    cross_action                             0x080004bb   Thumb Code   100  run.o(.text)
    _run_                                    0x0800051f   Thumb Code    78  run.o(.text)
    cross_to_cross                           0x0800056d   Thumb Code    44  run.o(.text)
    end_return_home                          0x08000599   Thumb Code    26  run.o(.text)
    Run                                      0x080005b3   Thumb Code    50  run.o(.text)
    stop_running                             0x080005e5   Thumb Code     8  run.o(.text)
    get_Itr                                  0x080005ed   Thumb Code     6  run.o(.text)
    Reset_Handler                            0x08000619   Thumb Code     8  startup_stm32f40_41xxx.o(.text)
    ADC_IRQHandler                           0x08000633   Thumb Code     0  startup_stm32f40_41xxx.o(.text)
    CAN1_RX0_IRQHandler                      0x08000633   Thumb Code     0  startup_stm32f40_41xxx.o(.text)
    CAN1_RX1_IRQHandler                      0x08000633   Thumb Code     0  startup_stm32f40_41xxx.o(.text)
    CAN1_SCE_IRQHandler                      0x08000633   Thumb Code     0  startup_stm32f40_41xxx.o(.text)
    CAN1_TX_IRQHandler                       0x08000633   Thumb Code     0  startup_stm32f40_41xxx.o(.text)
    CAN2_RX0_IRQHandler                      0x08000633   Thumb Code     0  startup_stm32f40_41xxx.o(.text)
    CAN2_RX1_IRQHandler                      0x08000633   Thumb Code     0  startup_stm32f40_41xxx.o(.text)
    CAN2_SCE_IRQHandler                      0x08000633   Thumb Code     0  startup_stm32f40_41xxx.o(.text)
    CAN2_TX_IRQHandler                       0x08000633   Thumb Code     0  startup_stm32f40_41xxx.o(.text)
    CRYP_IRQHandler                          0x08000633   Thumb Code     0  startup_stm32f40_41xxx.o(.text)
    DCMI_IRQHandler                          0x08000633   Thumb Code     0  startup_stm32f40_41xxx.o(.text)
    DMA1_Stream0_IRQHandler                  0x08000633   Thumb Code     0  startup_stm32f40_41xxx.o(.text)
    DMA1_Stream1_IRQHandler                  0x08000633   Thumb Code     0  startup_stm32f40_41xxx.o(.text)
    DMA1_Stream2_IRQHandler                  0x08000633   Thumb Code     0  startup_stm32f40_41xxx.o(.text)
    DMA1_Stream3_IRQHandler                  0x08000633   Thumb Code     0  startup_stm32f40_41xxx.o(.text)
    DMA1_Stream4_IRQHandler                  0x08000633   Thumb Code     0  startup_stm32f40_41xxx.o(.text)
    DMA1_Stream5_IRQHandler                  0x08000633   Thumb Code     0  startup_stm32f40_41xxx.o(.text)
    DMA1_Stream6_IRQHandler                  0x08000633   Thumb Code     0  startup_stm32f40_41xxx.o(.text)
    DMA1_Stream7_IRQHandler                  0x08000633   Thumb Code     0  startup_stm32f40_41xxx.o(.text)
    DMA2_Stream0_IRQHandler                  0x08000633   Thumb Code     0  startup_stm32f40_41xxx.o(.text)
    DMA2_Stream1_IRQHandler                  0x08000633   Thumb Code     0  startup_stm32f40_41xxx.o(.text)
    DMA2_Stream2_IRQHandler                  0x08000633   Thumb Code     0  startup_stm32f40_41xxx.o(.text)
    DMA2_Stream3_IRQHandler                  0x08000633   Thumb Code     0  startup_stm32f40_41xxx.o(.text)
    DMA2_Stream4_IRQHandler                  0x08000633   Thumb Code     0  startup_stm32f40_41xxx.o(.text)
    DMA2_Stream5_IRQHandler                  0x08000633   Thumb Code     0  startup_stm32f40_41xxx.o(.text)
    DMA2_Stream6_IRQHandler                  0x08000633   Thumb Code     0  startup_stm32f40_41xxx.o(.text)
    DMA2_Stream7_IRQHandler                  0x08000633   Thumb Code     0  startup_stm32f40_41xxx.o(.text)
    ETH_IRQHandler                           0x08000633   Thumb Code     0  startup_stm32f40_41xxx.o(.text)
    ETH_WKUP_IRQHandler                      0x08000633   Thumb Code     0  startup_stm32f40_41xxx.o(.text)
    EXTI0_IRQHandler                         0x08000633   Thumb Code     0  startup_stm32f40_41xxx.o(.text)
    EXTI1_IRQHandler                         0x08000633   Thumb Code     0  startup_stm32f40_41xxx.o(.text)
    EXTI2_IRQHandler                         0x08000633   Thumb Code     0  startup_stm32f40_41xxx.o(.text)
    EXTI3_IRQHandler                         0x08000633   Thumb Code     0  startup_stm32f40_41xxx.o(.text)
    EXTI4_IRQHandler                         0x08000633   Thumb Code     0  startup_stm32f40_41xxx.o(.text)
    EXTI9_5_IRQHandler                       0x08000633   Thumb Code     0  startup_stm32f40_41xxx.o(.text)
    FLASH_IRQHandler                         0x08000633   Thumb Code     0  startup_stm32f40_41xxx.o(.text)
    FPU_IRQHandler                           0x08000633   Thumb Code     0  startup_stm32f40_41xxx.o(.text)
    FSMC_IRQHandler                          0x08000633   Thumb Code     0  startup_stm32f40_41xxx.o(.text)
    HASH_RNG_IRQHandler                      0x08000633   Thumb Code     0  startup_stm32f40_41xxx.o(.text)
    I2C1_ER_IRQHandler                       0x08000633   Thumb Code     0  startup_stm32f40_41xxx.o(.text)
    I2C1_EV_IRQHandler                       0x08000633   Thumb Code     0  startup_stm32f40_41xxx.o(.text)
    I2C2_ER_IRQHandler                       0x08000633   Thumb Code     0  startup_stm32f40_41xxx.o(.text)
    I2C2_EV_IRQHandler                       0x08000633   Thumb Code     0  startup_stm32f40_41xxx.o(.text)
    I2C3_ER_IRQHandler                       0x08000633   Thumb Code     0  startup_stm32f40_41xxx.o(.text)
    I2C3_EV_IRQHandler                       0x08000633   Thumb Code     0  startup_stm32f40_41xxx.o(.text)
    OTG_FS_IRQHandler                        0x08000633   Thumb Code     0  startup_stm32f40_41xxx.o(.text)
    OTG_FS_WKUP_IRQHandler                   0x08000633   Thumb Code     0  startup_stm32f40_41xxx.o(.text)
    OTG_HS_EP1_IN_IRQHandler                 0x08000633   Thumb Code     0  startup_stm32f40_41xxx.o(.text)
    OTG_HS_EP1_OUT_IRQHandler                0x08000633   Thumb Code     0  startup_stm32f40_41xxx.o(.text)
    OTG_HS_IRQHandler                        0x08000633   Thumb Code     0  startup_stm32f40_41xxx.o(.text)
    OTG_HS_WKUP_IRQHandler                   0x08000633   Thumb Code     0  startup_stm32f40_41xxx.o(.text)
    PVD_IRQHandler                           0x08000633   Thumb Code     0  startup_stm32f40_41xxx.o(.text)
    RCC_IRQHandler                           0x08000633   Thumb Code     0  startup_stm32f40_41xxx.o(.text)
    RTC_Alarm_IRQHandler                     0x08000633   Thumb Code     0  startup_stm32f40_41xxx.o(.text)
    RTC_WKUP_IRQHandler                      0x08000633   Thumb Code     0  startup_stm32f40_41xxx.o(.text)
    SDIO_IRQHandler                          0x08000633   Thumb Code     0  startup_stm32f40_41xxx.o(.text)
    SPI1_IRQHandler                          0x08000633   Thumb Code     0  startup_stm32f40_41xxx.o(.text)
    SPI2_IRQHandler                          0x08000633   Thumb Code     0  startup_stm32f40_41xxx.o(.text)
    SPI3_IRQHandler                          0x08000633   Thumb Code     0  startup_stm32f40_41xxx.o(.text)
    TAMP_STAMP_IRQHandler                    0x08000633   Thumb Code     0  startup_stm32f40_41xxx.o(.text)
    TIM1_BRK_TIM9_IRQHandler                 0x08000633   Thumb Code     0  startup_stm32f40_41xxx.o(.text)
    TIM1_CC_IRQHandler                       0x08000633   Thumb Code     0  startup_stm32f40_41xxx.o(.text)
    TIM1_TRG_COM_TIM11_IRQHandler            0x08000633   Thumb Code     0  startup_stm32f40_41xxx.o(.text)
    TIM1_UP_TIM10_IRQHandler                 0x08000633   Thumb Code     0  startup_stm32f40_41xxx.o(.text)
    TIM4_IRQHandler                          0x08000633   Thumb Code     0  startup_stm32f40_41xxx.o(.text)
    TIM5_IRQHandler                          0x08000633   Thumb Code     0  startup_stm32f40_41xxx.o(.text)
    TIM6_DAC_IRQHandler                      0x08000633   Thumb Code     0  startup_stm32f40_41xxx.o(.text)
    TIM8_BRK_TIM12_IRQHandler                0x08000633   Thumb Code     0  startup_stm32f40_41xxx.o(.text)
    TIM8_CC_IRQHandler                       0x08000633   Thumb Code     0  startup_stm32f40_41xxx.o(.text)
    TIM8_TRG_COM_TIM14_IRQHandler            0x08000633   Thumb Code     0  startup_stm32f40_41xxx.o(.text)
    TIM8_UP_TIM13_IRQHandler                 0x08000633   Thumb Code     0  startup_stm32f40_41xxx.o(.text)
    USART6_IRQHandler                        0x08000633   Thumb Code     0  startup_stm32f40_41xxx.o(.text)
    WWDG_IRQHandler                          0x08000633   Thumb Code     0  startup_stm32f40_41xxx.o(.text)
    NVIC_PriorityGroupConfig                 0x0800063d   Thumb Code    10  misc.o(.text)
    NVIC_Init                                0x08000647   Thumb Code   106  misc.o(.text)
    NVIC_SetVectorTable                      0x080006b1   Thumb Code    14  misc.o(.text)
    NVIC_SystemLPConfig                      0x080006bf   Thumb Code    34  misc.o(.text)
    SysTick_CLKSourceConfig                  0x080006e1   Thumb Code    40  misc.o(.text)
    EXTI_DeInit                              0x0800071d   Thumb Code    28  stm32f4xx_exti.o(.text)
    EXTI_Init                                0x08000739   Thumb Code   142  stm32f4xx_exti.o(.text)
    EXTI_StructInit                          0x080007c7   Thumb Code    16  stm32f4xx_exti.o(.text)
    EXTI_GenerateSWInterrupt                 0x080007d7   Thumb Code    16  stm32f4xx_exti.o(.text)
    EXTI_GetFlagStatus                       0x080007e7   Thumb Code    22  stm32f4xx_exti.o(.text)
    EXTI_ClearFlag                           0x080007fd   Thumb Code     8  stm32f4xx_exti.o(.text)
    EXTI_GetITStatus                         0x08000805   Thumb Code    22  stm32f4xx_exti.o(.text)
    EXTI_ClearITPendingBit                   0x0800081b   Thumb Code     8  stm32f4xx_exti.o(.text)
    GPIO_DeInit                              0x0800082d   Thumb Code   268  stm32f4xx_gpio.o(.text)
    GPIO_Init                                0x08000939   Thumb Code   144  stm32f4xx_gpio.o(.text)
    GPIO_StructInit                          0x080009c9   Thumb Code    18  stm32f4xx_gpio.o(.text)
    GPIO_PinLockConfig                       0x080009db   Thumb Code    34  stm32f4xx_gpio.o(.text)
    GPIO_ReadInputDataBit                    0x080009fd   Thumb Code    18  stm32f4xx_gpio.o(.text)
    GPIO_ReadInputData                       0x08000a0f   Thumb Code     8  stm32f4xx_gpio.o(.text)
    GPIO_ReadOutputDataBit                   0x08000a17   Thumb Code    18  stm32f4xx_gpio.o(.text)
    GPIO_ReadOutputData                      0x08000a29   Thumb Code     8  stm32f4xx_gpio.o(.text)
    GPIO_SetBits                             0x08000a31   Thumb Code     4  stm32f4xx_gpio.o(.text)
    GPIO_ResetBits                           0x08000a35   Thumb Code     4  stm32f4xx_gpio.o(.text)
    GPIO_WriteBit                            0x08000a39   Thumb Code    10  stm32f4xx_gpio.o(.text)
    GPIO_Write                               0x08000a43   Thumb Code     4  stm32f4xx_gpio.o(.text)
    GPIO_ToggleBits                          0x08000a47   Thumb Code     8  stm32f4xx_gpio.o(.text)
    GPIO_PinAFConfig                         0x08000a4f   Thumb Code    70  stm32f4xx_gpio.o(.text)
    RCC_DeInit                               0x08000ac1   Thumb Code    82  stm32f4xx_rcc.o(.text)
    RCC_HSEConfig                            0x08000b13   Thumb Code    14  stm32f4xx_rcc.o(.text)
    RCC_GetFlagStatus                        0x08000b21   Thumb Code    60  stm32f4xx_rcc.o(.text)
    RCC_WaitForHSEStartUp                    0x08000b5d   Thumb Code    56  stm32f4xx_rcc.o(.text)
    RCC_AdjustHSICalibrationValue            0x08000b95   Thumb Code    20  stm32f4xx_rcc.o(.text)
    RCC_HSICmd                               0x08000ba9   Thumb Code     6  stm32f4xx_rcc.o(.text)
    RCC_LSEConfig                            0x08000baf   Thumb Code    46  stm32f4xx_rcc.o(.text)
    RCC_LSICmd                               0x08000bdd   Thumb Code     6  stm32f4xx_rcc.o(.text)
    RCC_PLLConfig                            0x08000be3   Thumb Code    32  stm32f4xx_rcc.o(.text)
    RCC_PLLCmd                               0x08000c03   Thumb Code     6  stm32f4xx_rcc.o(.text)
    RCC_PLLI2SConfig                         0x08000c09   Thumb Code    14  stm32f4xx_rcc.o(.text)
    RCC_PLLI2SCmd                            0x08000c17   Thumb Code     6  stm32f4xx_rcc.o(.text)
    RCC_PLLSAIConfig                         0x08000c1d   Thumb Code    20  stm32f4xx_rcc.o(.text)
    RCC_PLLSAICmd                            0x08000c31   Thumb Code     6  stm32f4xx_rcc.o(.text)
    RCC_ClockSecuritySystemCmd               0x08000c37   Thumb Code     6  stm32f4xx_rcc.o(.text)
    RCC_MCO1Config                           0x08000c3d   Thumb Code    28  stm32f4xx_rcc.o(.text)
    RCC_MCO2Config                           0x08000c59   Thumb Code    28  stm32f4xx_rcc.o(.text)
    RCC_SYSCLKConfig                         0x08000c75   Thumb Code    20  stm32f4xx_rcc.o(.text)
    RCC_GetSYSCLKSource                      0x08000c89   Thumb Code    12  stm32f4xx_rcc.o(.text)
    RCC_HCLKConfig                           0x08000c95   Thumb Code    20  stm32f4xx_rcc.o(.text)
    RCC_PCLK1Config                          0x08000ca9   Thumb Code    20  stm32f4xx_rcc.o(.text)
    RCC_PCLK2Config                          0x08000cbd   Thumb Code    22  stm32f4xx_rcc.o(.text)
    RCC_GetClocksFreq                        0x08000cd3   Thumb Code   222  stm32f4xx_rcc.o(.text)
    RCC_RTCCLKConfig                         0x08000db1   Thumb Code    54  stm32f4xx_rcc.o(.text)
    RCC_RTCCLKCmd                            0x08000de7   Thumb Code     8  stm32f4xx_rcc.o(.text)
    RCC_BackupResetCmd                       0x08000def   Thumb Code     8  stm32f4xx_rcc.o(.text)
    RCC_I2SCLKConfig                         0x08000df7   Thumb Code     6  stm32f4xx_rcc.o(.text)
    RCC_SAIPLLI2SClkDivConfig                0x08000dfd   Thumb Code    26  stm32f4xx_rcc.o(.text)
    RCC_SAIPLLSAIClkDivConfig                0x08000e17   Thumb Code    28  stm32f4xx_rcc.o(.text)
    RCC_SAIBlockACLKConfig                   0x08000e33   Thumb Code    20  stm32f4xx_rcc.o(.text)
    RCC_SAIBlockBCLKConfig                   0x08000e47   Thumb Code    20  stm32f4xx_rcc.o(.text)
    RCC_LTDCCLKDivConfig                     0x08000e5b   Thumb Code    20  stm32f4xx_rcc.o(.text)
    RCC_TIMCLKPresConfig                     0x08000e6f   Thumb Code     6  stm32f4xx_rcc.o(.text)
    RCC_AHB1PeriphClockCmd                   0x08000e75   Thumb Code    34  stm32f4xx_rcc.o(.text)
    RCC_AHB2PeriphClockCmd                   0x08000e97   Thumb Code    78  stm32f4xx_rcc.o(.text)
    RCC_AHB3PeriphClockCmd                   0x08000ee5   Thumb Code    34  stm32f4xx_rcc.o(.text)
    RCC_APB1PeriphClockCmd                   0x08000f07   Thumb Code    34  stm32f4xx_rcc.o(.text)
    RCC_APB2PeriphClockCmd                   0x08000f29   Thumb Code    34  stm32f4xx_rcc.o(.text)
    RCC_AHB1PeriphResetCmd                   0x08000f4b   Thumb Code    34  stm32f4xx_rcc.o(.text)
    RCC_AHB2PeriphResetCmd                   0x08000f6d   Thumb Code    34  stm32f4xx_rcc.o(.text)
    RCC_AHB3PeriphResetCmd                   0x08000f8f   Thumb Code    34  stm32f4xx_rcc.o(.text)
    RCC_APB1PeriphResetCmd                   0x08000fb1   Thumb Code    34  stm32f4xx_rcc.o(.text)
    RCC_APB2PeriphResetCmd                   0x08000fd3   Thumb Code    34  stm32f4xx_rcc.o(.text)
    RCC_AHB1PeriphClockLPModeCmd             0x08000ff5   Thumb Code    34  stm32f4xx_rcc.o(.text)
    RCC_AHB2PeriphClockLPModeCmd             0x08001017   Thumb Code    34  stm32f4xx_rcc.o(.text)
    RCC_AHB3PeriphClockLPModeCmd             0x08001039   Thumb Code    34  stm32f4xx_rcc.o(.text)
    RCC_APB1PeriphClockLPModeCmd             0x0800105b   Thumb Code    34  stm32f4xx_rcc.o(.text)
    RCC_APB2PeriphClockLPModeCmd             0x0800107d   Thumb Code    34  stm32f4xx_rcc.o(.text)
    RCC_LSEModeConfig                        0x0800109f   Thumb Code    40  stm32f4xx_rcc.o(.text)
    RCC_ITConfig                             0x080010c7   Thumb Code    34  stm32f4xx_rcc.o(.text)
    RCC_ClearFlag                            0x080010e9   Thumb Code    18  stm32f4xx_rcc.o(.text)
    RCC_GetITStatus                          0x080010fb   Thumb Code    22  stm32f4xx_rcc.o(.text)
    RCC_ClearITPendingBit                    0x08001111   Thumb Code     8  stm32f4xx_rcc.o(.text)
    SYSCFG_DeInit                            0x0800111d   Thumb Code    22  stm32f4xx_syscfg.o(.text)
    SYSCFG_MemoryRemapConfig                 0x08001133   Thumb Code     6  stm32f4xx_syscfg.o(.text)
    SYSCFG_MemorySwappingBank                0x08001139   Thumb Code     6  stm32f4xx_syscfg.o(.text)
    SYSCFG_EXTILineConfig                    0x0800113f   Thumb Code    66  stm32f4xx_syscfg.o(.text)
    SYSCFG_ETH_MediaInterfaceConfig          0x08001181   Thumb Code     8  stm32f4xx_syscfg.o(.text)
    SYSCFG_CompensationCellCmd               0x08001189   Thumb Code     6  stm32f4xx_syscfg.o(.text)
    SYSCFG_GetCompensationCellStatus         0x0800118f   Thumb Code    22  stm32f4xx_syscfg.o(.text)
    TIM_DeInit                               0x080011b1   Thumb Code   346  stm32f4xx_tim.o(.text)
    TIM_TimeBaseInit                         0x0800130b   Thumb Code   104  stm32f4xx_tim.o(.text)
    TIM_TimeBaseStructInit                   0x08001373   Thumb Code    18  stm32f4xx_tim.o(.text)
    TIM_PrescalerConfig                      0x08001385   Thumb Code     6  stm32f4xx_tim.o(.text)
    TIM_CounterModeConfig                    0x0800138b   Thumb Code    18  stm32f4xx_tim.o(.text)
    TIM_SetCounter                           0x0800139d   Thumb Code     4  stm32f4xx_tim.o(.text)
    TIM_SetAutoreload                        0x080013a1   Thumb Code     4  stm32f4xx_tim.o(.text)
    TIM_GetCounter                           0x080013a5   Thumb Code     6  stm32f4xx_tim.o(.text)
    TIM_GetPrescaler                         0x080013ab   Thumb Code     6  stm32f4xx_tim.o(.text)
    TIM_UpdateDisableConfig                  0x080013b1   Thumb Code    24  stm32f4xx_tim.o(.text)
    TIM_UpdateRequestConfig                  0x080013c9   Thumb Code    24  stm32f4xx_tim.o(.text)
    TIM_ARRPreloadConfig                     0x080013e1   Thumb Code    24  stm32f4xx_tim.o(.text)
    TIM_SelectOnePulseMode                   0x080013f9   Thumb Code    18  stm32f4xx_tim.o(.text)
    TIM_SetClockDivision                     0x0800140b   Thumb Code    18  stm32f4xx_tim.o(.text)
    TIM_Cmd                                  0x0800141d   Thumb Code    24  stm32f4xx_tim.o(.text)
    TIM_OC1Init                              0x08001435   Thumb Code   114  stm32f4xx_tim.o(.text)
    TIM_OC2Init                              0x080014a7   Thumb Code   154  stm32f4xx_tim.o(.text)
    TIM_OC3Init                              0x08001541   Thumb Code   204  stm32f4xx_tim.o(.text)
    TIM_OC4Init                              0x0800160d   Thumb Code   112  stm32f4xx_tim.o(.text)
    TIM_OCStructInit                         0x0800167d   Thumb Code    20  stm32f4xx_tim.o(.text)
    TIM_SelectOCxM                           0x08001691   Thumb Code    86  stm32f4xx_tim.o(.text)
    TIM_SetCompare1                          0x080016e7   Thumb Code     4  stm32f4xx_tim.o(.text)
    TIM_SetCompare2                          0x080016eb   Thumb Code     4  stm32f4xx_tim.o(.text)
    TIM_SetCompare3                          0x080016ef   Thumb Code     4  stm32f4xx_tim.o(.text)
    TIM_SetCompare4                          0x080016f3   Thumb Code     4  stm32f4xx_tim.o(.text)
    TIM_ForcedOC1Config                      0x080016f7   Thumb Code    18  stm32f4xx_tim.o(.text)
    TIM_ForcedOC2Config                      0x08001709   Thumb Code    26  stm32f4xx_tim.o(.text)
    TIM_ForcedOC3Config                      0x08001723   Thumb Code    18  stm32f4xx_tim.o(.text)
    TIM_ForcedOC4Config                      0x08001735   Thumb Code    26  stm32f4xx_tim.o(.text)
    TIM_OC1PreloadConfig                     0x0800174f   Thumb Code    18  stm32f4xx_tim.o(.text)
    TIM_OC2PreloadConfig                     0x08001761   Thumb Code    26  stm32f4xx_tim.o(.text)
    TIM_OC3PreloadConfig                     0x0800177b   Thumb Code    18  stm32f4xx_tim.o(.text)
    TIM_OC4PreloadConfig                     0x0800178d   Thumb Code    26  stm32f4xx_tim.o(.text)
    TIM_OC1FastConfig                        0x080017a7   Thumb Code    18  stm32f4xx_tim.o(.text)
    TIM_OC2FastConfig                        0x080017b9   Thumb Code    26  stm32f4xx_tim.o(.text)
    TIM_OC3FastConfig                        0x080017d3   Thumb Code    18  stm32f4xx_tim.o(.text)
    TIM_OC4FastConfig                        0x080017e5   Thumb Code    26  stm32f4xx_tim.o(.text)
    TIM_ClearOC1Ref                          0x080017ff   Thumb Code    18  stm32f4xx_tim.o(.text)
    TIM_ClearOC2Ref                          0x08001811   Thumb Code    24  stm32f4xx_tim.o(.text)
    TIM_ClearOC3Ref                          0x08001829   Thumb Code    18  stm32f4xx_tim.o(.text)
    TIM_ClearOC4Ref                          0x0800183b   Thumb Code    24  stm32f4xx_tim.o(.text)
    TIM_OC1PolarityConfig                    0x08001853   Thumb Code    18  stm32f4xx_tim.o(.text)
    TIM_OC1NPolarityConfig                   0x08001865   Thumb Code    18  stm32f4xx_tim.o(.text)
    TIM_OC2PolarityConfig                    0x08001877   Thumb Code    26  stm32f4xx_tim.o(.text)
    TIM_OC2NPolarityConfig                   0x08001891   Thumb Code    26  stm32f4xx_tim.o(.text)
    TIM_OC3PolarityConfig                    0x080018ab   Thumb Code    26  stm32f4xx_tim.o(.text)
    TIM_OC3NPolarityConfig                   0x080018c5   Thumb Code    26  stm32f4xx_tim.o(.text)
    TIM_OC4PolarityConfig                    0x080018df   Thumb Code    26  stm32f4xx_tim.o(.text)
    TIM_CCxCmd                               0x080018f9   Thumb Code    30  stm32f4xx_tim.o(.text)
    TIM_CCxNCmd                              0x08001917   Thumb Code    30  stm32f4xx_tim.o(.text)
    TIM_SetIC4Prescaler                      0x08001935   Thumb Code    26  stm32f4xx_tim.o(.text)
    TIM_SetIC3Prescaler                      0x0800199f   Thumb Code    18  stm32f4xx_tim.o(.text)
    TIM_SetIC2Prescaler                      0x080019f9   Thumb Code    26  stm32f4xx_tim.o(.text)
    TIM_SetIC1Prescaler                      0x08001a6d   Thumb Code    18  stm32f4xx_tim.o(.text)
    TIM_ICInit                               0x08001ab9   Thumb Code   110  stm32f4xx_tim.o(.text)
    TIM_ICStructInit                         0x08001b27   Thumb Code    18  stm32f4xx_tim.o(.text)
    TIM_PWMIConfig                           0x08001b39   Thumb Code   124  stm32f4xx_tim.o(.text)
    TIM_GetCapture1                          0x08001bb5   Thumb Code     6  stm32f4xx_tim.o(.text)
    TIM_GetCapture2                          0x08001bbb   Thumb Code     6  stm32f4xx_tim.o(.text)
    TIM_GetCapture3                          0x08001bc1   Thumb Code     6  stm32f4xx_tim.o(.text)
    TIM_GetCapture4                          0x08001bc7   Thumb Code     6  stm32f4xx_tim.o(.text)
    TIM_BDTRConfig                           0x08001bcd   Thumb Code    32  stm32f4xx_tim.o(.text)
    TIM_BDTRStructInit                       0x08001bed   Thumb Code    18  stm32f4xx_tim.o(.text)
    TIM_CtrlPWMOutputs                       0x08001bff   Thumb Code    30  stm32f4xx_tim.o(.text)
    TIM_SelectCOM                            0x08001c1d   Thumb Code    24  stm32f4xx_tim.o(.text)
    TIM_CCPreloadControl                     0x08001c35   Thumb Code    24  stm32f4xx_tim.o(.text)
    TIM_ITConfig                             0x08001c4d   Thumb Code    18  stm32f4xx_tim.o(.text)
    TIM_GenerateEvent                        0x08001c5f   Thumb Code     4  stm32f4xx_tim.o(.text)
    TIM_GetFlagStatus                        0x08001c63   Thumb Code    18  stm32f4xx_tim.o(.text)
    TIM_ClearFlag                            0x08001c75   Thumb Code     6  stm32f4xx_tim.o(.text)
    TIM_GetITStatus                          0x08001c7b   Thumb Code    34  stm32f4xx_tim.o(.text)
    TIM_ClearITPendingBit                    0x08001c9d   Thumb Code     6  stm32f4xx_tim.o(.text)
    TIM_DMAConfig                            0x08001ca3   Thumb Code    10  stm32f4xx_tim.o(.text)
    TIM_DMACmd                               0x08001cad   Thumb Code    18  stm32f4xx_tim.o(.text)
    TIM_SelectCCDMA                          0x08001cbf   Thumb Code    24  stm32f4xx_tim.o(.text)
    TIM_InternalClockConfig                  0x08001cd7   Thumb Code    12  stm32f4xx_tim.o(.text)
    TIM_SelectInputTrigger                   0x08001ce3   Thumb Code    18  stm32f4xx_tim.o(.text)
    TIM_ITRxExternalClockConfig              0x08001cf5   Thumb Code    24  stm32f4xx_tim.o(.text)
    TIM_TIxExternalClockConfig               0x08001d0d   Thumb Code    62  stm32f4xx_tim.o(.text)
    TIM_ETRConfig                            0x08001d4b   Thumb Code    28  stm32f4xx_tim.o(.text)
    TIM_ETRClockMode1Config                  0x08001d67   Thumb Code    54  stm32f4xx_tim.o(.text)
    TIM_ETRClockMode2Config                  0x08001d9d   Thumb Code    32  stm32f4xx_tim.o(.text)
    TIM_SelectOutputTrigger                  0x08001dbd   Thumb Code    18  stm32f4xx_tim.o(.text)
    TIM_SelectSlaveMode                      0x08001dcf   Thumb Code    18  stm32f4xx_tim.o(.text)
    TIM_SelectMasterSlaveMode                0x08001de1   Thumb Code    18  stm32f4xx_tim.o(.text)
    TIM_EncoderInterfaceConfig               0x08001df3   Thumb Code    66  stm32f4xx_tim.o(.text)
    TIM_SelectHallSensor                     0x08001e35   Thumb Code    24  stm32f4xx_tim.o(.text)
    TIM_RemapConfig                          0x08001e4d   Thumb Code     6  stm32f4xx_tim.o(.text)
    USART_DeInit                             0x08001e55   Thumb Code   206  stm32f4xx_usart.o(.text)
    USART_Init                               0x08001f23   Thumb Code   204  stm32f4xx_usart.o(.text)
    USART_StructInit                         0x08001fef   Thumb Code    24  stm32f4xx_usart.o(.text)
    USART_ClockInit                          0x08002007   Thumb Code    32  stm32f4xx_usart.o(.text)
    USART_ClockStructInit                    0x08002027   Thumb Code    12  stm32f4xx_usart.o(.text)
    USART_Cmd                                0x08002033   Thumb Code    24  stm32f4xx_usart.o(.text)
    USART_SetPrescaler                       0x0800204b   Thumb Code    16  stm32f4xx_usart.o(.text)
    USART_OverSampling8Cmd                   0x0800205b   Thumb Code    22  stm32f4xx_usart.o(.text)
    USART_OneBitMethodCmd                    0x08002071   Thumb Code    24  stm32f4xx_usart.o(.text)
    USART_SendData                           0x08002089   Thumb Code     8  stm32f4xx_usart.o(.text)
    USART_ReceiveData                        0x08002091   Thumb Code    10  stm32f4xx_usart.o(.text)
    USART_SetAddress                         0x0800209b   Thumb Code    18  stm32f4xx_usart.o(.text)
    USART_ReceiverWakeUpCmd                  0x080020ad   Thumb Code    24  stm32f4xx_usart.o(.text)
    USART_WakeUpConfig                       0x080020c5   Thumb Code    18  stm32f4xx_usart.o(.text)
    USART_LINBreakDetectLengthConfig         0x080020d7   Thumb Code    18  stm32f4xx_usart.o(.text)
    USART_LINCmd                             0x080020e9   Thumb Code    24  stm32f4xx_usart.o(.text)
    USART_SendBreak                          0x08002101   Thumb Code    10  stm32f4xx_usart.o(.text)
    USART_HalfDuplexCmd                      0x0800210b   Thumb Code    24  stm32f4xx_usart.o(.text)
    USART_SetGuardTime                       0x08002123   Thumb Code    16  stm32f4xx_usart.o(.text)
    USART_SmartCardCmd                       0x08002133   Thumb Code    24  stm32f4xx_usart.o(.text)
    USART_SmartCardNACKCmd                   0x0800214b   Thumb Code    24  stm32f4xx_usart.o(.text)
    USART_IrDAConfig                         0x08002163   Thumb Code    18  stm32f4xx_usart.o(.text)
    USART_IrDACmd                            0x08002175   Thumb Code    24  stm32f4xx_usart.o(.text)
    USART_DMACmd                             0x0800218d   Thumb Code    18  stm32f4xx_usart.o(.text)
    USART_ITConfig                           0x0800219f   Thumb Code    74  stm32f4xx_usart.o(.text)
    USART_GetFlagStatus                      0x080021e9   Thumb Code    26  stm32f4xx_usart.o(.text)
    USART_ClearFlag                          0x08002203   Thumb Code    18  stm32f4xx_usart.o(.text)
    USART_GetITStatus                        0x08002215   Thumb Code   118  stm32f4xx_usart.o(.text)
    USART_ClearITPendingBit                  0x0800228b   Thumb Code    30  stm32f4xx_usart.o(.text)
    delay_init                               0x080022a9   Thumb Code    52  delay.o(.text)
    delay_us                                 0x080022dd   Thumb Code    72  delay.o(.text)
    delay_xms                                0x08002325   Thumb Code    72  delay.o(.text)
    delay_ms                                 0x0800236d   Thumb Code    56  delay.o(.text)
    TIM7_Init                                0x080023ad   Thumb Code    86  tim.o(.text)
    TIM7_Close                               0x08002403   Thumb Code    58  tim.o(.text)
    TIM4_PWM_Init                            0x0800243d   Thumb Code   218  tim.o(.text)
    Encoder1_TIM_Init                        0x08002517   Thumb Code   192  tim.o(.text)
    Encoder2_TIM_Init                        0x080025d7   Thumb Code   188  tim.o(.text)
    TIM2_IRQHandler                          0x08002693   Thumb Code    22  tim.o(.text)
    TIM3_IRQHandler                          0x080026a9   Thumb Code    22  tim.o(.text)
    Servo_Pitch_PWM_Init                     0x080026bf   Thumb Code   158  tim.o(.text)
    Servo_Yaw_PWM_Init                       0x0800275d   Thumb Code   196  tim.o(.text)
    MOTOR_GPIO_Init                          0x08002825   Thumb Code    48  gpio.o(.text)
    photoelectricity_GPIO_Init               0x08002855   Thumb Code    48  gpio.o(.text)
    gray_GPIO_Init                           0x08002885   Thumb Code   222  gpio.o(.text)
    Key_GPIO_Init                            0x08002963   Thumb Code    86  gpio.o(.text)
    voice_Config                             0x080029b9   Thumb Code    94  gpio.o(.text)
    photoelectric_GPIO_Init                  0x08002a17   Thumb Code    82  gpio.o(.text)
    pump_GPIO_Init                           0x08002a69   Thumb Code    56  gpio.o(.text)
    Bluetooth_USART_Init                     0x08002abd   Thumb Code   164  usart.o(.text)
    Bluetooth_USART_Close                    0x08002b61   Thumb Code   146  usart.o(.text)
    TFmini_left_USART_Init                   0x08002bf3   Thumb Code   172  usart.o(.text)
    TFmini_left_USART_Close                  0x08002c9f   Thumb Code   170  usart.o(.text)
    OpenMV_USART_Init                        0x08002d49   Thumb Code   172  usart.o(.text)
    OpenMV_USART_Close                       0x08002df5   Thumb Code   172  usart.o(.text)
    TFmini_right_USART_Init                  0x08002ea1   Thumb Code   200  usart.o(.text)
    TFmini_right_USART_Close                 0x08002f69   Thumb Code   172  usart.o(.text)
    gyro_USART_Init                          0x08003015   Thumb Code   204  usart.o(.text)
    gyro_USART_Close                         0x080030e1   Thumb Code   202  usart.o(.text)
    PE_EXTI_Init                             0x080031bd   Thumb Code    90  exti.o(.text)
    PE_EXTI_Close                            0x08003217   Thumb Code    90  exti.o(.text)
    EXTI15_10_IRQHandler                     0x08003271   Thumb Code   268  exti.o(.text)
    Motor_Init                               0x08003389   Thumb Code    16  motor.o(.text)
    Abs                                      0x08003399   Thumb Code    38  motor.o(.text)
    Max                                      0x080033bf   Thumb Code    40  motor.o(.text)
    Min                                      0x080033e7   Thumb Code    40  motor.o(.text)
    Limit                                    0x0800340f   Thumb Code    40  motor.o(.text)
    Car_Load                                 0x08003437   Thumb Code   130  motor.o(.text)
    Car_stop                                 0x080034b9   Thumb Code    50  motor.o(.text)
    Encoder_TIM_Init_All                     0x080034f9   Thumb Code    12  encoder.o(.text)
    Read_Speed                               0x08003505   Thumb Code    58  encoder.o(.text)
    get_gray_cnt                             0x08003545   Thumb Code   190  gray.o(.text)
    get_cross_flag                           0x08003603   Thumb Code   282  gray.o(.text)
    UART5_IRQHandler                         0x08003741   Thumb Code   258  gyro.o(.text)
    heading_Trans                            0x08003843   Thumb Code   242  gyro.o(.text)
    IMUData2PC                               0x08003935   Thumb Code     2  gyro.o(.text)
    timestamp                                0x08003937   Thumb Code    30  gyro.o(.text)
    DATA_Trans                               0x08003955   Thumb Code   220  gyro.o(.text)
    AHRSData2PC                              0x08003a31   Thumb Code     2  gyro.o(.text)
    TTL_Hex2Dec                              0x08003a33   Thumb Code   638  gyro.o(.text)
    Read_Yaw                                 0x08003cb1   Thumb Code    72  gyro.o(.text)
    Read_YawSpeed                            0x08003cf9   Thumb Code    24  gyro.o(.text)
    Read_Roll                                0x08003d11   Thumb Code    16  gyro.o(.text)
    Change_Err                               0x08003d21   Thumb Code   568  gyro.o(.text)
    servo_Init_All                           0x08003fc1   Thumb Code    28  servo.o(.text)
    Servo_Pitch_Control                      0x08003fdd   Thumb Code    14  servo.o(.text)
    Servo_Yaw_Control                        0x08003feb   Thumb Code    14  servo.o(.text)
    ServoControl                             0x08003ff9   Thumb Code   224  servo.o(.text)
    ServoMove                                0x080040d9   Thumb Code    64  servo.o(.text)
    USART1_IRQHandler                        0x08004121   Thumb Code   316  bluetooth.o(.text)
    UART4_IRQHandler                         0x08004279   Thumb Code   266  lidar.o(.text)
    USART2_IRQHandler                        0x08004383   Thumb Code   268  lidar.o(.text)
    VirtualTx_Config                         0x080044b9   Thumb Code    94  mp3.o(.text)
    VirtualCOM_ByteSend                      0x08004517   Thumb Code    78  mp3.o(.text)
    VirtualCOM_StringSend                    0x08004565   Thumb Code    24  mp3.o(.text)
    MP3_broadcast                            0x0800457d   Thumb Code    48  mp3.o(.text)
    USART3_IRQHandler                        0x080045c1   Thumb Code   362  openmv.o(.text)
    get_OpenMV                               0x0800472b   Thumb Code    50  openmv.o(.text)
    set_pid                                  0x08004781   Thumb Code    22  pid.o(.text)
    reset_pid                                0x08004797   Thumb Code    26  pid.o(.text)
    pid_calculate                            0x080047b1   Thumb Code   390  pid.o(.text)
    set_increment_pid                        0x08004937   Thumb Code    58  pid.o(.text)
    reset_increment_pid                      0x08004971   Thumb Code    34  pid.o(.text)
    increment_pid_calculate                  0x08004993   Thumb Code   252  pid.o(.text)
    chassis_pid_Init                         0x08004a95   Thumb Code    76  chassis.o(.text)
    chassis_Init                             0x08004ae1   Thumb Code    88  chassis.o(.text)
    check_arrive                             0x08004b39   Thumb Code   156  chassis.o(.text)
    chassis_rotate                           0x08004bd5   Thumb Code   116  chassis.o(.text)
    chassis_run                              0x08004c49   Thumb Code   192  chassis.o(.text)
    TIM7_IRQHandler                          0x08004d09   Thumb Code   274  chassis.o(.text)
    arm_Init                                 0x08004e8d   Thumb Code    28  arm.o(.text)
    lidar_water_confirm                      0x08004ea9   Thumb Code    50  arm.o(.text)
    water_finish                             0x08004edb   Thumb Code    20  arm.o(.text)
    water                                    0x08004eef   Thumb Code   150  arm.o(.text)
    get_water_direction                      0x08004f85   Thumb Code   274  arm.o(.text)
    water_task                               0x08005097   Thumb Code   164  arm.o(.text)
    arm_water_task                           0x0800513b   Thumb Code    56  arm.o(.text)
    __aeabi_memcpy                           0x08005199   Thumb Code    36  memcpya.o(.text)
    __aeabi_memcpy4                          0x08005199   Thumb Code     0  memcpya.o(.text)
    __aeabi_memcpy8                          0x08005199   Thumb Code     0  memcpya.o(.text)
    __aeabi_dmul                             0x080051bd   Thumb Code   228  dmul.o(.text)
    __aeabi_ddiv                             0x080052a1   Thumb Code   222  ddiv.o(.text)
    __aeabi_l2f                              0x0800537f   Thumb Code    44  ffltl.o(.text)
    __aeabi_i2d                              0x080053ab   Thumb Code    34  dflti.o(.text)
    __aeabi_f2d                              0x080053cd   Thumb Code    38  f2d.o(.text)
    __aeabi_cdcmpeq                          0x080053f5   Thumb Code     0  cdcmple.o(.text)
    __aeabi_cdcmple                          0x080053f5   Thumb Code    48  cdcmple.o(.text)
    __aeabi_cdrcmple                         0x08005425   Thumb Code    48  cdrcmple.o(.text)
    __aeabi_d2f                              0x08005455   Thumb Code    56  d2f.o(.text)
    __aeabi_llsr                             0x0800548d   Thumb Code    32  llushr.o(.text)
    _ll_ushift_r                             0x0800548d   Thumb Code     0  llushr.o(.text)
    __I$use$fp                               0x080054ad   Thumb Code     0  iusefp.o(.text)
    _float_round                             0x080054ad   Thumb Code    18  fepilogue.o(.text)
    _float_epilogue                          0x080054bf   Thumb Code    92  fepilogue.o(.text)
    _double_round                            0x0800551b   Thumb Code    30  depilogue.o(.text)
    _double_epilogue                         0x08005539   Thumb Code   156  depilogue.o(.text)
    __aeabi_dadd                             0x080055d5   Thumb Code   322  dadd.o(.text)
    __aeabi_dsub                             0x08005717   Thumb Code     6  dadd.o(.text)
    __aeabi_drsub                            0x0800571d   Thumb Code     6  dadd.o(.text)
    __ARM_scalbn                             0x08005723   Thumb Code    46  dscalb.o(.text)
    scalbn                                   0x08005723   Thumb Code     0  dscalb.o(.text)
    __scatterload                            0x08005751   Thumb Code    28  init.o(.text)
    __scatterload_rt2                        0x08005751   Thumb Code     0  init.o(.text)
    __aeabi_llsl                             0x08005775   Thumb Code    30  llshl.o(.text)
    _ll_shift_l                              0x08005775   Thumb Code     0  llshl.o(.text)
    __aeabi_lasr                             0x08005793   Thumb Code    36  llsshr.o(.text)
    _ll_sshift_r                             0x08005793   Thumb Code     0  llsshr.o(.text)
    _dsqrt                                   0x080057b7   Thumb Code   162  dsqrt.o(.text)
    __decompress                             0x08005859   Thumb Code     0  __dczerorl2.o(.text)
    __decompress1                            0x08005859   Thumb Code    86  __dczerorl2.o(.text)
    __ARM_fpclassify                         0x080058af   Thumb Code    48  fpclassify.o(i.__ARM_fpclassify)
    __hardfp_fabs                            0x080058df   Thumb Code    20  fabs.o(i.__hardfp_fabs)
    __hardfp_pow                             0x080058f9   Thumb Code  3044  pow.o(i.__hardfp_pow)
    __kernel_poly                            0x08006531   Thumb Code   248  poly.o(i.__kernel_poly)
    __mathlib_dbl_divzero                    0x08006629   Thumb Code    28  dunder.o(i.__mathlib_dbl_divzero)
    __mathlib_dbl_infnan2                    0x08006659   Thumb Code    20  dunder.o(i.__mathlib_dbl_infnan2)
    __mathlib_dbl_invalid                    0x08006671   Thumb Code    24  dunder.o(i.__mathlib_dbl_invalid)
    __mathlib_dbl_overflow                   0x08006691   Thumb Code    24  dunder.o(i.__mathlib_dbl_overflow)
    __mathlib_dbl_underflow                  0x080066b1   Thumb Code    24  dunder.o(i.__mathlib_dbl_underflow)
    __scatterload_copy                       0x080066d1   Thumb Code    14  handlers.o(i.__scatterload_copy)
    __scatterload_null                       0x080066df   Thumb Code     2  handlers.o(i.__scatterload_null)
    __scatterload_zeroinit                   0x080066e1   Thumb Code    14  handlers.o(i.__scatterload_zeroinit)
    __set_errno                              0x080066f1   Thumb Code     6  errno.o(i.__set_errno)
    fabs                                     0x080066fd   Thumb Code    24  fabs.o(i.fabs)
    sqrt                                     0x08006715   Thumb Code   110  sqrt.o(i.sqrt)
    __mathlib_zero                           0x08006810   Data           8  qnan.o(.constdata)
    Region$$Table$$Base                      0x08006818   Number         0  anon$$obj.o(Region$$Table)
    Region$$Table$$Limit                     0x08006838   Number         0  anon$$obj.o(Region$$Table)
    SystemCoreClock                          0x20000000   Data           4  system_stm32f4xx.o(.data)
    AHBPrescTable                            0x20000004   Data          16  system_stm32f4xx.o(.data)
    plant_cnt                                0x20000014   Data           4  run.o(.data)
    region                                   0x20000018   Data           1  run.o(.data)
    operation_sequence                       0x2000001c   Data          60  run.o(.data)
    max_run_itr                              0x20000058   Data           1  run.o(.data)
    itr                                      0x20000059   Data           1  run.o(.data)
    R_r                                      0x20000070   Data           4  exti.o(.data)
    L_l                                      0x20000074   Data           4  exti.o(.data)
    Flag_L                                   0x20000078   Data           4  exti.o(.data)
    Flag_R                                   0x2000007c   Data           4  exti.o(.data)
    left_water_flag                          0x20000080   Data           4  exti.o(.data)
    right_water_flag                         0x20000084   Data           4  exti.o(.data)
    cross_cnt                                0x20000088   Data           4  gray.o(.data)
    cnt                                      0x2000008c   Data           4  gray.o(.data)
    ori_target_Yaw                           0x20000090   Data           4  gyro.o(.data)
    target_Yaw                               0x20000094   Data           4  gyro.o(.data)
    current_yaw                              0x20000098   Data           4  gyro.o(.data)
    clockwise_rotate_flag                    0x2000009c   Data           4  gyro.o(.data)
    ttl_receive                              0x200000a0   Data           1  gyro.o(.data)
    rs_imutype                               0x200000a4   Data           4  gyro.o(.data)
    rs_ahrstype                              0x200000a8   Data           4  gyro.o(.data)
    Target_Yaw                               0x200000ac   Data           4  gyro.o(.data)
    target_yaw                               0x200000b0   Data           4  gyro.o(.data)
    j                                        0x200000b4   Data           4  gyro.o(.data)
    j1                                       0x200000b8   Data           4  gyro.o(.data)
    F                                        0x200000bc   Data           4  gyro.o(.data)
    F_L                                      0x200000c0   Data           4  gyro.o(.data)
    F_R                                      0x200000c4   Data           4  gyro.o(.data)
    C                                        0x200000c8   Data           4  gyro.o(.data)
    ROLL                                     0x200000cc   Data           4  gyro.o(.data)
    drought_buff                             0x200000d6   Data          40  bluetooth.o(.data)
    receive_flag                             0x200000fe   Data           1  bluetooth.o(.data)
    lcx                                      0x200000ff   Data           1  bluetooth.o(.data)
    lcy                                      0x20000100   Data           1  bluetooth.o(.data)
    lcolor                                   0x20000101   Data           1  bluetooth.o(.data)
    lz                                       0x20000102   Data           1  bluetooth.o(.data)
    ganhan                                   0x20000103   Data           1  bluetooth.o(.data)
    bluetooth_receive_flag                   0x20000104   Data           1  bluetooth.o(.data)
    USART_RX_STA                             0x20000106   Data           2  bluetooth.o(.data)
    Distance_left_max                        0x20000110   Data           2  lidar.o(.data)
    Distance_left_min                        0x20000112   Data           2  lidar.o(.data)
    Distance_right_max                       0x20000114   Data           2  lidar.o(.data)
    Distance_right_min                       0x20000116   Data           2  lidar.o(.data)
    Dist_right                               0x20000118   Data           2  lidar.o(.data)
    Dist_left                                0x2000011a   Data           2  lidar.o(.data)
    slight                                   0x20000120   Data           8  mp3.o(.data)
    general                                  0x20000128   Data           8  mp3.o(.data)
    serious                                  0x20000130   Data           8  mp3.o(.data)
    cx                                       0x20000138   Data           1  openmv.o(.data)
    cy                                       0x20000139   Data           1  openmv.o(.data)
    color                                    0x2000013a   Data           1  openmv.o(.data)
    z                                        0x2000013b   Data           1  openmv.o(.data)
    water_times                              0x2000013c   Data           1  openmv.o(.data)
    vec                                      0x20000140   Data           8  chassis.o(.data)
    speed_limit                              0x20000148   Data           4  chassis.o(.data)
    heading_speed_limit                      0x2000014c   Data           4  chassis.o(.data)
    rotate_arrive                            0x20000150   Data           4  chassis.o(.data)
    rotate_vague_arrive                      0x20000154   Data           4  chassis.o(.data)
    water_finish_structure                   0x20000158   Data           4  arm.o(.data)
    IMUData_Packet                           0x20000164   Data          52  gyro.o(.bss)
    AHRSData_Packet                          0x20000198   Data          44  gyro.o(.bss)
    Fd_data                                  0x200001c4   Data          64  gyro.o(.bss)
    Fd_rsimu                                 0x20000204   Data          64  gyro.o(.bss)
    Fd_rsahrs                                0x20000244   Data          56  gyro.o(.bss)
    b                                        0x2000027c   Data         200  gyro.o(.bss)
    a                                        0x20000344   Data         200  gyro.o(.bss)
    USART_RX_BUF                             0x2000040c   Data         200  bluetooth.o(.bss)
    rx_data_right                            0x200004e8   Data           9  lidar.o(.bss)
    rx_data_left                             0x200004f1   Data           9  lidar.o(.bss)
    info                                     0x20000510   Data          80  chassis.o(.bss)
    left_inc_PID                             0x20000560   Data          44  chassis.o(.bss)
    right_inc_PID                            0x2000058c   Data          44  chassis.o(.bss)
    heading_inc_PID                          0x200005b8   Data          44  chassis.o(.bss)
    __initial_sp                             0x200009e8   Data           0  startup_stm32f40_41xxx.o(STACK)



==============================================================================

Memory Map of the image

  Image Entry point : 0x08000189

  Load Region LR_IROM1 (Base: 0x08000000, Size: 0x0000699c, Max: 0x00100000, ABSOLUTE, COMPRESSED[0x0000688c])

    Execution Region ER_IROM1 (Base: 0x08000000, Size: 0x00006838, Max: 0x00100000, ABSOLUTE)

    Base Addr    Size         Type   Attr      Idx    E Section Name        Object

    0x08000000   0x00000188   Data   RO          328    RESET               startup_stm32f40_41xxx.o
    0x08000188   0x00000000   Code   RO         1655  * .ARM.Collect$$$$00000000  mc_w.l(entry.o)
    0x08000188   0x00000004   Code   RO         1713    .ARM.Collect$$$$00000001  mc_w.l(entry2.o)
    0x0800018c   0x00000004   Code   RO         1716    .ARM.Collect$$$$00000004  mc_w.l(entry5.o)
    0x08000190   0x00000000   Code   RO         1718    .ARM.Collect$$$$00000008  mc_w.l(entry7b.o)
    0x08000190   0x00000000   Code   RO         1720    .ARM.Collect$$$$0000000A  mc_w.l(entry8b.o)
    0x08000190   0x00000008   Code   RO         1721    .ARM.Collect$$$$0000000B  mc_w.l(entry9a.o)
    0x08000198   0x00000000   Code   RO         1723    .ARM.Collect$$$$0000000D  mc_w.l(entry10a.o)
    0x08000198   0x00000000   Code   RO         1725    .ARM.Collect$$$$0000000F  mc_w.l(entry11a.o)
    0x08000198   0x00000004   Code   RO         1714    .ARM.Collect$$$$00002712  mc_w.l(entry2.o)
    0x0800019c   0x0000001c   Code   RO            3    .text               main.o
    0x080001b8   0x0000001a   Code   RO          218    .text               stm32f4xx_it.o
    0x080001d2   0x00000002   PAD
    0x080001d4   0x00000210   Code   RO          267    .text               system_stm32f4xx.o
    0x080003e4   0x00000234   Code   RO          293    .text               run.o
    0x08000618   0x00000024   Code   RO          329    .text               startup_stm32f40_41xxx.o
    0x0800063c   0x000000e0   Code   RO          335    .text               misc.o
    0x0800071c   0x00000110   Code   RO          598    .text               stm32f4xx_exti.o
    0x0800082c   0x00000294   Code   RO          684    .text               stm32f4xx_gpio.o
    0x08000ac0   0x0000065c   Code   RO          847    .text               stm32f4xx_rcc.o
    0x0800111c   0x00000094   Code   RO          972    .text               stm32f4xx_syscfg.o
    0x080011b0   0x00000ca2   Code   RO          992    .text               stm32f4xx_tim.o
    0x08001e52   0x00000002   PAD
    0x08001e54   0x00000454   Code   RO         1012    .text               stm32f4xx_usart.o
    0x080022a8   0x00000104   Code   RO         1052    .text               delay.o
    0x080023ac   0x00000478   Code   RO         1092    .text               tim.o
    0x08002824   0x00000298   Code   RO         1112    .text               gpio.o
    0x08002abc   0x00000700   Code   RO         1152    .text               usart.o
    0x080031bc   0x000001cc   Code   RO         1172    .text               exti.o
    0x08003388   0x00000170   Code   RO         1221    .text               motor.o
    0x080034f8   0x0000004c   Code   RO         1241    .text               encoder.o
    0x08003544   0x000001fc   Code   RO         1264    .text               gray.o
    0x08003740   0x00000880   Code   RO         1291    .text               gyro.o
    0x08003fc0   0x00000160   Code   RO         1320    .text               servo.o
    0x08004120   0x00000158   Code   RO         1343    .text               bluetooth.o
    0x08004278   0x00000240   Code   RO         1370    .text               lidar.o
    0x080044b8   0x00000108   Code   RO         1428    .text               mp3.o
    0x080045c0   0x000001c0   Code   RO         1451    .text               openmv.o
    0x08004780   0x00000314   Code   RO         1478    .text               pid.o
    0x08004a94   0x000003f8   Code   RO         1561    .text               chassis.o
    0x08004e8c   0x0000030c   Code   RO         1610    .text               arm.o
    0x08005198   0x00000024   Code   RO         1658    .text               mc_w.l(memcpya.o)
    0x080051bc   0x000000e4   Code   RO         1662    .text               mf_w.l(dmul.o)
    0x080052a0   0x000000de   Code   RO         1664    .text               mf_w.l(ddiv.o)
    0x0800537e   0x0000002c   Code   RO         1666    .text               mf_w.l(ffltl.o)
    0x080053aa   0x00000022   Code   RO         1668    .text               mf_w.l(dflti.o)
    0x080053cc   0x00000026   Code   RO         1674    .text               mf_w.l(f2d.o)
    0x080053f2   0x00000002   PAD
    0x080053f4   0x00000030   Code   RO         1676    .text               mf_w.l(cdcmple.o)
    0x08005424   0x00000030   Code   RO         1678    .text               mf_w.l(cdrcmple.o)
    0x08005454   0x00000038   Code   RO         1680    .text               mf_w.l(d2f.o)
    0x0800548c   0x00000020   Code   RO         1727    .text               mc_w.l(llushr.o)
    0x080054ac   0x00000000   Code   RO         1736    .text               mc_w.l(iusefp.o)
    0x080054ac   0x0000006e   Code   RO         1737    .text               mf_w.l(fepilogue.o)
    0x0800551a   0x000000ba   Code   RO         1739    .text               mf_w.l(depilogue.o)
    0x080055d4   0x0000014e   Code   RO         1741    .text               mf_w.l(dadd.o)
    0x08005722   0x0000002e   Code   RO         1745    .text               mf_w.l(dscalb.o)
    0x08005750   0x00000024   Code   RO         1747    .text               mc_w.l(init.o)
    0x08005774   0x0000001e   Code   RO         1749    .text               mc_w.l(llshl.o)
    0x08005792   0x00000024   Code   RO         1751    .text               mc_w.l(llsshr.o)
    0x080057b6   0x000000a2   Code   RO         1753    .text               mf_w.l(dsqrt.o)
    0x08005858   0x00000056   Code   RO         1763    .text               mc_w.l(__dczerorl2.o)
    0x080058ae   0x00000030   Code   RO         1696    i.__ARM_fpclassify  m_wm.l(fpclassify.o)
    0x080058de   0x00000014   Code   RO         1635    i.__hardfp_fabs     m_wm.l(fabs.o)
    0x080058f2   0x00000006   PAD
    0x080058f8   0x00000c38   Code   RO         1641    i.__hardfp_pow      m_wm.l(pow.o)
    0x08006530   0x000000f8   Code   RO         1698    i.__kernel_poly     m_wm.l(poly.o)
    0x08006628   0x00000030   Code   RO         1682    i.__mathlib_dbl_divzero  m_wm.l(dunder.o)
    0x08006658   0x00000014   Code   RO         1684    i.__mathlib_dbl_infnan2  m_wm.l(dunder.o)
    0x0800666c   0x00000004   PAD
    0x08006670   0x00000020   Code   RO         1685    i.__mathlib_dbl_invalid  m_wm.l(dunder.o)
    0x08006690   0x00000020   Code   RO         1686    i.__mathlib_dbl_overflow  m_wm.l(dunder.o)
    0x080066b0   0x00000020   Code   RO         1688    i.__mathlib_dbl_underflow  m_wm.l(dunder.o)
    0x080066d0   0x0000000e   Code   RO         1757    i.__scatterload_copy  mc_w.l(handlers.o)
    0x080066de   0x00000002   Code   RO         1758    i.__scatterload_null  mc_w.l(handlers.o)
    0x080066e0   0x0000000e   Code   RO         1759    i.__scatterload_zeroinit  mc_w.l(handlers.o)
    0x080066ee   0x00000002   PAD
    0x080066f0   0x0000000c   Code   RO         1731    i.__set_errno       mc_w.l(errno.o)
    0x080066fc   0x00000018   Code   RO         1637    i.fabs              m_wm.l(fabs.o)
    0x08006714   0x0000006e   Code   RO         1703    i.sqrt              m_wm.l(sqrt.o)
    0x08006782   0x00000006   PAD
    0x08006788   0x00000088   Data   RO         1644    .constdata          m_wm.l(pow.o)
    0x08006810   0x00000008   Data   RO         1700    .constdata          m_wm.l(qnan.o)
    0x08006818   0x00000020   Data   RO         1755    Region$$Table       anon$$obj.o


    Execution Region RW_IRAM1 (Base: 0x20000000, Size: 0x000009e8, Max: 0x00020000, ABSOLUTE, COMPRESSED[0x00000054])

    Base Addr    Size         Type   Attr      Idx    E Section Name        Object

    0x20000000   0x00000014   Data   RW          268    .data               system_stm32f4xx.o
    0x20000014   0x00000046   Data   RW          295    .data               run.o
    0x2000005a   0x00000010   Data   RW          848    .data               stm32f4xx_rcc.o
    0x2000006a   0x00000004   Data   RW         1053    .data               delay.o
    0x2000006e   0x00000002   PAD
    0x20000070   0x00000018   Data   RW         1173    .data               exti.o
    0x20000088   0x00000008   Data   RW         1266    .data               gray.o
    0x20000090   0x00000045   Data   RW         1293    .data               gyro.o
    0x200000d5   0x00000001   PAD
    0x200000d6   0x00000039   Data   RW         1345    .data               bluetooth.o
    0x2000010f   0x00000001   PAD
    0x20000110   0x00000010   Data   RW         1372    .data               lidar.o
    0x20000120   0x00000018   Data   RW         1429    .data               mp3.o
    0x20000138   0x00000008   Data   RW         1453    .data               openmv.o
    0x20000140   0x00000018   Data   RW         1564    .data               chassis.o
    0x20000158   0x00000008   Data   RW         1612    .data               arm.o
    0x20000160   0x00000004   Data   RW         1732    .data               mc_w.l(errno.o)
    0x20000164   0x000002a8   Zero   RW         1292    .bss                gyro.o
    0x2000040c   0x000000dc   Zero   RW         1344    .bss                bluetooth.o
    0x200004e8   0x00000012   Zero   RW         1371    .bss                lidar.o
    0x200004fa   0x00000014   Zero   RW         1452    .bss                openmv.o
    0x2000050e   0x00000002   PAD
    0x20000510   0x000000d4   Zero   RW         1562    .bss                chassis.o
    0x200005e4   0x00000004   PAD
    0x200005e8   0x00000400   Zero   RW          326    STACK               startup_stm32f40_41xxx.o


==============================================================================

Image component sizes


      Code (inc. data)   RO Data    RW Data    ZI Data      Debug   Object Name

       780         38          0          8          0       3970   arm.o
       344         28          0         57        220       1762   bluetooth.o
      1016        114          0         24        212       3695   chassis.o
       260          8          0          4          0       1417   delay.o
        76          6          0          0          0       1178   encoder.o
       460         12          0         24          0       1487   exti.o
       664         28          0          0          0       1794   gpio.o
       508         36          0          8          0       1241   gray.o
      2176        216          0         69        680       6155   gyro.o
       576         42          0         16         18       2061   lidar.o
        28          0          0          0          0     285993   main.o
       224         20          0          0          0       1797   misc.o
       368         14          0          0          0       2145   motor.o
       264         20          0         24          0       1756   mp3.o
       448         36          0          8         20       1727   openmv.o
       788          6          0          0          0       2696   pid.o
       564         38          0         70          0       3670   run.o
       352          8          0          0          0       1410   servo.o
        36          8        392          0       1024        820   startup_stm32f40_41xxx.o
       272         10          0          0          0       2243   stm32f4xx_exti.o
       660         44          0          0          0       4073   stm32f4xx_gpio.o
        26          0          0          0          0       1214   stm32f4xx_it.o
      1628         52          0         16          0      12852   stm32f4xx_rcc.o
       148         12          0          0          0       1833   stm32f4xx_syscfg.o
      3234         60          0          0          0      22280   stm32f4xx_tim.o
      1108         34          0          0          0       7776   stm32f4xx_usart.o
       528         46          0         20          0       1747   system_stm32f4xx.o
      1144         42          0          0          0       3021   tim.o
      1792         42          0          0          0       4031   usart.o

    ----------------------------------------------------------------------
     20476       1020        424        352       2180     387844   Object Totals
         0          0         32          0          0          0   (incl. Generated)
         4          0          0          4          6          0   (incl. Padding)

    ----------------------------------------------------------------------

      Code (inc. data)   RO Data    RW Data    ZI Data      Debug   Library Member Name

       164         44          0          0          0        620   dunder.o
        44          0          0          0          0        248   fabs.o
        48          0          0          0          0        124   fpclassify.o
       248          0          0          0          0        152   poly.o
      3128        302        136          0          0        356   pow.o
         0          0          8          0          0          0   qnan.o
       110          0          0          0          0        148   sqrt.o
        86          0          0          0          0          0   __dczerorl2.o
         0          0          0          0          0          0   entry.o
         0          0          0          0          0          0   entry10a.o
         0          0          0          0          0          0   entry11a.o
         8          4          0          0          0          0   entry2.o
         4          0          0          0          0          0   entry5.o
         0          0          0          0          0          0   entry7b.o
         0          0          0          0          0          0   entry8b.o
         8          4          0          0          0          0   entry9a.o
        12          6          0          4          0         68   errno.o
        30          0          0          0          0          0   handlers.o
        36          8          0          0          0         68   init.o
         0          0          0          0          0          0   iusefp.o
        30          0          0          0          0         68   llshl.o
        36          0          0          0          0         68   llsshr.o
        32          0          0          0          0         68   llushr.o
        36          0          0          0          0         68   memcpya.o
        48          0          0          0          0         68   cdcmple.o
        48          0          0          0          0         68   cdrcmple.o
        56          0          0          0          0         88   d2f.o
       334          0          0          0          0        148   dadd.o
       222          0          0          0          0        100   ddiv.o
       186          0          0          0          0        176   depilogue.o
        34          0          0          0          0         76   dflti.o
       228          0          0          0          0         96   dmul.o
        46          0          0          0          0         80   dscalb.o
       162          0          0          0          0        100   dsqrt.o
        38          0          0          0          0         68   f2d.o
       110          0          0          0          0        168   fepilogue.o
        44          0          0          0          0         92   ffltl.o

    ----------------------------------------------------------------------
      5636        368        144          4          0       3384   Library Totals
        20          0          0          0          0          0   (incl. Padding)

    ----------------------------------------------------------------------

      Code (inc. data)   RO Data    RW Data    ZI Data      Debug   Library Name

      3742        346        144          0          0       1648   m_wm.l
       318         22          0          4          0        408   mc_w.l
      1556          0          0          0          0       1328   mf_w.l

    ----------------------------------------------------------------------
      5636        368        144          4          0       3384   Library Totals

    ----------------------------------------------------------------------

==============================================================================


      Code (inc. data)   RO Data    RW Data    ZI Data      Debug   

     26112       1388        568        356       2180     384580   Grand Totals
     26112       1388        568         84       2180     384580   ELF Image Totals (compressed)
     26112       1388        568         84          0          0   ROM Totals

==============================================================================

    Total RO  Size (Code + RO Data)                26680 (  26.05kB)
    Total RW  Size (RW Data + ZI Data)              2536 (   2.48kB)
    Total ROM Size (Code + RO Data + RW Data)      26764 (  26.14kB)

==============================================================================

