<html>
<body>
<pre>
<h1>µVision Build Log</h1>
<h2>Tool Versions:</h2>
IDE-Version: ¦ÌVision V5.14.0.0
Copyright (C) 2015 ARM Ltd and ARM Germany GmbH. All rights reserved.
License Information: 1 blue, 1, LIC=KRMW3-A0UJ4-KP6ZY-IPUDE-7XGR8-4HUFH
 
Tool Versions:
Toolchain:       MDK-ARM Standard  Version: 5.14.0.0
Toolchain Path:  D:\Downloads\keil5\ARM\ARMCC\Bin
C Compiler:      Armcc.exe V5.05 update 1 (build 106)
Assembler:       Armasm.exe V5.05 update 1 (build 106)
Linker/Locator:  ArmLink.exe V5.05 update 1 (build 106)
Library Manager: ArmAr.exe V5.05 update 1 (build 106)
Hex Converter:   FromElf.exe V5.05 update 1 (build 106)
CPU DLL:         SARMCM3.DLL V5.14.0.0
Dialog DLL:      DCM.DLL V1.13.1.0
Target DLL:      CMSIS_AGDI.dll V1.21.0.0
Dialog DLL:      TCM.DLL V1.14.4.0
 
<h2>Project:</h2>
D:\Github\Irrigation-robot\MAIN\USER\Template.uvprojx
Project File Date:  06/23/2024

<h2>Output:</h2>
Build target 'Template'
compiling main.c...
..\bsp\gpio\gpio.h(43): warning:  #1295-D: Deprecated declaration Key_GPIO_Init - give arg types
  void Key_GPIO_Init();
..\bsp\iic\iic.h(12): warning:  #1-D: last line of file ends without a newline
      
..\bsp\dma\dma.h(25): warning:  #1-D: last line of file ends without a newline
  #endif
..\module\openmv\openmv.h(16): warning:  #1-D: last line of file ends without a newline
  #endif
main.c: 4 warnings, 0 errors
compiling run.c...
..\bsp\gpio\gpio.h(43): warning:  #1295-D: Deprecated declaration Key_GPIO_Init - give arg types
  void Key_GPIO_Init();
..\bsp\iic\iic.h(12): warning:  #1-D: last line of file ends without a newline
      
..\bsp\dma\dma.h(25): warning:  #1-D: last line of file ends without a newline
  #endif
..\module\openmv\openmv.h(16): warning:  #1-D: last line of file ends without a newline
  #endif
run\run.c(16): warning:  #223-D: function "arm_Init" declared implicitly
          arm_Init();
run\run.c(186): warning:  #940-D: missing return statement at end of non-void function "end_return_home"
  }
run\run.c: 6 warnings, 0 errors
compiling tim.c...
..\bsp\gpio\gpio.h(43): warning:  #1295-D: Deprecated declaration Key_GPIO_Init - give arg types
  void Key_GPIO_Init();
..\bsp\iic\iic.h(12): warning:  #1-D: last line of file ends without a newline
      
..\bsp\dma\dma.h(25): warning:  #1-D: last line of file ends without a newline
  #endif
..\bsp\tim\tim.c(45): warning:  #177-D: variable "TIM_TimeBaseInitStructure" was declared but never referenced
        TIM_TimeBaseInitTypeDef TIM_TimeBaseInitStructure;
..\bsp\tim\tim.c(290): warning:  #1-D: last line of file ends without a newline
  }
..\bsp\tim\tim.c: 5 warnings, 0 errors
compiling usart.c...
..\bsp\gpio\gpio.h(43): warning:  #1295-D: Deprecated declaration Key_GPIO_Init - give arg types
  void Key_GPIO_Init();
..\bsp\iic\iic.h(12): warning:  #1-D: last line of file ends without a newline
      
..\bsp\usart\usart.c: 2 warnings, 0 errors
compiling exti.c...
..\bsp\gpio\gpio.h(43): warning:  #1295-D: Deprecated declaration Key_GPIO_Init - give arg types
  void Key_GPIO_Init();
..\bsp\iic\iic.h(12): warning:  #1-D: last line of file ends without a newline
      
..\bsp\dma\dma.h(25): warning:  #1-D: last line of file ends without a newline
  #endif
..\module\openmv\openmv.h(16): warning:  #1-D: last line of file ends without a newline
  #endif
..\bsp\exti\exti.c(6): warning:  #9-D: nested comment is not allowed
  ///////////////////////////////////////////////////////////////////////////////*/
..\bsp\exti\exti.c: 5 warnings, 0 errors
compiling dma.c...
..\bsp\gpio\gpio.h(43): warning:  #1295-D: Deprecated declaration Key_GPIO_Init - give arg types
  void Key_GPIO_Init();
..\bsp\iic\iic.h(12): warning:  #1-D: last line of file ends without a newline
      
..\bsp\dma\dma.h(25): warning:  #1-D: last line of file ends without a newline
  #endif
..\bsp\dma\dma.h(25): warning:  #1-D: last line of file ends without a newline
  #endif
..\bsp\dma\dma.c(95): warning:  #223-D: function "memcpy" declared implicitly
                                memcpy(Fd_rsimu, Fd_data, sizeof(Fd_data));
..\bsp\dma\dma.c(103): warning:  #223-D: function "memcpy" declared implicitly
                                memcpy(Fd_rsahrs, Fd_data, sizeof(Fd_data));
..\bsp\dma\dma.c(127): warning:  #167-D: argument of type "volatile uint8_t *" is incompatible with parameter of type "uint8_t *"
                ProcessDMAData(processing_buffer, UART5_RX_BUFFER_SIZE);
..\bsp\dma\dma.c(164): warning:  #167-D: argument of type "volatile uint8_t *" is incompatible with parameter of type "uint8_t *"
                ProcessDMAData(current_buffer, recv_size);
..\bsp\dma\dma.c(426): warning:  #1-D: last line of file ends without a newline
  }
..\bsp\dma\dma.c: 9 warnings, 0 errors
compiling gyro.c...
..\bsp\gpio\gpio.h(43): warning:  #1295-D: Deprecated declaration Key_GPIO_Init - give arg types
  void Key_GPIO_Init();
..\bsp\iic\iic.h(12): warning:  #1-D: last line of file ends without a newline
      
..\bsp\dma\dma.h(25): warning:  #1-D: last line of file ends without a newline
  #endif
..\module\gyro\gyro.c(121): warning:  #177-D: variable "i" was declared but never referenced
        u8 i;
..\module\gyro\gyro.c(280): warning:  #1035-D: single-precision operand implicitly converted to double-precision
        return AHRSData_Packet.Heading * 180.0 / PI;
..\module\gyro\gyro.c(292): warning:  #223-D: function "Abs" declared implicitly
        if (Abs(bias) <= 0.3)
..\module\gyro\gyro.c(296): warning:  #1035-D: single-precision operand implicitly converted to double-precision
        if (bias > 0.3 && bias <= 5)
..\module\gyro\gyro.c(344): warning:  #223-D: function "Abs" declared implicitly
        if (Abs(bias) > 50)
..\module\gyro\gyro.c: 8 warnings, 0 errors
compiling lidar.c...
..\bsp\gpio\gpio.h(43): warning:  #1295-D: Deprecated declaration Key_GPIO_Init - give arg types
  void Key_GPIO_Init();
..\bsp\iic\iic.h(12): warning:  #1-D: last line of file ends without a newline
      
..\bsp\dma\dma.h(25): warning:  #1-D: last line of file ends without a newline
  #endif
..\bsp\dma\dma.h(25): warning:  #1-D: last line of file ends without a newline
  #endif
..\module\lidar\lidar.c: 4 warnings, 0 errors
compiling mp3.c...
..\bsp\gpio\gpio.h(43): warning:  #1295-D: Deprecated declaration Key_GPIO_Init - give arg types
  void Key_GPIO_Init();
..\bsp\iic\iic.h(12): warning:  #1-D: last line of file ends without a newline
      
..\module\openmv\openmv.h(16): warning:  #1-D: last line of file ends without a newline
  #endif
..\module\mp3\mp3.c: 3 warnings, 0 errors
compiling pid.c...
..\bsp\gpio\gpio.h(43): warning:  #1295-D: Deprecated declaration Key_GPIO_Init - give arg types
  void Key_GPIO_Init();
..\bsp\iic\iic.h(12): warning:  #1-D: last line of file ends without a newline
      
..\bsp\dma\dma.h(25): warning:  #1-D: last line of file ends without a newline
  #endif
..\module\openmv\openmv.h(16): warning:  #1-D: last line of file ends without a newline
  #endif
..\module\pid\pid.c: 4 warnings, 0 errors
compiling chassis.c...
..\bsp\gpio\gpio.h(43): warning:  #1295-D: Deprecated declaration Key_GPIO_Init - give arg types
  void Key_GPIO_Init();
..\bsp\iic\iic.h(12): warning:  #1-D: last line of file ends without a newline
      
..\bsp\dma\dma.h(25): warning:  #1-D: last line of file ends without a newline
  #endif
..\module\openmv\openmv.h(16): warning:  #1-D: last line of file ends without a newline
  #endif
..\application\chassis\chassis.c: 4 warnings, 0 errors
compiling arm.c...
..\bsp\gpio\gpio.h(43): warning:  #1295-D: Deprecated declaration Key_GPIO_Init - give arg types
  void Key_GPIO_Init();
..\bsp\iic\iic.h(12): warning:  #1-D: last line of file ends without a newline
      
..\bsp\dma\dma.h(25): warning:  #1-D: last line of file ends without a newline
  #endif
..\module\openmv\openmv.h(16): warning:  #1-D: last line of file ends without a newline
  #endif
..\application\arm\arm.c(69): warning:  #188-D: enumerated type mixed with another type
              MP3_broadcast(drought_buff[plant_cnt]);
..\application\arm\arm.c(196): warning:  #188-D: enumerated type mixed with another type
              water(get_OpenMV());
..\application\arm\arm.c(204): warning:  #188-D: enumerated type mixed with another type
              water(get_OpenMV());
..\application\arm\arm.c: 7 warnings, 0 errors
linking...
Program Size: Code=43852 RO-data=7124 RW-data=380 ZI-data=2780  
FromELF: creating hex file...
"..\OBJ\Template.axf" - 0 Error(s), 61 Warning(s).

<h2>Collection of Component include folders:</h2>
  D:\Github\Irrigation-robot\MAIN\USER\RTE
  D:\Downloads\keil5\ARM\PACK\Keil\STM32F4xx_DFP\2.16.0

<h2>Collection of Component Files used:</h2>
</pre>
</body>
</html>
