<html>
<body>
<pre>
<h1>µVision Build Log</h1>
<h2>Tool Versions:</h2>
IDE-Version: ¦ÌVision V5.14.0.0
Copyright (C) 2015 ARM Ltd and ARM Germany GmbH. All rights reserved.
License Information: 1 blue, 1, LIC=KRMW3-A0UJ4-KP6ZY-IPUDE-7XGR8-4HUFH
 
Tool Versions:
Toolchain:       MDK-ARM Standard  Version: 5.14.0.0
Toolchain Path:  D:\Downloads\keil5\ARM\ARMCC\Bin
C Compiler:      Armcc.exe V5.05 update 1 (build 106)
Assembler:       Armasm.exe V5.05 update 1 (build 106)
Linker/Locator:  ArmLink.exe V5.05 update 1 (build 106)
Library Manager: ArmAr.exe V5.05 update 1 (build 106)
Hex Converter:   FromElf.exe V5.05 update 1 (build 106)
CPU DLL:         SARMCM3.DLL V5.14.0.0
Dialog DLL:      DCM.DLL V1.13.1.0
Target DLL:      CMSIS_AGDI.dll V1.21.0.0
Dialog DLL:      TCM.DLL V1.14.4.0
 
<h2>Project:</h2>
D:\Github\Irrigation-robot\MAIN\USER\Template.uvprojx
Project File Date:  06/16/2024

<h2>Output:</h2>
Build target 'Template'
compiling chassis.c...
..\bsp\gpio\gpio.h(44): warning:  #1295-D: Deprecated declaration Key_GPIO_Init - give arg types
  void Key_GPIO_Init();
..\bsp\gpio\gpio.h(72): warning:  #1-D: last line of file ends without a newline
        
..\bsp\iic\iic.h(12): warning:  #1-D: last line of file ends without a newline
      
..\application\chassis\chassis.c(76): warning:  #177-D: variable "cnt" was declared but never referenced
      static int cnt = 0; // cnt is for controlling the update of inner ring be 10 times of the outer ring
..\application\chassis\chassis.c(87): warning:  #940-D: missing return statement at end of non-void function "chassis_run"
  }
..\application\chassis\chassis.c(115): warning:  #1-D: last line of file ends without a newline
  // }
..\application\chassis\chassis.c: 6 warnings, 0 errors
linking...
Program Size: Code=22512 RO-data=568 RW-data=200 ZI-data=2152  
FromELF: creating hex file...
"..\OBJ\Template.axf" - 0 Error(s), 6 Warning(s).

<h2>Collection of Component include folders:</h2>
  D:\Github\Irrigation-robot\MAIN\USER\RTE
  D:\Downloads\keil5\ARM\PACK\Keil\STM32F4xx_DFP\2.16.0

<h2>Collection of Component Files used:</h2>
</pre>
</body>
</html>
